[ 68-09-29 ][ 13:24:13 ]Serial Port : COM3
[ 68-09-29 ][ 13:24:13 ]BaudRate : 57600
[ 68-09-29 ][ 13:24:13 ]Port Open
[ 68-09-29 ][ 13:24:15 ]R->#|R|0|$
[ 68-09-29 ][ 13:26:28 ]Serial Port : COM3
[ 68-09-29 ][ 13:26:28 ]BaudRate : 57600
[ 68-09-29 ][ 13:26:28 ]Port Open
[ 68-09-29 ][ 13:33:05 ]Serial Port : COM3
[ 68-09-29 ][ 13:33:05 ]BaudRate : 57600
[ 68-09-29 ][ 13:33:05 ]Port Open
[ 68-09-29 ][ 13:36:17 ]Serial Port : COM3
[ 68-09-29 ][ 13:36:17 ]BaudRate : 57600
[ 68-09-29 ][ 13:36:17 ]Port Open
[ 68-09-29 ][ 13:37:11 ]Serial Port : COM3
[ 68-09-29 ][ 13:37:11 ]BaudRate : 57600
[ 68-09-29 ][ 13:37:11 ]Port Open
[ 68-09-29 ][ 13:39:39 ]Serial Port : COM3
[ 68-09-29 ][ 13:39:39 ]BaudRate : 57600
[ 68-09-29 ][ 13:39:39 ]Port Open
[ 68-09-29 ][ 13:44:24 ]Serial Port : COM3
[ 68-09-29 ][ 13:44:24 ]BaudRate : 57600
[ 68-09-29 ][ 13:44:24 ]Port Open
[ 68-09-29 ][ 13:44:28 ]Serial Port : COM3
[ 68-09-29 ][ 13:44:28 ]BaudRate : 57600
[ 68-09-29 ][ 13:44:31 ]Serial Port : COM3
[ 68-09-29 ][ 13:44:31 ]BaudRate : 57600
[ 68-09-29 ][ 13:44:48 ]Serial Port : COM3
[ 68-09-29 ][ 13:44:48 ]BaudRate : 57600
[ 68-09-29 ][ 13:44:48 ]Port Open
[ 68-09-29 ][ 13:51:04 ]Serial Port : COM3
[ 68-09-29 ][ 13:51:04 ]BaudRate : 57600
[ 68-09-29 ][ 13:51:04 ]Port Open
[ 68-09-29 ][ 13:51:07 ]Serial Port : COM3
[ 68-09-29 ][ 13:51:07 ]BaudRate : 57600
[ 68-09-29 ][ 13:52:38 ]Serial Port : COM3
[ 68-09-29 ][ 13:52:38 ]BaudRate : 57600
[ 68-09-29 ][ 13:52:38 ]Port Open
[ 68-09-29 ][ 13:52:40 ]Serial Port : COM3
[ 68-09-29 ][ 13:52:40 ]BaudRate : 57600
[ 68-09-29 ][ 13:58:55 ]Serial Port : COM3
[ 68-09-29 ][ 13:58:55 ]BaudRate : 57600
[ 68-09-29 ][ 13:58:55 ]Port Open
[ 68-09-29 ][ 13:59:01 ]Q_SetLED->1 #|B|1|1|255|0|0|$
[ 68-09-29 ][ 13:59:04 ]Send->0#|B|1|1|255|0|0|$
[ 68-09-29 ][ 14:01:31 ]Serial Port : COM3
[ 68-09-29 ][ 14:01:31 ]BaudRate : 57600
[ 68-09-29 ][ 14:01:31 ]Port Open
[ 68-09-29 ][ 14:01:41 ]Q_SetLED->1 #|B|1|1|255|0|0|$
[ 68-09-29 ][ 14:01:56 ]Send->0#|B|1|1|255|0|0|$
[ 68-09-29 ][ 14:02:47 ]Serial Port : COM3
[ 68-09-29 ][ 14:02:47 ]BaudRate : 57600
[ 68-09-29 ][ 14:02:47 ]Port Open
[ 68-09-29 ][ 14:02:51 ]Q_SetLED->1 #|B|1|1|255|0|0|$
[ 68-09-29 ][ 14:02:51 ]Send->0#|B|1|1|255|0|0|$
[ 68-09-29 ][ 14:03:08 ]R->#|U|1|1|0|$
[ 68-09-29 ][ 14:03:28 ]Serial Port : COM3
[ 68-09-29 ][ 14:03:28 ]BaudRate : 57600
[ 68-09-29 ][ 14:03:28 ]Port Open
[ 68-09-29 ][ 14:03:33 ]Q_SetLED->1 #|B|1|1|255|0|0|$
[ 68-09-29 ][ 14:03:33 ]Send->0#|B|1|1|255|0|0|$
[ 68-09-29 ][ 14:03:38 ]R->#|U|1|1|0|$
[ 68-09-29 ][ 14:03:46 ]Q_SetLED->1 #|B|1|1|255|0|0|$
[ 68-09-29 ][ 14:03:46 ]Send->0#|B|1|1|255|0|0|$
[ 68-09-29 ][ 14:04:17 ]R->#|U|1|1|0|$
[ 68-09-29 ][ 14:04:34 ]Q_SetLED->1 #|B|1|1|255|0|0|$
[ 68-09-29 ][ 14:04:34 ]Send->0#|B|1|1|255|0|0|$
[ 68-09-29 ][ 14:04:38 ]R->#|U|1|1|0|$
[ 68-09-29 ][ 14:04:39 ]Q_SetLED->1 #|B|1|1|255|0|0|$
[ 68-09-29 ][ 14:04:40 ]Send->0#|B|1|1|255|0|0|$
[ 68-09-29 ][ 14:04:40 ]R->#|U|1|1|0|$
[ 68-09-29 ][ 14:06:05 ]Serial Port : COM3
[ 68-09-29 ][ 14:06:05 ]BaudRate : 57600
[ 68-09-29 ][ 14:06:06 ]Port Open
[ 68-09-29 ][ 14:06:10 ]Q_SetLED->1 #|B|1|0|255|0|0|$
[ 68-09-29 ][ 14:06:10 ]Send->0#|B|1|0|255|0|0|$
[ 68-09-29 ][ 14:06:12 ]R->#|U|1|0|0|$
[ 68-09-29 ][ 14:06:16 ]Q_SetLED->1 #|B|1|0|255|0|0|$
[ 68-09-29 ][ 14:06:16 ]Send->0#|B|1|0|255|0|0|$
[ 68-09-29 ][ 14:06:21 ]Q_SetLED->1 #|B|1|0|255|0|0|$
[ 68-09-29 ][ 14:06:21 ]Send->0#|B|1|0|255|0|0|$
[ 68-09-29 ][ 14:09:10 ]Serial Port : COM3
[ 68-09-29 ][ 14:09:10 ]BaudRate : 57600
[ 68-09-29 ][ 14:09:10 ]Port Open
[ 68-09-29 ][ 14:09:48 ]Q_SetLED->1 #|B|1|0|255|0|0|$
[ 68-09-29 ][ 14:09:51 ]Send->0#|B|1|0|255|0|0|$
[ 68-09-29 ][ 14:09:55 ]Serial Port : COM3
[ 68-09-29 ][ 14:09:55 ]BaudRate : 57600
[ 68-09-29 ][ 14:09:55 ]Port Open
[ 68-09-29 ][ 14:10:02 ]Q_SetLED->1 #|B|1|0|255|0|0|$
[ 68-09-29 ][ 14:10:02 ]Send->0#|B|1|0|255|0|0|$
[ 68-09-29 ][ 15:06:21 ]Serial Port : COM3
[ 68-09-29 ][ 15:06:21 ]BaudRate : 57600
[ 68-09-29 ][ 15:06:21 ]Port Open
[ 68-09-29 ][ 15:22:06 ]Serial Port : COM3
[ 68-09-29 ][ 15:22:06 ]BaudRate : 57600
[ 68-09-29 ][ 15:22:06 ]Port Open
[ 68-09-29 ][ 15:23:10 ]Serial Port : COM3
[ 68-09-29 ][ 15:23:10 ]BaudRate : 57600
[ 68-09-29 ][ 15:23:10 ]Port Open
[ 68-09-29 ][ 15:27:27 ]Serial Port : COM3
[ 68-09-29 ][ 15:27:27 ]BaudRate : 57600
[ 68-09-29 ][ 15:27:27 ]Port Open
[ 68-09-29 ][ 15:52:50 ]Serial Port : COM3
[ 68-09-29 ][ 15:52:50 ]BaudRate : 57600
[ 68-09-29 ][ 15:52:50 ]Port Open
[ 68-09-29 ][ 15:56:58 ]Serial Port : COM3
[ 68-09-29 ][ 15:56:58 ]BaudRate : 57600
[ 68-09-29 ][ 15:56:58 ]Port Open
[ 68-09-29 ][ 16:00:28 ]Serial Port : COM3
[ 68-09-29 ][ 16:00:28 ]BaudRate : 57600
[ 68-09-29 ][ 16:00:28 ]Port Open
[ 68-09-29 ][ 16:02:09 ]Q_SetLED->1 #|B|1|0|255|0|0|$
[ 68-09-29 ][ 16:02:31 ]Send->0#|B|1|0|255|0|0|$
[ 68-09-29 ][ 16:02:40 ]R->#|U|1|0|0|$
[ 68-09-29 ][ 16:02:43 ]Q_SetLED->1 #|B|1|0|255|0|0|$
[ 68-09-29 ][ 16:02:43 ]Send->0#|B|1|0|255|0|0|$
[ 68-09-29 ][ 16:03:02 ]Serial Port : COM3
[ 68-09-29 ][ 16:03:02 ]BaudRate : 57600
[ 68-09-29 ][ 16:03:02 ]Port Open
[ 68-09-29 ][ 16:03:25 ]Q_SetLED->1 #|B|1|4|255|0|0|$
[ 68-09-29 ][ 16:03:25 ]Send->0#|B|1|4|255|0|0|$
[ 68-09-29 ][ 16:03:33 ]R->#|U|1|0|0|$
[ 68-09-29 ][ 16:03:34 ]R->#|U|1|4|0|$
[ 68-09-29 ][ 16:03:41 ]Q_SetLED->1 #|B|1|2|255|0|0|$
[ 68-09-29 ][ 16:03:41 ]Send->0#|B|1|2|255|0|0|$
[ 68-09-29 ][ 16:03:43 ]R->#|U|1|2|0|$
[ 68-09-29 ][ 16:03:48 ]Q_SetLED->1 #|B|1|4|255|0|0|$
[ 68-09-29 ][ 16:03:48 ]Send->0#|B|1|4|255|0|0|$
[ 68-09-29 ][ 16:03:51 ]R->#|U|1|4|0|$
[ 68-09-29 ][ 16:04:17 ]Serial Port : COM3
[ 68-09-29 ][ 16:04:17 ]BaudRate : 57600
[ 68-09-29 ][ 16:04:17 ]Port Open
[ 68-09-29 ][ 16:04:35 ]Serial Port : COM3
[ 68-09-29 ][ 16:04:35 ]BaudRate : 57600
[ 68-09-29 ][ 16:04:35 ]Port Open
[ 68-09-29 ][ 16:04:52 ]Q_SetLED->1 #|B|1|4|255|0|0|$
[ 68-09-29 ][ 16:04:52 ]Send->0#|B|1|4|255|0|0|$
[ 68-09-29 ][ 16:04:58 ]R->#|U|1|4|0|$
[ 68-09-29 ][ 16:11:46 ]Serial Port : COM3
[ 68-09-29 ][ 16:11:46 ]BaudRate : 57600
[ 68-09-29 ][ 16:11:46 ]Port Open
[ 68-09-29 ][ 16:11:51 ]Q_SetLED->1 #|B|1|4|255|0|0|$
[ 68-09-29 ][ 16:11:51 ]Send->0#|B|1|4|255|0|0|$
[ 68-09-29 ][ 16:15:11 ]Serial Port : COM3
[ 68-09-29 ][ 16:15:11 ]BaudRate : 57600
[ 68-09-29 ][ 16:15:11 ]Port Open
[ 68-09-29 ][ 16:15:16 ]Q_SetLED->1 #|B|1|4|255|0|0|$
[ 68-09-29 ][ 16:15:16 ]Send->0#|B|1|4|255|0|0|$
[ 68-09-29 ][ 16:16:25 ]Serial Port : COM3
[ 68-09-29 ][ 16:16:25 ]BaudRate : 57600
[ 68-09-29 ][ 16:16:25 ]Port Open
[ 68-09-29 ][ 17:17:39 ]Serial Port : COM3
[ 68-09-29 ][ 17:17:39 ]BaudRate : 57600
[ 68-09-29 ][ 17:17:39 ]Port Open
[ 68-09-29 ][ 17:17:44 ]Q_SetLED->1 #|B|1|4|255|0|0|$
[ 68-09-29 ][ 17:17:44 ]Send->0#|B|1|4|255|0|0|$
[ 68-09-29 ][ 17:18:58 ]Serial Port : COM3
[ 68-09-29 ][ 17:18:58 ]BaudRate : 57600
[ 68-09-29 ][ 17:18:58 ]Port Open
[ 68-09-29 ][ 17:19:06 ]Serial Port : COM3
[ 68-09-29 ][ 17:19:06 ]BaudRate : 57600
[ 68-09-29 ][ 17:19:07 ]Port Open
[ 68-09-29 ][ 17:19:11 ]Q_SetLED->1 #|B|1|4|255|0|0|$
[ 68-09-29 ][ 17:19:11 ]Send->0#|B|1|4|255|0|0|$
[ 68-09-29 ][ 17:20:02 ]Serial Port : COM3
[ 68-09-29 ][ 17:20:02 ]BaudRate : 57600
[ 68-09-29 ][ 17:20:02 ]Port Open
[ 68-09-29 ][ 17:20:06 ]Q_SetLED->1 #|B|1|4|255|0|0|$
[ 68-09-29 ][ 17:20:07 ]Send->0#|B|1|4|255|0|0|$
[ 68-09-29 ][ 17:21:41 ]Serial Port : COM3
[ 68-09-29 ][ 17:21:41 ]BaudRate : 57600
[ 68-09-29 ][ 17:21:41 ]Port Open
[ 68-09-29 ][ 17:21:44 ]Q_SetLED->1 #|B|1|4|255|0|0|$
[ 68-09-29 ][ 17:21:44 ]Send->0#|B|1|4|255|0|0|$
[ 68-09-29 ][ 17:22:20 ]Q_SetLED->1 #|B|1|4|255|0|0|$
[ 68-09-29 ][ 17:22:20 ]Send->0#|B|1|4|255|0|0|$
[ 68-09-29 ][ 17:37:48 ]Serial Port : COM3
[ 68-09-29 ][ 17:37:48 ]BaudRate : 57600
[ 68-09-29 ][ 17:37:48 ]Port Open
[ 68-09-29 ][ 17:38:23 ]Serial Port : COM3
[ 68-09-29 ][ 17:38:23 ]BaudRate : 57600
[ 68-09-29 ][ 17:38:23 ]Port Open
[ 68-09-29 ][ 17:38:32 ]R->#|U|1|4|0|$
[ 68-09-29 ][ 17:38:47 ]Serial Port : COM3
[ 68-09-29 ][ 17:38:47 ]BaudRate : 57600
[ 68-09-29 ][ 17:38:47 ]Port Open
[ 68-09-29 ][ 17:39:03 ]Q_SetLED->1 #|B|1|4|255|0|0|$
[ 68-09-29 ][ 17:39:03 ]Send->0#|B|1|4|255|0|0|$
[ 68-09-29 ][ 17:40:48 ]Serial Port : COM3
[ 68-09-29 ][ 17:40:48 ]BaudRate : 57600
[ 68-09-29 ][ 17:40:48 ]Port Open
[ 68-09-29 ][ 17:40:56 ]Q_SetLED->1 #|B|1|4|255|0|0|$
[ 68-09-29 ][ 17:40:57 ]Send->0#|B|1|4|255|0|0|$
[ 68-09-29 ][ 17:41:20 ]Q_SetLED->1 #|B|1|2|255|0|0|$
[ 68-09-29 ][ 17:41:20 ]Send->0#|B|1|2|255|0|0|$
[ 68-09-29 ][ 17:41:45 ]R->#|U|1|2|0|$
[ 68-09-29 ][ 17:41:46 ]R->#|U|1|4|0|$
[ 68-09-29 ][ 17:42:24 ]Q_SetLED->1 #|B|1|4|255|0|0|$
[ 68-09-29 ][ 17:42:24 ]Send->0#|B|1|4|255|0|0|$
[ 68-09-29 ][ 17:42:33 ]Q_SetLED->1 #|B|1|4|255|0|0|$
[ 68-09-29 ][ 17:42:34 ]Send->0#|B|1|4|255|0|0|$
[ 68-09-29 ][ 17:42:38 ]Q_SetLED->1 #|B|1|4|255|0|0|$
[ 68-09-29 ][ 17:42:38 ]Send->0#|B|1|4|255|0|0|$
[ 68-09-29 ][ 17:42:44 ]Q_SetLED->1 #|B|1|4|255|0|0|$
[ 68-09-29 ][ 17:42:45 ]Send->0#|B|1|4|255|0|0|$
[ 68-09-29 ][ 17:43:20 ]R->#|U|1|4|0|$
[ 68-09-29 ][ 17:43:35 ]Q_SetLED->1 #|B|1|4|255|0|0|$
[ 68-09-29 ][ 17:43:36 ]Send->0#|B|1|4|255|0|0|$
