[ 68-09-30 ][ 09:35:50 ]Serial Port : COM3
[ 68-09-30 ][ 09:35:50 ]BaudRate : 57600
[ 68-09-30 ][ 10:11:59 ]Serial Port : COM3
[ 68-09-30 ][ 10:11:59 ]BaudRate : 57600
[ 68-09-30 ][ 10:11:59 ]Port Open
[ 68-09-30 ][ 10:12:00 ]R->#|R|0|$
[ 68-09-30 ][ 10:12:05 ]Q_SetLED->1 #|B|1|4|255|0|0|$
[ 68-09-30 ][ 10:12:05 ]Send->0#|B|1|4|255|0|0|$
[ 68-09-30 ][ 11:53:27 ]Serial Port : COM3
[ 68-09-30 ][ 11:53:27 ]BaudRate : 57600
[ 68-09-30 ][ 11:53:27 ]Port Open
[ 68-09-30 ][ 11:53:45 ]Serial Port : COM3
[ 68-09-30 ][ 11:53:45 ]BaudRate : 57600
[ 68-09-30 ][ 11:53:45 ]Port Open
[ 68-09-30 ][ 11:55:45 ]Serial Port : COM3
[ 68-09-30 ][ 11:55:45 ]BaudRate : 57600
[ 68-09-30 ][ 11:55:45 ]Port Open
[ 68-09-30 ][ 11:58:31 ]Serial Port : COM3
[ 68-09-30 ][ 11:58:31 ]BaudRate : 57600
[ 68-09-30 ][ 11:58:31 ]Port Open
