[ 68-11-25 ][ 09:07:08 ]Serial Port : COM3
[ 68-11-25 ][ 09:07:08 ]BaudRate : 57600
[ 68-11-25 ][ 09:09:01 ]Serial Port : COM3
[ 68-11-25 ][ 09:09:01 ]BaudRate : 57600
[ 68-11-25 ][ 09:09:22 ]Serial Port : COM3
[ 68-11-25 ][ 09:09:22 ]BaudRate : 57600
[ 68-11-25 ][ 09:11:54 ]Serial Port : COM3
[ 68-11-25 ][ 09:11:54 ]BaudRate : 57600
[ 68-11-25 ][ 09:12:04 ]Q_Order->1 #|L|5|2|1|P20|test|01-01-1486|991|0|255|0|$
[ 68-11-25 ][ 09:12:04 ]Q_Order->2 #|L|2|4|1|P38|test|01-01-1486|986|0|255|0|$
[ 68-11-25 ][ 09:12:04 ]Q_Order->3 #|L|6|2|1|P15|test|01-01-1486|995|0|255|0|$
[ 68-11-25 ][ 09:12:04 ]Q_Order->4 #|L|2|2|1|P36|test|01-01-1486|997|0|255|0|$
[ 68-11-25 ][ 09:12:07 ]Q_SetEEprom->5 #|E|5|5|2|ALCOHOL70% 60 ML|||P20|$
[ 68-11-25 ][ 09:12:07 ]Q_SetEEprom->6 #|E|5|5|2|ALCOHOL70% 60 ML|||P20|$
[ 68-11-25 ][ 09:12:09 ]Q_SetEEprom->7 #|E|2|2|4|AMLODIPINE EXTEMP 1MG/ML 60ML|||P38|$
[ 68-11-25 ][ 09:12:09 ]Q_SetEEprom->8 #|E|2|2|4|AMLODIPINE EXTEMP 1MG/ML 60ML|||P38|$
[ 68-11-25 ][ 09:12:10 ]Q_SetEEprom->9 #|E|6|6|2|10%POVIDONE IODINE SOL 30ML|||P15|$
[ 68-11-25 ][ 09:12:10 ]Q_SetEEprom->10 #|E|6|6|2|10%POVIDONE IODINE SOL 30ML|||P15|$
[ 68-11-25 ][ 09:12:11 ]Q_SetEEprom->11 #|E|2|2|2|HYDROCHLOROTHIAZIDE EXTEMP 10MG/ML 15ML|||P36|$
[ 68-11-25 ][ 09:12:11 ]Q_SetEEprom->12 #|E|2|2|2|HYDROCHLOROTHIAZIDE EXTEMP 10MG/ML 15ML|||P36|$
[ 68-11-25 ][ 09:13:36 ]Serial Port : COM3
[ 68-11-25 ][ 09:13:36 ]BaudRate : 57600
[ 68-11-25 ][ 09:13:45 ]Q_Order->1 #|L|5|2|1|P20|test|01-01-1486|990|0|255|0|$
[ 68-11-25 ][ 09:13:45 ]Q_Order->2 #|L|2|4|1|P38|test|01-01-1486|985|0|255|0|$
[ 68-11-25 ][ 09:13:45 ]Q_Order->3 #|L|6|2|1|P15|test|01-01-1486|994|0|255|0|$
[ 68-11-25 ][ 09:13:45 ]Q_Order->4 #|L|2|2|1|P36|test|01-01-1486|996|0|255|0|$
[ 68-11-25 ][ 09:13:47 ]Q_SetEEprom->5 #|E|5|5|2|ALCOHOL70% 60 ML|||P20|$
[ 68-11-25 ][ 09:13:47 ]Q_SetEEprom->6 #|E|5|5|2|ALCOHOL70% 60 ML|||P20|$
[ 68-11-25 ][ 09:13:48 ]Q_SetEEprom->7 #|E|2|2|4|AMLODIPINE EXTEMP 1MG/ML 60ML|||P38|$
[ 68-11-25 ][ 09:13:48 ]Q_SetEEprom->8 #|E|2|2|4|AMLODIPINE EXTEMP 1MG/ML 60ML|||P38|$
[ 68-11-25 ][ 09:13:49 ]Q_SetEEprom->9 #|E|6|6|2|10%POVIDONE IODINE SOL 30ML|||P15|$
[ 68-11-25 ][ 09:13:49 ]Q_SetEEprom->10 #|E|6|6|2|10%POVIDONE IODINE SOL 30ML|||P15|$
[ 68-11-25 ][ 09:13:50 ]Q_SetEEprom->11 #|E|2|2|2|HYDROCHLOROTHIAZIDE EXTEMP 10MG/ML 15ML|||P36|$
[ 68-11-25 ][ 09:13:50 ]Q_SetEEprom->12 #|E|2|2|2|HYDROCHLOROTHIAZIDE EXTEMP 10MG/ML 15ML|||P36|$
[ 68-11-25 ][ 09:17:06 ]Serial Port : COM3
[ 68-11-25 ][ 09:17:06 ]BaudRate : 57600
[ 68-11-25 ][ 09:17:06 ]Port Open
[ 68-11-25 ][ 09:17:08 ]R->#|R|0|$
[ 68-11-25 ][ 09:17:39 ]Q_Order->1 #|L|5|2|1|P20|test|01-01-1486|989|0|255|0|$
[ 68-11-25 ][ 09:17:39 ]Q_Order->2 #|L|2|4|1|P38|test|01-01-1486|984|0|255|0|$
[ 68-11-25 ][ 09:17:39 ]Q_Order->3 #|L|6|2|1|P15|test|01-01-1486|993|0|255|0|$
[ 68-11-25 ][ 09:17:39 ]Q_Order->4 #|L|2|2|1|P36|test|01-01-1486|995|0|255|0|$
[ 68-11-25 ][ 09:17:39 ]Send->3#|L|5|2|1| |test|01-01-1486|989|0|255|0|$
[ 68-11-25 ][ 09:17:40 ]Send->2#|L|2|4|1| |test|01-01-1486|984|0|255|0|$
[ 68-11-25 ][ 09:17:53 ]Send->0#|L|2|2|1| |test|01-01-1486|995|0|255|0|$
[ 68-11-25 ][ 09:17:53 ]Send->0#|L|2|2|1| |test|01-01-1486|995|0|255|0|$
[ 68-11-25 ][ 09:17:54 ]Send->0#|L|6|2|1| |test|01-01-1486|993|0|255|0|$
[ 68-11-25 ][ 09:18:05 ]Q_SetEEprom->1 #|E|5|5|2|ALCOHOL70% 60 ML|||P20|$
[ 68-11-25 ][ 09:18:05 ]Q_SetEEprom->2 #|E|5|5|2|ALCOHOL70% 60 ML|||P20|$
[ 68-11-25 ][ 09:18:07 ]Send->1#|E|5|5|2|ALCOHOL70% 60 ML|||P20|$
[ 68-11-25 ][ 09:18:08 ]Send->0#|E|5|5|2|ALCOHOL70% 60 ML|||P20|$
[ 68-11-25 ][ 09:19:09 ]Serial Port : COM3
[ 68-11-25 ][ 09:19:09 ]BaudRate : 57600
[ 68-11-25 ][ 09:19:09 ]Port Open
[ 68-11-25 ][ 09:19:14 ]Q_Order->1 #|L|2|4|1|P38|test|01-01-1486|984|0|255|0|$
[ 68-11-25 ][ 09:19:14 ]Q_Order->2 #|L|6|2|1|P15|test|01-01-1486|993|0|255|0|$
[ 68-11-25 ][ 09:19:14 ]Q_Order->3 #|L|2|2|1|P36|test|01-01-1486|995|0|255|0|$
[ 68-11-25 ][ 09:19:14 ]Send->2#|L|2|4|1| |test|01-01-1486|984|0|255|0|$
[ 68-11-25 ][ 09:19:14 ]Send->1#|L|6|2|1| |test|01-01-1486|993|0|255|0|$
[ 68-11-25 ][ 09:19:18 ]Send->0#|L|2|2|1| |test|01-01-1486|995|0|255|0|$
[ 68-11-25 ][ 09:19:24 ]Q_SetEEprom->1 #|E|2|2|4|AMLODIPINE EXTEMP 1MG/ML 60ML|||P38|$
[ 68-11-25 ][ 09:19:24 ]Q_SetEEprom->2 #|E|2|2|4|AMLODIPINE EXTEMP 1MG/ML 60ML|||P38|$
[ 68-11-25 ][ 09:19:25 ]Send->1#|E|2|2|4|AMLODIPINE EXTEMP 1MG/ML 60ML|||P38|$
[ 68-11-25 ][ 09:19:26 ]Send->0#|E|2|2|4|AMLODIPINE EXTEMP 1MG/ML 60ML|||P38|$
[ 68-11-25 ][ 09:19:39 ]Q_SetEEprom->1 #|E|6|6|2|10%POVIDONE IODINE SOL 30ML|||P15|$
[ 68-11-25 ][ 09:19:39 ]Q_SetEEprom->2 #|E|6|6|2|10%POVIDONE IODINE SOL 30ML|||P15|$
[ 68-11-25 ][ 09:19:41 ]Send->1#|E|6|6|2|10%POVIDONE IODINE SOL 30ML|||P15|$
[ 68-11-25 ][ 09:19:42 ]Send->0#|E|6|6|2|10%POVIDONE IODINE SOL 30ML|||P15|$
[ 68-11-25 ][ 09:19:50 ]Q_SetEEprom->1 #|E|2|2|2|HYDROCHLOROTHIAZIDE EXTEMP 10MG/ML 15ML|||P36|$
[ 68-11-25 ][ 09:19:50 ]Q_SetEEprom->2 #|E|2|2|2|HYDROCHLOROTHIAZIDE EXTEMP 10MG/ML 15ML|||P36|$
[ 68-11-25 ][ 09:19:51 ]Send->1#|E|2|2|2|HYDROCHLOROTHIAZIDE EXTEMP 10MG/ML 15ML|||P36|$
[ 68-11-25 ][ 09:19:55 ]Send->0#|E|2|2|2|HYDROCHLOROTHIAZIDE EXTEMP 10MG/ML 15ML|||P36|$
[ 68-11-25 ][ 09:20:20 ]Q_Order->1 #|L|5|2|1|P20|test|01-01-1486|988|0|255|0|$
[ 68-11-25 ][ 09:20:20 ]Send->0#|L|5|2|1| |test|01-01-1486|988|0|255|0|$
[ 68-11-25 ][ 09:20:27 ]Q_SetEEprom->1 #|E|5|5|2|ALCOHOL70% 60 ML|||P20|$
[ 68-11-25 ][ 09:20:27 ]Q_SetEEprom->2 #|E|5|5|2|ALCOHOL70% 60 ML|||P20|$
[ 68-11-25 ][ 09:20:28 ]Send->1#|E|5|5|2|ALCOHOL70% 60 ML|||P20|$
[ 68-11-25 ][ 09:20:28 ]Send->0#|E|5|5|2|ALCOHOL70% 60 ML|||P20|$
[ 68-11-25 ][ 09:20:38 ]Q_Order->1 #|L|5|2|1|P20|test|01-01-1486|987|0|255|0|$
[ 68-11-25 ][ 09:20:38 ]Q_Order->2 #|L|2|4|1|P38|test|01-01-1486|983|0|255|0|$
[ 68-11-25 ][ 09:20:38 ]Q_Order->3 #|L|6|2|1|P15|test|01-01-1486|992|0|255|0|$
[ 68-11-25 ][ 09:20:38 ]Q_Order->4 #|L|2|2|1|P36|test|01-01-1486|994|0|255|0|$
[ 68-11-25 ][ 09:20:38 ]Send->3#|L|5|2|1| |test|01-01-1486|987|0|255|0|$
[ 68-11-25 ][ 09:20:39 ]Q_SetEEprom->4 #|E|5|5|2|ALCOHOL70% 60 ML|||P20|$
[ 68-11-25 ][ 09:20:39 ]Q_SetEEprom->5 #|E|5|5|2|ALCOHOL70% 60 ML|||P20|$
[ 68-11-25 ][ 09:20:39 ]Send->4#|L|2|4|1| |test|01-01-1486|983|0|255|0|$
[ 68-11-25 ][ 09:20:40 ]Q_SetEEprom->5 #|E|2|2|4|AMLODIPINE EXTEMP 1MG/ML 60ML|||P38|$
[ 68-11-25 ][ 09:20:40 ]Q_SetEEprom->6 #|E|2|2|4|AMLODIPINE EXTEMP 1MG/ML 60ML|||P38|$
[ 68-11-25 ][ 09:20:40 ]Send->5#|L|6|2|1| |test|01-01-1486|992|0|255|0|$
[ 68-11-25 ][ 09:20:40 ]Q_SetEEprom->6 #|E|6|6|2|10%POVIDONE IODINE SOL 30ML|||P15|$
[ 68-11-25 ][ 09:20:40 ]Q_SetEEprom->7 #|E|6|6|2|10%POVIDONE IODINE SOL 30ML|||P15|$
[ 68-11-25 ][ 09:20:41 ]Send->6#|L|2|2|1| |test|01-01-1486|994|0|255|0|$
[ 68-11-25 ][ 09:20:41 ]Send->5#|E|5|5|2|ALCOHOL70% 60 ML|||P20|$
[ 68-11-25 ][ 09:20:41 ]Q_SetEEprom->6 #|E|2|2|2|HYDROCHLOROTHIAZIDE EXTEMP 10MG/ML 15ML|||P36|$
[ 68-11-25 ][ 09:20:41 ]Q_SetEEprom->7 #|E|2|2|2|HYDROCHLOROTHIAZIDE EXTEMP 10MG/ML 15ML|||P36|$
[ 68-11-25 ][ 09:20:42 ]Send->6#|E|5|5|2|ALCOHOL70% 60 ML|||P20|$
[ 68-11-25 ][ 09:20:43 ]Send->5#|E|2|2|4|AMLODIPINE EXTEMP 1MG/ML 60ML|||P38|$
[ 68-11-25 ][ 09:20:43 ]Send->4#|E|2|2|4|AMLODIPINE EXTEMP 1MG/ML 60ML|||P38|$
[ 68-11-25 ][ 09:20:44 ]Send->3#|E|6|6|2|10%POVIDONE IODINE SOL 30ML|||P15|$
[ 68-11-25 ][ 09:20:45 ]Send->2#|E|6|6|2|10%POVIDONE IODINE SOL 30ML|||P15|$
[ 68-11-25 ][ 09:20:45 ]Send->1#|E|2|2|2|HYDROCHLOROTHIAZIDE EXTEMP 10MG/ML 15ML|||P36|$
[ 68-11-25 ][ 09:20:46 ]Send->0#|E|2|2|2|HYDROCHLOROTHIAZIDE EXTEMP 10MG/ML 15ML|||P36|$
[ 68-11-25 ][ 09:20:52 ]Serial Port : COM3
[ 68-11-25 ][ 09:20:52 ]BaudRate : 57600
[ 68-11-25 ][ 09:20:52 ]Port Open
[ 68-11-25 ][ 09:22:02 ]Serial Port : COM3
[ 68-11-25 ][ 09:22:02 ]BaudRate : 57600
[ 68-11-25 ][ 09:22:02 ]Port Open
[ 68-11-25 ][ 09:22:09 ]Q_Order->1 #|L|5|2|1|P20|test|01-01-1486|986|0|255|0|$
[ 68-11-25 ][ 09:22:09 ]Q_Order->2 #|L|2|4|1|P38|test|01-01-1486|982|0|255|0|$
[ 68-11-25 ][ 09:22:09 ]Q_Order->3 #|L|6|2|1|P15|test|01-01-1486|991|0|255|0|$
[ 68-11-25 ][ 09:22:09 ]Q_Order->4 #|L|2|2|1|P36|test|01-01-1486|993|0|255|0|$
[ 68-11-25 ][ 09:22:10 ]Send->3#|L|5|2|1| |test|01-01-1486|986|0|255|0|$
[ 68-11-25 ][ 09:22:10 ]Send->2#|L|2|4|1| |test|01-01-1486|982|0|255|0|$
[ 68-11-25 ][ 09:22:11 ]Send->1#|L|6|2|1| |test|01-01-1486|991|0|255|0|$
[ 68-11-25 ][ 09:22:12 ]Send->0#|L|2|2|1| |test|01-01-1486|993|0|255|0|$
[ 68-11-25 ][ 09:22:12 ]Q_SetEEprom->1 #|E|2|2|2|HYDROCHLOROTHIAZIDE EXTEMP 10MG/ML 15ML|||P36|$
[ 68-11-25 ][ 09:22:12 ]Q_SetEEprom->2 #|E|2|2|2|HYDROCHLOROTHIAZIDE EXTEMP 10MG/ML 15ML|||P36|$
[ 68-11-25 ][ 09:22:12 ]Send->1#|E|2|2|2|HYDROCHLOROTHIAZIDE EXTEMP 10MG/ML 15ML|||P36|$
[ 68-11-25 ][ 09:22:13 ]Q_SetEEprom->2 #|E|6|6|2|10%POVIDONE IODINE SOL 30ML|||P15|$
[ 68-11-25 ][ 09:22:13 ]Q_SetEEprom->3 #|E|6|6|2|10%POVIDONE IODINE SOL 30ML|||P15|$
[ 68-11-25 ][ 09:22:13 ]Send->2#|E|2|2|2|HYDROCHLOROTHIAZIDE EXTEMP 10MG/ML 15ML|||P36|$
[ 68-11-25 ][ 09:22:14 ]Send->1#|E|6|6|2|10%POVIDONE IODINE SOL 30ML|||P15|$
[ 68-11-25 ][ 09:22:14 ]Q_SetEEprom->2 #|E|2|2|4|AMLODIPINE EXTEMP 1MG/ML 60ML|||P38|$
[ 68-11-25 ][ 09:22:14 ]Q_SetEEprom->3 #|E|2|2|4|AMLODIPINE EXTEMP 1MG/ML 60ML|||P38|$
[ 68-11-25 ][ 09:22:14 ]Send->2#|E|6|6|2|10%POVIDONE IODINE SOL 30ML|||P15|$
[ 68-11-25 ][ 09:22:15 ]Send->1#|E|2|2|4|AMLODIPINE EXTEMP 1MG/ML 60ML|||P38|$
[ 68-11-25 ][ 09:22:16 ]Q_SetEEprom->2 #|E|5|5|2|ALCOHOL70% 60 ML|||P20|$
[ 68-11-25 ][ 09:22:16 ]Q_SetEEprom->3 #|E|5|5|2|ALCOHOL70% 60 ML|||P20|$
[ 68-11-25 ][ 09:22:16 ]Send->2#|E|2|2|4|AMLODIPINE EXTEMP 1MG/ML 60ML|||P38|$
[ 68-11-25 ][ 09:22:17 ]Send->1#|E|5|5|2|ALCOHOL70% 60 ML|||P20|$
[ 68-11-25 ][ 09:22:17 ]Send->0#|E|5|5|2|ALCOHOL70% 60 ML|||P20|$
[ 68-11-25 ][ 09:22:31 ]Q_Order->1 #|L|5|2|1|P20|test|01-01-1486|985|0|255|0|$
[ 68-11-25 ][ 09:22:31 ]Q_Order->2 #|L|2|4|1|P38|test|01-01-1486|981|0|255|0|$
[ 68-11-25 ][ 09:22:31 ]Q_Order->3 #|L|6|2|1|P15|test|01-01-1486|990|0|255|0|$
[ 68-11-25 ][ 09:22:31 ]Q_Order->4 #|L|2|2|1|P36|test|01-01-1486|992|0|255|0|$
[ 68-11-25 ][ 09:22:31 ]Send->3#|L|5|2|1| |test|01-01-1486|985|0|255|0|$
[ 68-11-25 ][ 09:22:32 ]Send->2#|L|2|4|1| |test|01-01-1486|981|0|255|0|$
[ 68-11-25 ][ 09:22:33 ]Q_SetEEprom->3 #|E|5|5|2|ALCOHOL70% 60 ML|||P20|$
[ 68-11-25 ][ 09:22:33 ]Q_SetEEprom->4 #|E|5|5|2|ALCOHOL70% 60 ML|||P20|$
[ 68-11-25 ][ 09:22:33 ]Send->3#|L|6|2|1| |test|01-01-1486|990|0|255|0|$
[ 68-11-25 ][ 09:22:33 ]Q_SetEEprom->4 #|E|2|2|4|AMLODIPINE EXTEMP 1MG/ML 60ML|||P38|$
[ 68-11-25 ][ 09:22:33 ]Q_SetEEprom->5 #|E|2|2|4|AMLODIPINE EXTEMP 1MG/ML 60ML|||P38|$
[ 68-11-25 ][ 09:22:33 ]Send->4#|L|2|2|1| |test|01-01-1486|992|0|255|0|$
[ 68-11-25 ][ 09:22:34 ]Q_SetEEprom->5 #|E|6|6|2|10%POVIDONE IODINE SOL 30ML|||P15|$
[ 68-11-25 ][ 09:22:34 ]Q_SetEEprom->6 #|E|6|6|2|10%POVIDONE IODINE SOL 30ML|||P15|$
[ 68-11-25 ][ 09:22:34 ]Send->5#|E|5|5|2|ALCOHOL70% 60 ML|||P20|$
[ 68-11-25 ][ 09:22:35 ]Send->4#|E|5|5|2|ALCOHOL70% 60 ML|||P20|$
[ 68-11-25 ][ 09:22:36 ]Q_SetEEprom->5 #|E|2|2|2|HYDROCHLOROTHIAZIDE EXTEMP 10MG/ML 15ML|||P36|$
[ 68-11-25 ][ 09:22:36 ]Q_SetEEprom->6 #|E|2|2|2|HYDROCHLOROTHIAZIDE EXTEMP 10MG/ML 15ML|||P36|$
[ 68-11-25 ][ 09:22:36 ]Send->5#|E|2|2|4|AMLODIPINE EXTEMP 1MG/ML 60ML|||P38|$
[ 68-11-25 ][ 09:22:36 ]Send->4#|E|2|2|4|AMLODIPINE EXTEMP 1MG/ML 60ML|||P38|$
[ 68-11-25 ][ 09:22:37 ]Send->3#|E|6|6|2|10%POVIDONE IODINE SOL 30ML|||P15|$
[ 68-11-25 ][ 09:22:38 ]Send->2#|E|6|6|2|10%POVIDONE IODINE SOL 30ML|||P15|$
[ 68-11-25 ][ 09:22:38 ]Send->1#|E|2|2|2|HYDROCHLOROTHIAZIDE EXTEMP 10MG/ML 15ML|||P36|$
[ 68-11-25 ][ 09:22:39 ]Send->0#|E|2|2|2|HYDROCHLOROTHIAZIDE EXTEMP 10MG/ML 15ML|||P36|$
[ 68-11-25 ][ 09:23:30 ]Serial Port : COM3
[ 68-11-25 ][ 09:23:30 ]BaudRate : 57600
[ 68-11-25 ][ 09:23:30 ]Port Open
[ 68-11-25 ][ 09:23:41 ]Q_Order->1 #|L|5|2|1|P20|test|01-01-1486|984|0|255|0|$
[ 68-11-25 ][ 09:23:41 ]Q_Order->2 #|L|2|4|1|P38|test|01-01-1486|980|0|255|0|$
[ 68-11-25 ][ 09:23:41 ]Q_Order->3 #|L|6|2|1|P15|test|01-01-1486|989|0|255|0|$
[ 68-11-25 ][ 09:23:41 ]Q_Order->4 #|L|2|2|1|P36|test|01-01-1486|991|0|255|0|$
[ 68-11-25 ][ 09:23:41 ]Send->3#|L|5|2|1| |test|01-01-1486|984|0|255|0|$
[ 68-11-25 ][ 09:23:42 ]Send->2#|L|2|4|1| |test|01-01-1486|980|0|255|0|$
[ 68-11-25 ][ 09:23:42 ]Send->1#|L|6|2|1| |test|01-01-1486|989|0|255|0|$
[ 68-11-25 ][ 09:23:42 ]Q_SetEEprom->2 #|E|5|5|2|ALCOHOL70% 60 ML|||P20|$
[ 68-11-25 ][ 09:23:42 ]Q_SetEEprom->3 #|E|5|5|2|ALCOHOL70% 60 ML|||P20|$
[ 68-11-25 ][ 09:23:44 ]Send->2#|L|2|2|1| |test|01-01-1486|991|0|255|0|$
[ 68-11-25 ][ 09:23:45 ]Send->1#|E|5|5|2|ALCOHOL70% 60 ML|||P20|$
[ 68-11-25 ][ 09:23:46 ]Send->0#|E|5|5|2|ALCOHOL70% 60 ML|||P20|$
[ 68-11-25 ][ 09:23:47 ]Q_SetEEprom->1 #|E|2|2|4|AMLODIPINE EXTEMP 1MG/ML 60ML|||P38|$
[ 68-11-25 ][ 09:23:47 ]Q_SetEEprom->2 #|E|2|2|4|AMLODIPINE EXTEMP 1MG/ML 60ML|||P38|$
[ 68-11-25 ][ 09:23:54 ]Send->1#|E|2|2|4|AMLODIPINE EXTEMP 1MG/ML 60ML|||P38|$
[ 68-11-25 ][ 09:23:55 ]Send->0#|E|2|2|4|AMLODIPINE EXTEMP 1MG/ML 60ML|||P38|$
[ 68-11-25 ][ 09:23:56 ]Q_SetEEprom->1 #|E|6|6|2|10%POVIDONE IODINE SOL 30ML|||P15|$
[ 68-11-25 ][ 09:23:56 ]Q_SetEEprom->2 #|E|6|6|2|10%POVIDONE IODINE SOL 30ML|||P15|$
[ 68-11-25 ][ 09:23:58 ]Send->1#|E|6|6|2|10%POVIDONE IODINE SOL 30ML|||P15|$
[ 68-11-25 ][ 09:24:03 ]Send->0#|E|6|6|2|10%POVIDONE IODINE SOL 30ML|||P15|$
[ 68-11-25 ][ 09:24:15 ]Q_SetEEprom->1 #|E|2|2|2|HYDROCHLOROTHIAZIDE EXTEMP 10MG/ML 15ML|||P36|$
[ 68-11-25 ][ 09:24:15 ]Q_SetEEprom->2 #|E|2|2|2|HYDROCHLOROTHIAZIDE EXTEMP 10MG/ML 15ML|||P36|$
[ 68-11-25 ][ 09:24:15 ]Send->1#|E|2|2|2|HYDROCHLOROTHIAZIDE EXTEMP 10MG/ML 15ML|||P36|$
[ 68-11-25 ][ 09:24:23 ]Send->0#|E|2|2|2|HYDROCHLOROTHIAZIDE EXTEMP 10MG/ML 15ML|||P36|$
[ 68-11-25 ][ 09:28:27 ]Serial Port : COM3
[ 68-11-25 ][ 09:28:27 ]BaudRate : 57600
[ 68-11-25 ][ 09:28:27 ]Port Open
[ 68-11-25 ][ 09:28:32 ]Q_Order->1 #|L|5|2|1|P20|test|01-01-1486|983|0|255|0|$
[ 68-11-25 ][ 09:28:32 ]Q_Order->2 #|L|2|4|1|P38|test|01-01-1486|979|0|255|0|$
[ 68-11-25 ][ 09:28:32 ]Q_Order->3 #|L|6|2|1|P15|test|01-01-1486|988|0|255|0|$
[ 68-11-25 ][ 09:28:32 ]Q_Order->4 #|L|2|2|1|P36|test|01-01-1486|990|0|255|0|$
[ 68-11-25 ][ 09:28:32 ]Send->3#|L|5|2|1| |test|01-01-1486|983|0|255|0|$
[ 68-11-25 ][ 09:28:33 ]Send->2#|L|2|4|1| |test|01-01-1486|979|0|255|0|$
[ 68-11-25 ][ 09:28:34 ]Send->1#|L|6|2|1| |test|01-01-1486|988|0|255|0|$
[ 68-11-25 ][ 09:28:34 ]Send->0#|L|2|2|1| |test|01-01-1486|990|0|255|0|$
[ 68-11-25 ][ 09:28:35 ]Q_SetEEprom->1 #|E|2|2|2|HYDROCHLOROTHIAZIDE EXTEMP 10MG/ML 15ML|||P36|$
[ 68-11-25 ][ 09:28:35 ]Q_SetEEprom->2 #|E|2|2|2|HYDROCHLOROTHIAZIDE EXTEMP 10MG/ML 15ML|||P36|$
[ 68-11-25 ][ 09:28:35 ]Send->1#|E|2|2|2|HYDROCHLOROTHIAZIDE EXTEMP 10MG/ML 15ML|||P36|$
[ 68-11-25 ][ 09:28:36 ]Q_SetEEprom->2 #|E|6|6|2|10%POVIDONE IODINE SOL 30ML|||P15|$
[ 68-11-25 ][ 09:28:36 ]Q_SetEEprom->3 #|E|6|6|2|10%POVIDONE IODINE SOL 30ML|||P15|$
[ 68-11-25 ][ 09:28:36 ]Send->2#|E|2|2|2|HYDROCHLOROTHIAZIDE EXTEMP 10MG/ML 15ML|||P36|$
[ 68-11-25 ][ 09:28:36 ]Send->1#|E|6|6|2|10%POVIDONE IODINE SOL 30ML|||P15|$
[ 68-11-25 ][ 09:28:37 ]Q_SetEEprom->2 #|E|2|2|4|AMLODIPINE EXTEMP 1MG/ML 60ML|||P38|$
[ 68-11-25 ][ 09:28:37 ]Q_SetEEprom->3 #|E|2|2|4|AMLODIPINE EXTEMP 1MG/ML 60ML|||P38|$
[ 68-11-25 ][ 09:28:37 ]Send->2#|E|6|6|2|10%POVIDONE IODINE SOL 30ML|||P15|$
[ 68-11-25 ][ 09:28:38 ]Send->1#|E|2|2|4|AMLODIPINE EXTEMP 1MG/ML 60ML|||P38|$
[ 68-11-25 ][ 09:28:38 ]Q_SetEEprom->2 #|E|5|5|2|ALCOHOL70% 60 ML|||P20|$
[ 68-11-25 ][ 09:28:38 ]Q_SetEEprom->3 #|E|5|5|2|ALCOHOL70% 60 ML|||P20|$
[ 68-11-25 ][ 09:28:39 ]Send->2#|E|2|2|4|AMLODIPINE EXTEMP 1MG/ML 60ML|||P38|$
[ 68-11-25 ][ 09:28:39 ]Send->1#|E|5|5|2|ALCOHOL70% 60 ML|||P20|$
[ 68-11-25 ][ 09:28:40 ]Send->0#|E|5|5|2|ALCOHOL70% 60 ML|||P20|$
[ 68-11-25 ][ 09:29:56 ]Serial Port : COM3
[ 68-11-25 ][ 09:29:56 ]BaudRate : 57600
[ 68-11-25 ][ 09:29:56 ]Port Open
[ 68-11-25 ][ 09:30:01 ]Q_Order->1 #|L|2|4|1|P38|test|01-01-1486|978|0|255|0|$
[ 68-11-25 ][ 09:30:01 ]Q_Order->2 #|L|2|1|1|P35|test|01-01-1486|994|0|255|0|$
[ 68-11-25 ][ 09:30:01 ]Q_Order->3 #|L|1|1|1|P41|test|01-01-1486|993|0|255|0|$
[ 68-11-25 ][ 09:30:01 ]Send->2#|L|2|4|1| |test|01-01-1486|978|0|255|0|$
[ 68-11-25 ][ 09:30:02 ]Send->1#|L|2|1|1| |test|01-01-1486|994|0|255|0|$
[ 68-11-25 ][ 09:30:02 ]Q_SetEEprom->2 #|E|2|2|4|AMLODIPINE EXTEMP 1MG/ML 60ML|||P38|$
[ 68-11-25 ][ 09:30:02 ]Q_SetEEprom->3 #|E|2|2|4|AMLODIPINE EXTEMP 1MG/ML 60ML|||P38|$
[ 68-11-25 ][ 09:30:02 ]Send->2#|L|1|1|1| |test|01-01-1486|993|0|255|0|$
[ 68-11-25 ][ 09:30:03 ]Q_SetEEprom->3 #|E|2|2|1|FUROSEMIDE EXTEMP 2MG/ML 60ML|||P35|$
[ 68-11-25 ][ 09:30:03 ]Q_SetEEprom->4 #|E|2|2|1|FUROSEMIDE EXTEMP 2MG/ML 60ML|||P35|$
[ 68-11-25 ][ 09:30:03 ]Send->3#|E|2|2|4|AMLODIPINE EXTEMP 1MG/ML 60ML|||P38|$
[ 68-11-25 ][ 09:30:04 ]Send->2#|E|2|2|4|AMLODIPINE EXTEMP 1MG/ML 60ML|||P38|$
[ 68-11-25 ][ 09:30:04 ]Q_SetEEprom->3 #|E|1|1|1|SILDENAFIL EXTEMP 2MG/ML 60ML|||P41|$
[ 68-11-25 ][ 09:30:04 ]Q_SetEEprom->4 #|E|1|1|1|SILDENAFIL EXTEMP 2MG/ML 60ML|||P41|$
[ 68-11-25 ][ 09:30:05 ]Send->3#|E|2|2|1|FUROSEMIDE EXTEMP 2MG/ML 60ML|||P35|$
[ 68-11-25 ][ 09:30:05 ]Send->2#|E|2|2|1|FUROSEMIDE EXTEMP 2MG/ML 60ML|||P35|$
[ 68-11-25 ][ 09:30:06 ]Send->1#|E|1|1|1|SILDENAFIL EXTEMP 2MG/ML 60ML|||P41|$
[ 68-11-25 ][ 09:30:07 ]Send->0#|E|1|1|1|SILDENAFIL EXTEMP 2MG/ML 60ML|||P41|$
[ 68-11-25 ][ 09:30:45 ]Serial Port : COM3
[ 68-11-25 ][ 09:30:45 ]BaudRate : 57600
[ 68-11-25 ][ 09:30:45 ]Port Open
[ 68-11-25 ][ 09:30:52 ]Q_Order->1 #|L|5|2|1|P20|test|01-01-1486|982|0|255|0|$
[ 68-11-25 ][ 09:30:52 ]Send->0#|L|5|2|1| |test|01-01-1486|982|0|255|0|$
[ 68-11-25 ][ 09:30:53 ]Q_SetEEprom->1 #|E|5|5|2|ALCOHOL70% 60 ML|||P20|$
[ 68-11-25 ][ 09:30:53 ]Q_SetEEprom->2 #|E|5|5|2|ALCOHOL70% 60 ML|||P20|$
[ 68-11-25 ][ 09:30:54 ]Send->1#|E|5|5|2|ALCOHOL70% 60 ML|||P20|$
[ 68-11-25 ][ 09:30:54 ]Send->0#|E|5|5|2|ALCOHOL70% 60 ML|||P20|$
[ 68-11-25 ][ 09:31:23 ]Serial Port : COM3
[ 68-11-25 ][ 09:31:23 ]BaudRate : 57600
[ 68-11-25 ][ 09:31:23 ]Port Open
[ 68-11-25 ][ 09:31:34 ]R->#|U|3|5|0|$
[ 68-11-25 ][ 09:31:59 ]Q_Order->1 #|L|5|2|1|P20|test|01-01-1486|981|0|255|0|$
[ 68-11-25 ][ 09:31:59 ]Q_Order->2 #|L|2|4|1|P38|test|01-01-1486|977|0|255|0|$
[ 68-11-25 ][ 09:31:59 ]Q_Order->3 #|L|6|2|1|P15|test|01-01-1486|987|0|255|0|$
[ 68-11-25 ][ 09:31:59 ]Q_Order->4 #|L|2|2|1|P36|test|01-01-1486|989|0|255|0|$
[ 68-11-25 ][ 09:31:59 ]Send->3#|L|5|2|1| |test|01-01-1486|981|0|255|0|$
[ 68-11-25 ][ 09:31:59 ]Send->2#|L|2|4|1| |test|01-01-1486|977|0|255|0|$
[ 68-11-25 ][ 09:32:00 ]Send->1#|L|6|2|1| |test|01-01-1486|987|0|255|0|$
[ 68-11-25 ][ 09:32:01 ]Send->0#|L|2|2|1| |test|01-01-1486|989|0|255|0|$
[ 68-11-25 ][ 09:32:09 ]R->#|U|6|2|1|$
[ 68-11-25 ][ 09:32:18 ]Q_SetEEprom->1 #|E|6|6|2|10%POVIDONE IODINE SOL 30ML|||P15|$
[ 68-11-25 ][ 09:32:18 ]Q_SetEEprom->2 #|E|6|6|2|10%POVIDONE IODINE SOL 30ML|||P15|$
[ 68-11-25 ][ 09:32:18 ]Send->1#|E|6|6|2|10%POVIDONE IODINE SOL 30ML|||P15|$
[ 68-11-25 ][ 09:32:19 ]Send->0#|E|6|6|2|10%POVIDONE IODINE SOL 30ML|||P15|$
[ 68-11-25 ][ 09:32:23 ]R->#|U|5|2|1|$
[ 68-11-25 ][ 09:32:24 ]Q_SetEEprom->1 #|E|5|5|2|ALCOHOL70% 60 ML|||P20|$
[ 68-11-25 ][ 09:32:24 ]Q_SetEEprom->2 #|E|5|5|2|ALCOHOL70% 60 ML|||P20|$
[ 68-11-25 ][ 09:32:24 ]Send->1#|E|5|5|2|ALCOHOL70% 60 ML|||P20|$
[ 68-11-25 ][ 09:32:25 ]Send->0#|E|5|5|2|ALCOHOL70% 60 ML|||P20|$
[ 68-11-25 ][ 09:32:27 ]R->#|U|2|4|1|$
[ 68-11-25 ][ 09:32:28 ]Q_SetEEprom->1 #|E|2|2|4|AMLODIPINE EXTEMP 1MG/ML 60ML|||P38|$
[ 68-11-25 ][ 09:32:28 ]Q_SetEEprom->2 #|E|2|2|4|AMLODIPINE EXTEMP 1MG/ML 60ML|||P38|$
[ 68-11-25 ][ 09:32:28 ]Send->1#|E|2|2|4|AMLODIPINE EXTEMP 1MG/ML 60ML|||P38|$
[ 68-11-25 ][ 09:32:29 ]Send->0#|E|2|2|4|AMLODIPINE EXTEMP 1MG/ML 60ML|||P38|$
[ 68-11-25 ][ 09:32:35 ]R->#|U|2|2|1|$
[ 68-11-25 ][ 09:32:36 ]Q_SetEEprom->1 #|E|2|2|2|HYDROCHLOROTHIAZIDE EXTEMP 10MG/ML 15ML|||P36|$
[ 68-11-25 ][ 09:32:36 ]Q_SetEEprom->2 #|E|2|2|2|HYDROCHLOROTHIAZIDE EXTEMP 10MG/ML 15ML|||P36|$
[ 68-11-25 ][ 09:32:36 ]Send->1#|E|2|2|2|HYDROCHLOROTHIAZIDE EXTEMP 10MG/ML 15ML|||P36|$
[ 68-11-25 ][ 09:32:37 ]Send->0#|E|2|2|2|HYDROCHLOROTHIAZIDE EXTEMP 10MG/ML 15ML|||P36|$
[ 68-11-25 ][ 11:05:29 ]Serial Port : COM3
[ 68-11-25 ][ 11:05:29 ]BaudRate : 57600
[ 68-11-25 ][ 11:05:29 ]Port Open
[ 68-11-25 ][ 11:06:22 ]Q_SetEEprom->1 #|E|6|6|3|TA0.02%LOTION 60ML||0|P16|$
[ 68-11-25 ][ 11:06:22 ]Q_SetLED->2 #|B|1|0|0|0|0|$
[ 68-11-25 ][ 11:06:23 ]Send->1#|E|6|6|3|TA0.02%LOTION 60ML||0|P16|$
[ 68-11-25 ][ 11:06:23 ]Send->0#|B|1|0|0|0|0|$
[ 68-11-25 ][ 11:07:39 ]Serial Port : COM3
[ 68-11-25 ][ 11:07:39 ]BaudRate : 57600
[ 68-11-25 ][ 11:07:39 ]Port Open
[ 68-11-25 ][ 11:07:56 ]Serial Port : COM3
[ 68-11-25 ][ 11:07:56 ]BaudRate : 57600
[ 68-11-25 ][ 11:07:56 ]Port Open
[ 68-11-25 ][ 11:08:29 ]Q_SetEEprom->1 #|E|6|6|0|PARACETAMOL 120MG/5ML SYR 60ML||0|S13|$
[ 68-11-25 ][ 11:08:29 ]Q_SetLED->2 #|B|1|0|0|0|0|$
[ 68-11-25 ][ 11:08:29 ]Send->1#|E|6|6|0|PARACETAMOL 120MG/5ML SYR 60ML||0|S13|$
[ 68-11-25 ][ 11:08:30 ]Send->0#|B|1|0|0|0|0|$
[ 68-11-25 ][ 11:08:34 ]Q_SetEEprom->1 #|E|6|6|0|PARACETAMOL 120MG/5ML SYR 60ML||0|S13|$
[ 68-11-25 ][ 11:08:34 ]Q_SetLED->2 #|B|1|0|0|0|0|$
[ 68-11-25 ][ 11:08:34 ]Send->1#|E|6|6|0|PARACETAMOL 120MG/5ML SYR 60ML||0|S13|$
[ 68-11-25 ][ 11:08:35 ]Send->0#|B|1|0|0|0|0|$
[ 68-11-25 ][ 11:09:05 ]Q_Order->1 #|L|8|4|1000|60MG/0.6ML PARACETAMOLORAL SOL 15ML|T|10/25/2029 12:00:00 AM|S5|0|0|0|$
[ 68-11-25 ][ 11:09:05 ]Q_SetEEprom->2 #|E|8|8|4|60MG/0.6ML PARACETAMOLORAL SOL 15ML||0|S5|$
[ 68-11-25 ][ 11:09:05 ]Q_SetLED->3 #|B|1|0|0|0|0|$
[ 68-11-25 ][ 11:09:06 ]Send->2#|L|8|4|1000| |T|10/25/2029 12:00:00 AM|S5|0|0|0|$
[ 68-11-25 ][ 11:09:06 ]Send->1#|E|8|8|4|60MG/0.6ML PARACETAMOLORAL SOL 15ML||0|S5|$
[ 68-11-25 ][ 11:09:07 ]Send->0#|B|1|0|0|0|0|$
[ 68-11-25 ][ 11:09:10 ]Q_Order->1 #|L|6|0|1000|PARACETAMOL 120MG/5ML SYR 60ML|test|1/1/2029|S13|0|0|0|$
[ 68-11-25 ][ 11:09:10 ]Q_SetEEprom->2 #|E|6|6|0|PARACETAMOL 120MG/5ML SYR 60ML||0|S13|$
[ 68-11-25 ][ 11:09:10 ]Q_SetLED->3 #|B|1|0|0|0|0|$
[ 68-11-25 ][ 11:09:10 ]Send->2#|L|6|0|1000| |test|1/1/2029|S13|0|0|0|$
[ 68-11-25 ][ 11:09:11 ]Send->1#|E|6|6|0|PARACETAMOL 120MG/5ML SYR 60ML||0|S13|$
[ 68-11-25 ][ 11:09:12 ]Send->0#|B|1|0|0|0|0|$
[ 68-11-25 ][ 11:09:34 ]Q_Order->1 #|L|6|0||PARACETAMOL 120MG/5ML SYR 60ML|test|1/1/2029|S13|0|0|0|$
[ 68-11-25 ][ 11:09:34 ]Q_SetEEprom->2 #|E|6|6|0|PARACETAMOL 120MG/5ML SYR 60ML||0|S13|$
[ 68-11-25 ][ 11:09:34 ]Q_SetLED->3 #|B|1|0|0|0|0|$
[ 68-11-25 ][ 11:09:35 ]Send->2#|L|6|0|| |test|1/1/2029|S13|0|0|0|$
[ 68-11-25 ][ 11:09:36 ]Send->1#|E|6|6|0|PARACETAMOL 120MG/5ML SYR 60ML||0|S13|$
[ 68-11-25 ][ 11:09:36 ]Send->0#|B|1|0|0|0|0|$
[ 68-11-25 ][ 11:09:49 ]Q_Order->1 #|L|8|4||60MG/0.6ML PARACETAMOLORAL SOL 15ML|T|10/25/2029 12:00:00 AM|S5|0|0|0|$
[ 68-11-25 ][ 11:09:49 ]Q_SetEEprom->2 #|E|8|8|4|60MG/0.6ML PARACETAMOLORAL SOL 15ML||0|S5|$
[ 68-11-25 ][ 11:09:49 ]Q_SetLED->3 #|B|1|0|0|0|0|$
[ 68-11-25 ][ 11:09:49 ]Send->2#|L|8|4|| |T|10/25/2029 12:00:00 AM|S5|0|0|0|$
[ 68-11-25 ][ 11:09:50 ]Send->1#|E|8|8|4|60MG/0.6ML PARACETAMOLORAL SOL 15ML||0|S5|$
[ 68-11-25 ][ 11:09:51 ]Send->0#|B|1|0|0|0|0|$
[ 68-11-25 ][ 11:10:00 ]Q_Order->1 #|L|8|0||SODIUM PHOSPHATE (XUBIL) 90ML|test|1/1/2029|S1|0|0|0|$
[ 68-11-25 ][ 11:10:00 ]Q_SetEEprom->2 #|E|8|8|0|SODIUM PHOSPHATE (XUBIL) 90ML||0|S1|$
[ 68-11-25 ][ 11:10:00 ]Q_SetLED->3 #|B|1|0|0|0|0|$
[ 68-11-25 ][ 11:10:01 ]Send->2#|L|8|0|| |test|1/1/2029|S1|0|0|0|$
[ 68-11-25 ][ 11:10:01 ]Q_Order->3 #|L|5|4||ANTACIL 240 ML|T|1/1/2029 12:00:00 AM|S22|0|0|0|$
[ 68-11-25 ][ 11:10:01 ]Q_SetEEprom->4 #|E|5|5|4|ANTACIL 240 ML||0|S22|$
[ 68-11-25 ][ 11:10:01 ]Q_SetLED->5 #|B|1|0|0|0|0|$
[ 68-11-25 ][ 11:10:01 ]Send->4#|E|8|8|0|SODIUM PHOSPHATE (XUBIL) 90ML||0|S1|$
[ 68-11-25 ][ 11:10:02 ]Q_Order->5 #|L|7|3||CEFDINIR 125 MG/5ML 30ML SUSP|test|1/1/2029|S10|0|0|0|$
[ 68-11-25 ][ 11:10:02 ]Q_SetEEprom->6 #|E|7|7|3|CEFDINIR 125 MG/5ML 30ML SUSP||0|S10|$
[ 68-11-25 ][ 11:10:02 ]Q_SetLED->7 #|B|1|0|0|0|0|$
[ 68-11-25 ][ 11:10:02 ]Send->6#|B|1|0|0|0|0|$
[ 68-11-25 ][ 11:10:03 ]Send->5#|L|5|4|| |T|1/1/2029 12:00:00 AM|S22|0|0|0|$
[ 68-11-25 ][ 11:10:03 ]Send->4#|E|5|5|4|ANTACIL 240 ML||0|S22|$
[ 68-11-25 ][ 11:10:04 ]Q_Order->5 #|L|7|3||CEFDINIR 125 MG/5ML 30ML SUSP|test|1/1/2029|S10|0|0|0|$
[ 68-11-25 ][ 11:10:04 ]Q_SetEEprom->6 #|E|7|7|3|CEFDINIR 125 MG/5ML 30ML SUSP||0|S10|$
[ 68-11-25 ][ 11:10:04 ]Q_SetLED->7 #|B|1|0|0|0|0|$
[ 68-11-25 ][ 11:10:04 ]Send->6#|B|1|0|0|0|0|$
[ 68-11-25 ][ 11:10:05 ]Send->5#|L|7|3|| |test|1/1/2029|S10|0|0|0|$
[ 68-11-25 ][ 11:10:06 ]Send->4#|E|7|7|3|CEFDINIR 125 MG/5ML 30ML SUSP||0|S10|$
[ 68-11-25 ][ 11:10:06 ]Send->3#|B|1|0|0|0|0|$
[ 68-11-25 ][ 11:10:07 ]Send->2#|L|7|3|| |test|1/1/2029|S10|0|0|0|$
[ 68-11-25 ][ 11:10:08 ]Send->1#|E|7|7|3|CEFDINIR 125 MG/5ML 30ML SUSP||0|S10|$
[ 68-11-25 ][ 11:10:08 ]Q_Order->2 #|L|8|5||MEMANTINE SOL 5MG/PUMP 100ML (EBIXA)|10|30/11/2572 0:00:00|S6|0|0|0|$
[ 68-11-25 ][ 11:10:08 ]Q_SetEEprom->3 #|E|8|8|5|MEMANTINE SOL 5MG/PUMP 100ML (EBIXA)||0|S6|$
[ 68-11-25 ][ 11:10:08 ]Q_SetLED->4 #|B|1|0|0|0|0|$
[ 68-11-25 ][ 11:10:08 ]Send->3#|B|1|0|0|0|0|$
[ 68-11-25 ][ 11:10:09 ]Send->2#|L|8|5|| |10|30/11/2572 0:00:00|S6|0|0|0|$
[ 68-11-25 ][ 11:10:10 ]Send->1#|E|8|8|5|MEMANTINE SOL 5MG/PUMP 100ML (EBIXA)||0|S6|$
[ 68-11-25 ][ 11:10:10 ]Send->0#|B|1|0|0|0|0|$
[ 68-11-25 ][ 11:10:11 ]Q_Order->1 #|L|8|5||MEMANTINE SOL 5MG/PUMP 100ML (EBIXA)|10|30/11/2572 0:00:00|S6|0|0|0|$
[ 68-11-25 ][ 11:10:11 ]Q_SetEEprom->2 #|E|8|8|5|MEMANTINE SOL 5MG/PUMP 100ML (EBIXA)||0|S6|$
[ 68-11-25 ][ 11:10:11 ]Q_SetLED->3 #|B|1|0|0|0|0|$
[ 68-11-25 ][ 11:10:12 ]Send->2#|L|8|5|| |10|30/11/2572 0:00:00|S6|0|0|0|$
[ 68-11-25 ][ 11:10:12 ]Q_Order->3 #|L|8|4||60MG/0.6ML PARACETAMOLORAL SOL 15ML|T|10/25/2029 12:00:00 AM|S5|0|0|0|$
[ 68-11-25 ][ 11:10:12 ]Q_SetEEprom->4 #|E|8|8|4|60MG/0.6ML PARACETAMOLORAL SOL 15ML||0|S5|$
[ 68-11-25 ][ 11:10:12 ]Q_SetLED->5 #|B|1|0|0|0|0|$
[ 68-11-25 ][ 11:10:13 ]Send->4#|E|8|8|5|MEMANTINE SOL 5MG/PUMP 100ML (EBIXA)||0|S6|$
[ 68-11-25 ][ 11:10:13 ]Send->3#|B|1|0|0|0|0|$
[ 68-11-25 ][ 11:10:14 ]Send->2#|L|8|4|| |T|10/25/2029 12:00:00 AM|S5|0|0|0|$
[ 68-11-25 ][ 11:10:15 ]Send->1#|E|8|8|4|60MG/0.6ML PARACETAMOLORAL SOL 15ML||0|S5|$
[ 68-11-25 ][ 11:10:15 ]Send->0#|B|1|0|0|0|0|$
[ 68-11-25 ][ 11:12:01 ]Serial Port : COM3
[ 68-11-25 ][ 11:12:01 ]BaudRate : 57600
[ 68-11-25 ][ 11:12:01 ]Port Open
[ 68-11-25 ][ 11:12:24 ]Serial Port : COM3
[ 68-11-25 ][ 11:12:24 ]BaudRate : 57600
[ 68-11-25 ][ 11:12:24 ]Port Open
[ 68-11-25 ][ 11:13:31 ]Serial Port : COM3
[ 68-11-25 ][ 11:13:31 ]BaudRate : 57600
[ 68-11-25 ][ 11:13:31 ]Port Open
[ 68-11-25 ][ 11:14:58 ]Serial Port : COM3
[ 68-11-25 ][ 11:14:58 ]BaudRate : 57600
[ 68-11-25 ][ 11:14:58 ]Port Open
[ 68-11-25 ][ 12:18:37 ]Serial Port : COM3
[ 68-11-25 ][ 12:18:37 ]BaudRate : 57600
[ 68-11-25 ][ 12:18:37 ]Port Open
[ 68-11-25 ][ 12:19:59 ]Serial Port : COM3
[ 68-11-25 ][ 12:19:59 ]BaudRate : 57600
[ 68-11-25 ][ 12:19:59 ]Port Open
[ 68-11-25 ][ 12:20:23 ]Serial Port : COM3
[ 68-11-25 ][ 12:20:23 ]BaudRate : 57600
[ 68-11-25 ][ 12:20:23 ]Port Open
[ 68-11-25 ][ 12:32:32 ]Serial Port : COM3
[ 68-11-25 ][ 12:32:32 ]BaudRate : 57600
[ 68-11-25 ][ 12:32:32 ]Port Open
[ 68-11-25 ][ 12:32:53 ]Q_Order->1 #|L|5|4||ANTACIL 240 ML|T|1/1/2029 12:00:00 AM|S22|0|0|0|$
[ 68-11-25 ][ 12:32:53 ]Q_SetEEprom->2 #|E|5|5|4|ANTACIL 240 ML||0|S22|$
[ 68-11-25 ][ 12:32:54 ]Send->1#|L|5|4|| |T|1/1/2029 12:00:00 AM|S22|0|0|0|$
[ 68-11-25 ][ 12:32:55 ]Send->0#|E|5|5|4|ANTACIL 240 ML||0|S22|$
[ 68-11-25 ][ 12:32:57 ]Q_Order->1 #|L|5|4||ANTACIL 240 ML|T|1/1/2029 12:00:00 AM|S22|0|0|0|$
[ 68-11-25 ][ 12:32:57 ]Q_SetEEprom->2 #|E|5|5|4|ANTACIL 240 ML||0|S22|$
[ 68-11-25 ][ 12:32:58 ]Send->1#|L|5|4|| |T|1/1/2029 12:00:00 AM|S22|0|0|0|$
[ 68-11-25 ][ 12:32:58 ]Send->0#|E|5|5|4|ANTACIL 240 ML||0|S22|$
[ 68-11-25 ][ 12:33:02 ]Q_Order->1 #|L|5|4||ANTACIL 240 ML|T|1/1/2029 12:00:00 AM|S22|0|0|0|$
[ 68-11-25 ][ 12:33:02 ]Q_SetEEprom->2 #|E|5|5|4|ANTACIL 240 ML||0|S22|$
[ 68-11-25 ][ 12:33:02 ]Send->1#|L|5|4|| |T|1/1/2029 12:00:00 AM|S22|0|0|0|$
[ 68-11-25 ][ 12:33:02 ]Send->0#|E|5|5|4|ANTACIL 240 ML||0|S22|$
[ 68-11-25 ][ 12:35:02 ]Serial Port : COM3
[ 68-11-25 ][ 12:35:02 ]BaudRate : 57600
[ 68-11-25 ][ 12:35:02 ]Port Open
[ 68-11-25 ][ 12:35:09 ]Q_Order->1 #|L|8|0||SODIUM PHOSPHATE (XUBIL) 90ML|test|1/1/2029|S1|0|0|0|$
[ 68-11-25 ][ 12:35:09 ]Q_SetEEprom->2 #|E|8|8|0|SODIUM PHOSPHATE (XUBIL) 90ML||0|S1|$
[ 68-11-25 ][ 12:35:09 ]Send->1#|L|8|0|| |test|1/1/2029|S1|0|0|0|$
[ 68-11-25 ][ 12:35:10 ]Send->0#|E|8|8|0|SODIUM PHOSPHATE (XUBIL) 90ML||0|S1|$
[ 68-11-25 ][ 12:35:43 ]Serial Port : COM3
[ 68-11-25 ][ 12:35:43 ]BaudRate : 57600
[ 68-11-25 ][ 12:35:43 ]Port Open
[ 68-11-25 ][ 12:36:19 ]Serial Port : COM3
[ 68-11-25 ][ 12:36:19 ]BaudRate : 57600
[ 68-11-25 ][ 12:36:19 ]Port Open
[ 68-11-25 ][ 12:36:38 ]Serial Port : COM3
[ 68-11-25 ][ 12:36:38 ]BaudRate : 57600
[ 68-11-25 ][ 12:36:38 ]Port Open
[ 68-11-25 ][ 12:38:06 ]Serial Port : COM3
[ 68-11-25 ][ 12:38:06 ]BaudRate : 57600
[ 68-11-25 ][ 12:38:06 ]Port Open
[ 68-11-25 ][ 12:38:32 ]Serial Port : COM3
[ 68-11-25 ][ 12:38:32 ]BaudRate : 57600
[ 68-11-25 ][ 12:38:32 ]Port Open
[ 68-11-25 ][ 12:46:00 ]Serial Port : COM3
[ 68-11-25 ][ 12:46:00 ]BaudRate : 57600
[ 68-11-25 ][ 12:50:29 ]Serial Port : COM3
[ 68-11-25 ][ 12:50:29 ]BaudRate : 57600
[ 68-11-25 ][ 13:06:11 ]Serial Port : COM3
[ 68-11-25 ][ 13:06:11 ]BaudRate : 57600
[ 68-11-25 ][ 13:06:33 ]Serial Port : COM3
[ 68-11-25 ][ 13:06:33 ]BaudRate : 57600
[ 68-11-25 ][ 13:08:38 ]Serial Port : COM3
[ 68-11-25 ][ 13:08:38 ]BaudRate : 57600
[ 68-11-25 ][ 13:10:39 ]Serial Port : COM3
[ 68-11-25 ][ 13:10:39 ]BaudRate : 57600
[ 68-11-25 ][ 16:15:04 ]Serial Port : COM3
[ 68-11-25 ][ 16:15:04 ]BaudRate : 57600
[ 68-11-25 ][ 16:15:16 ]Serial Port : COM3
[ 68-11-25 ][ 16:15:16 ]BaudRate : 57600
[ 68-11-25 ][ 16:16:36 ]Serial Port : COM3
[ 68-11-25 ][ 16:16:36 ]BaudRate : 57600
[ 68-11-25 ][ 16:17:27 ]Serial Port : COM3
[ 68-11-25 ][ 16:17:27 ]BaudRate : 57600
[ 68-11-25 ][ 16:23:41 ]Serial Port : COM3
[ 68-11-25 ][ 16:23:41 ]BaudRate : 57600
