[ 68-12-18 ][ 09:36:50 ]Serial Port : COM3
[ 68-12-18 ][ 09:36:50 ]BaudRate : 57600
[ 68-12-18 ][ 09:37:16 ]Serial Port : COM3
[ 68-12-18 ][ 09:37:16 ]BaudRate : 57600
[ 68-12-18 ][ 09:38:04 ]Serial Port : COM3
[ 68-12-18 ][ 09:38:04 ]BaudRate : 57600
[ 68-12-18 ][ 09:38:36 ]Serial Port : COM3
[ 68-12-18 ][ 09:38:36 ]BaudRate : 57600
[ 68-12-18 ][ 09:38:42 ]Q_Order->1 #|L|0|0|1|M13|test|01-01-1486|1000|0|255|0|$
[ 68-12-18 ][ 09:38:42 ]Error ID
[ 68-12-18 ][ 09:38:42 ]Q_Order->1 #|L|0|0|1|M13|test|01-01-1486|1000|0|255|0|$
[ 68-12-18 ][ 09:38:42 ]Error ID
[ 68-12-18 ][ 09:40:00 ]Serial Port : COM3
[ 68-12-18 ][ 09:40:00 ]BaudRate : 57600
[ 68-12-18 ][ 09:54:02 ]Serial Port : COM3
[ 68-12-18 ][ 09:54:02 ]BaudRate : 57600
[ 68-12-18 ][ 09:56:04 ]Serial Port : COM3
[ 68-12-18 ][ 09:56:04 ]BaudRate : 57600
[ 68-12-18 ][ 09:57:29 ]Serial Port : COM3
[ 68-12-18 ][ 09:57:29 ]BaudRate : 57600
[ 68-12-18 ][ 09:58:47 ]Serial Port : COM3
[ 68-12-18 ][ 09:58:47 ]BaudRate : 57600
[ 68-12-18 ][ 10:00:45 ]Q_Order->1 #|L|0|0|1|M13|test|01-01-1486|1000|0|255|0|$
[ 68-12-18 ][ 10:00:45 ]Error ID
[ 68-12-18 ][ 14:22:44 ]Serial Port : COM3
[ 68-12-18 ][ 14:22:44 ]BaudRate : 57600
[ 68-12-18 ][ 14:23:57 ]Serial Port : COM3
[ 68-12-18 ][ 14:23:57 ]BaudRate : 57600
[ 68-12-18 ][ 14:25:08 ]Serial Port : COM3
[ 68-12-18 ][ 14:25:08 ]BaudRate : 57600
[ 68-12-18 ][ 14:25:08 ]Port Open
[ 68-12-18 ][ 14:25:09 ]R->#|R|0|$
[ 68-12-18 ][ 14:25:12 ]Q_Order->1 #|L|0|0|1|M13|test|01-01-1486|1000|0|255|0|$
[ 68-12-18 ][ 14:25:12 ]Error ID
[ 68-12-18 ][ 14:26:24 ]Serial Port : COM3
[ 68-12-18 ][ 14:26:24 ]BaudRate : 57600
[ 68-12-18 ][ 14:26:24 ]Port Open
[ 68-12-18 ][ 14:26:31 ]Q_Order->1 #|L|0|0|1|M13|test|01-01-1486|1000|0|255|0|$
[ 68-12-18 ][ 14:26:31 ]Error ID
