[ 68-10-29 ][ 09:18:23 ]Serial Port : COM3
[ 68-10-29 ][ 09:18:23 ]BaudRate : 57600
[ 68-10-29 ][ 09:19:04 ]Q_SetLED->1 #|B|1|1|255|0|0|$
[ 68-10-29 ][ 09:22:24 ]Serial Port : COM3
[ 68-10-29 ][ 09:22:24 ]BaudRate : 57600
[ 68-10-29 ][ 11:36:22 ]Serial Port : COM3
[ 68-10-29 ][ 11:36:22 ]BaudRate : 57600
[ 68-10-29 ][ 11:47:39 ]Serial Port : COM3
[ 68-10-29 ][ 11:47:39 ]BaudRate : 57600
[ 68-10-29 ][ 11:49:11 ]Serial Port : COM3
[ 68-10-29 ][ 11:49:11 ]BaudRate : 57600
[ 68-10-29 ][ 13:30:32 ]Serial Port : COM3
[ 68-10-29 ][ 13:30:32 ]BaudRate : 57600
[ 68-10-29 ][ 15:17:29 ]Serial Port : COM3
[ 68-10-29 ][ 15:17:29 ]BaudRate : 57600
[ 68-10-29 ][ 15:18:39 ]Serial Port : COM3
[ 68-10-29 ][ 15:18:39 ]BaudRate : 57600
[ 68-10-29 ][ 15:21:20 ]Serial Port : COM3
[ 68-10-29 ][ 15:21:20 ]BaudRate : 57600
[ 68-10-29 ][ 15:21:20 ]Port Open
[ 68-10-29 ][ 15:21:22 ]R->#|R|0|$
[ 68-10-29 ][ 15:22:31 ]Serial Port : COM3
[ 68-10-29 ][ 15:22:31 ]BaudRate : 57600
[ 68-10-29 ][ 15:22:31 ]Port Open
[ 68-10-29 ][ 15:23:59 ]Serial Port : COM3
[ 68-10-29 ][ 15:23:59 ]BaudRate : 57600
[ 68-10-29 ][ 15:23:59 ]Port Open
[ 68-10-29 ][ 15:24:53 ]Serial Port : COM3
[ 68-10-29 ][ 15:24:53 ]BaudRate : 57600
[ 68-10-29 ][ 15:24:53 ]Port Open
[ 68-10-29 ][ 15:25:09 ]Serial Port : COM3
[ 68-10-29 ][ 15:25:09 ]BaudRate : 57600
[ 68-10-29 ][ 15:25:09 ]Port Open
[ 68-10-29 ][ 15:25:22 ]Q_Order->1 #|L|1|1|4|||||0|255|0|$
[ 68-10-29 ][ 15:25:22 ]Send->0#|L|1|1|4| ||||0|255|0|$
[ 68-10-29 ][ 15:25:38 ]R->#|U|1|1|4|$
[ 68-10-29 ][ 15:26:28 ]Q_SetEEprom->1 #|E|5|5|1|FLUCYTOSINE 500 MG CAP|||101|$
[ 68-10-29 ][ 15:26:28 ]Q_SetEEprom->2 #|E|5|5|1|FLUCYTOSINE 500 MG CAP|||101|$
[ 68-10-29 ][ 15:26:28 ]Send->1#|E|5|5|1|FLUCYTOSINE 500 MG CAP|||101|$
[ 68-10-29 ][ 15:26:29 ]Send->0#|E|5|5|1|FLUCYTOSINE 500 MG CAP|||101|$
[ 68-10-29 ][ 15:26:33 ]Q_SetEEprom->1 #|E|5|5|1|FLUCYTOSINE 500 MG CAP|||101|$
[ 68-10-29 ][ 15:26:33 ]Q_SetEEprom->2 #|E|5|5|1|FLUCYTOSINE 500 MG CAP|||101|$
[ 68-10-29 ][ 15:26:34 ]Send->1#|E|5|5|1|FLUCYTOSINE 500 MG CAP|||101|$
[ 68-10-29 ][ 15:26:34 ]Send->0#|E|5|5|1|FLUCYTOSINE 500 MG CAP|||101|$
[ 68-10-29 ][ 15:26:39 ]Q_SetLED->1 #|B|1|0|0|128|255|$
[ 68-10-29 ][ 15:26:39 ]Q_SetLED->2 #|B|1|1|0|128|255|$
[ 68-10-29 ][ 15:26:39 ]Q_SetLED->3 #|B|1|2|0|128|255|$
[ 68-10-29 ][ 15:26:39 ]Q_SetLED->4 #|B|1|3|0|128|255|$
[ 68-10-29 ][ 15:26:39 ]Q_SetLED->5 #|B|1|4|0|128|255|$
[ 68-10-29 ][ 15:26:39 ]Q_SetLED->6 #|B|1|5|0|128|255|$
[ 68-10-29 ][ 15:26:39 ]Send->5#|B|1|0|0|128|255|$
[ 68-10-29 ][ 15:26:40 ]Send->4#|B|1|1|0|128|255|$
[ 68-10-29 ][ 15:26:41 ]Send->3#|B|1|2|0|128|255|$
[ 68-10-29 ][ 15:26:41 ]Send->2#|B|1|3|0|128|255|$
[ 68-10-29 ][ 15:26:42 ]Send->1#|B|1|4|0|128|255|$
[ 68-10-29 ][ 15:26:43 ]Send->0#|B|1|5|0|128|255|$
[ 68-10-29 ][ 15:26:44 ]Q_SetLED->1 #|B|1|0|0|0|0|$
[ 68-10-29 ][ 15:26:44 ]Q_SetLED->2 #|B|1|1|0|0|0|$
[ 68-10-29 ][ 15:26:44 ]Q_SetLED->3 #|B|1|2|0|0|0|$
[ 68-10-29 ][ 15:26:44 ]Q_SetLED->4 #|B|1|3|0|0|0|$
[ 68-10-29 ][ 15:26:44 ]Q_SetLED->5 #|B|1|4|0|0|0|$
[ 68-10-29 ][ 15:26:44 ]Q_SetLED->6 #|B|1|5|0|0|0|$
[ 68-10-29 ][ 15:26:45 ]Send->5#|B|1|0|0|0|0|$
[ 68-10-29 ][ 15:26:46 ]Send->4#|B|1|1|0|0|0|$
[ 68-10-29 ][ 15:26:46 ]Send->3#|B|1|2|0|0|0|$
[ 68-10-29 ][ 15:26:47 ]Send->2#|B|1|3|0|0|0|$
[ 68-10-29 ][ 15:26:48 ]Send->1#|B|1|4|0|0|0|$
[ 68-10-29 ][ 15:26:48 ]Send->0#|B|1|5|0|0|0|$
[ 68-10-29 ][ 15:27:09 ]Q_SetLED->1 #|B|5|1|255|0|0|$
[ 68-10-29 ][ 15:27:10 ]Send->0#|B|5|1|255|0|0|$
[ 68-10-29 ][ 15:27:12 ]R->#|U|5|1|0|$
[ 68-10-29 ][ 15:27:21 ]Q_Order->1 #|L|5|1|4|||||0|255|0|$
[ 68-10-29 ][ 15:27:22 ]Send->0#|L|5|1|4| ||||0|255|0|$
[ 68-10-29 ][ 15:27:26 ]R->#|U|5|1|4|$
[ 68-10-29 ][ 15:28:43 ]Serial Port : COM3
[ 68-10-29 ][ 15:28:43 ]BaudRate : 57600
[ 68-10-29 ][ 15:28:43 ]Port Open
[ 68-10-29 ][ 15:28:51 ]Q_Order->1 #|L|5|1|4|||||0|255|0|$
[ 68-10-29 ][ 15:28:51 ]Send->0#|L|5|1|4| ||||0|255|0|$
[ 68-10-29 ][ 15:28:54 ]R->#|U|5|1|4|$
[ 68-10-29 ][ 15:31:27 ]Q_Order->1 #|L|5|1|4|||||0|255|0|$
[ 68-10-29 ][ 15:31:28 ]Send->0#|L|5|1|4| ||||0|255|0|$
[ 68-10-29 ][ 15:31:29 ]R->#|U|5|1|4|$
[ 68-10-29 ][ 15:36:23 ]Serial Port : COM3
[ 68-10-29 ][ 15:36:23 ]BaudRate : 57600
[ 68-10-29 ][ 15:36:23 ]Port Open
[ 68-10-29 ][ 15:38:14 ]Serial Port : COM3
[ 68-10-29 ][ 15:38:14 ]BaudRate : 57600
[ 68-10-29 ][ 15:38:14 ]Port Open
[ 68-10-29 ][ 15:38:36 ]Q_Order->1 #|L|5|1|4|||||0|255|0|$
[ 68-10-29 ][ 15:38:36 ]Send->0#|L|5|1|4| ||||0|255|0|$
[ 68-10-29 ][ 15:38:40 ]R->#|U|5|1|4|$
