[ 68-10-10 ][ 09:43:56 ]Serial Port : COM3
[ 68-10-10 ][ 09:43:56 ]BaudRate : 57600
[ 68-10-10 ][ 09:48:50 ]Serial Port : COM3
[ 68-10-10 ][ 09:48:50 ]BaudRate : 57600
[ 68-10-10 ][ 09:48:50 ]Port Open
[ 68-10-10 ][ 09:48:51 ]R->#|R|0|$
[ 68-10-10 ][ 09:48:58 ]Q_Order->1 #|L|1|2|1|||||0|255|0|$
[ 68-10-10 ][ 09:48:59 ]Send->0#|L|1|2|1| ||||0|255|0|$
[ 68-10-10 ][ 09:49:06 ]R->#|U|1|2|1|$
[ 68-10-10 ][ 09:49:20 ]Q_Order->1 #|L|1|2|1|||||0|255|0|$
[ 68-10-10 ][ 09:49:20 ]Q_Order->2 #|L|1|4|4|||||0|255|0|$
[ 68-10-10 ][ 09:49:20 ]Send->1#|L|1|2|1| ||||0|255|0|$
[ 68-10-10 ][ 09:49:21 ]Send->0#|L|1|4|4| ||||0|255|0|$
[ 68-10-10 ][ 09:49:23 ]R->#|U|1|4|4|$
[ 68-10-10 ][ 09:49:25 ]R->#|U|1|2|1|$
[ 68-10-10 ][ 09:49:34 ]Q_Order->1 #|L|1|4|4|||||0|255|0|$
[ 68-10-10 ][ 09:49:34 ]Send->0#|L|1|4|4| ||||0|255|0|$
[ 68-10-10 ][ 09:49:36 ]R->#|U|1|4|4|$
[ 68-10-10 ][ 09:49:40 ]Q_Order->1 #|L|1|2|1|||||0|255|0|$
[ 68-10-10 ][ 09:49:41 ]Send->0#|L|1|2|1| ||||0|255|0|$
[ 68-10-10 ][ 09:49:43 ]R->#|U|1|2|1|$
[ 68-10-10 ][ 09:49:47 ]Q_Order->1 #|L|1|2|1|||||0|255|0|$
[ 68-10-10 ][ 09:49:47 ]Send->0#|L|1|2|1| ||||0|255|0|$
[ 68-10-10 ][ 09:49:49 ]R->#|U|1|2|1|$
[ 68-10-10 ][ 09:49:56 ]Q_SetLED->1 #|B|1|4|255|0|0|$
[ 68-10-10 ][ 09:49:56 ]Send->0#|B|1|4|255|0|0|$
[ 68-10-10 ][ 09:50:00 ]Q_SetLED->1 #|B|1|4|255|0|0|$
[ 68-10-10 ][ 09:50:00 ]Send->0#|B|1|4|255|0|0|$
[ 68-10-10 ][ 09:52:23 ]Serial Port : COM3
[ 68-10-10 ][ 09:52:23 ]BaudRate : 57600
[ 68-10-10 ][ 09:52:23 ]Port Open
[ 68-10-10 ][ 09:52:27 ]Q_SetLED->1 #|B|1|2|255|0|0|$
[ 68-10-10 ][ 09:52:27 ]Send->0#|B|1|2|255|0|0|$
[ 68-10-10 ][ 09:52:37 ]Q_SetLED->1 #|B|1|2|255|0|0|$
[ 68-10-10 ][ 09:52:37 ]Send->0#|B|1|2|255|0|0|$
[ 68-10-10 ][ 09:54:28 ]Serial Port : COM3
[ 68-10-10 ][ 09:54:28 ]BaudRate : 57600
[ 68-10-10 ][ 09:54:28 ]Port Open
[ 68-10-10 ][ 09:55:06 ]Serial Port : COM3
[ 68-10-10 ][ 09:55:06 ]BaudRate : 57600
[ 68-10-10 ][ 09:55:06 ]Port Open
[ 68-10-10 ][ 09:55:12 ]Q_Order->1 #|L|1|2|1|||||0|255|0|$
[ 68-10-10 ][ 09:55:12 ]Send->0#|L|1|2|1| ||||0|255|0|$
[ 68-10-10 ][ 09:55:14 ]R->#|U|1|2|1|$
[ 68-10-10 ][ 10:00:10 ]Serial Port : COM3
[ 68-10-10 ][ 10:00:10 ]BaudRate : 57600
[ 68-10-10 ][ 10:00:10 ]Port Open
[ 68-10-10 ][ 10:00:22 ]Q_SetLED->1 #|B|1|2|255|0|0|$
[ 68-10-10 ][ 10:00:22 ]Send->0#|B|1|2|255|0|0|$
[ 68-10-10 ][ 10:00:56 ]R->#|U|1|2|0|$
[ 68-10-10 ][ 10:02:25 ]Serial Port : COM3
[ 68-10-10 ][ 10:02:25 ]BaudRate : 57600
[ 68-10-10 ][ 10:02:25 ]Port Open
[ 68-10-10 ][ 10:03:00 ]Q_Order->1 #|L|1|2|1|||||0|255|0|$
[ 68-10-10 ][ 10:03:00 ]Q_Order->2 #|L|1|4|4|||||0|255|0|$
[ 68-10-10 ][ 10:03:00 ]Send->1#|L|1|2|1| ||||0|255|0|$
[ 68-10-10 ][ 10:03:01 ]Send->0#|L|1|4|4| ||||0|255|0|$
[ 68-10-10 ][ 10:13:55 ]Serial Port : COM3
[ 68-10-10 ][ 10:13:55 ]BaudRate : 57600
[ 68-10-10 ][ 10:13:55 ]Port Open
[ 68-10-10 ][ 10:14:05 ]Q_Order->1 #|L|1|2|1|||||0|255|0|$
[ 68-10-10 ][ 10:14:05 ]Q_Order->2 #|L|1|4|4|||||0|255|0|$
[ 68-10-10 ][ 10:14:06 ]Send->1#|L|1|2|1| ||||0|255|0|$
[ 68-10-10 ][ 10:14:06 ]Send->0#|L|1|4|4| ||||0|255|0|$
[ 68-10-10 ][ 10:14:20 ]R->#|U|1|2|1|$
[ 68-10-10 ][ 10:14:49 ]R->#|U|1|4|4|$
[ 68-10-10 ][ 10:15:26 ]Q_Order->1 #|L|1|4|4|||||0|255|0|$
[ 68-10-10 ][ 10:15:27 ]Send->0#|L|1|4|4| ||||0|255|0|$
[ 68-10-10 ][ 10:15:30 ]R->#|U|1|4|4|$
[ 68-10-10 ][ 10:16:13 ]Q_SetLED->1 #|B|1|4|255|0|0|$
[ 68-10-10 ][ 10:16:13 ]Send->0#|B|1|4|255|0|0|$
[ 68-10-10 ][ 10:16:56 ]Serial Port : COM3
[ 68-10-10 ][ 10:16:56 ]BaudRate : 57600
[ 68-10-10 ][ 10:16:56 ]Port Open
[ 68-10-10 ][ 10:17:38 ]Q_Order->1 #|L|1|2|1|||||0|255|0|$
[ 68-10-10 ][ 10:17:38 ]Send->0#|L|1|2|1| ||||0|255|0|$
[ 68-10-10 ][ 10:17:43 ]R->#|U|1|4|0|$
[ 68-10-10 ][ 10:17:46 ]R->#|U|1|2|1|$
[ 68-10-10 ][ 10:18:13 ]Q_SetLED->1 #|B|1|4|255|0|0|$
[ 68-10-10 ][ 10:18:14 ]Send->0#|B|1|4|255|0|0|$
[ 68-10-10 ][ 10:20:30 ]Serial Port : COM3
[ 68-10-10 ][ 10:20:30 ]BaudRate : 57600
[ 68-10-10 ][ 10:20:30 ]Port Open
[ 68-10-10 ][ 10:20:53 ]Q_Order->1 #|L|1|2|1|||||0|255|0|$
[ 68-10-10 ][ 10:20:54 ]Send->0#|L|1|2|1| ||||0|255|0|$
[ 68-10-10 ][ 10:20:56 ]R->#|U|1|2|1|$
[ 68-10-10 ][ 10:21:22 ]Q_SetLED->1 #|B|1|4|255|0|0|$
[ 68-10-10 ][ 10:21:22 ]Send->0#|B|1|4|255|0|0|$
[ 68-10-10 ][ 10:21:49 ]Q_SetLED->1 #|B|1|4|255|0|0|$
[ 68-10-10 ][ 10:21:49 ]Send->0#|B|1|4|255|0|0|$
[ 68-10-10 ][ 10:22:26 ]Q_SetLED->1 #|B|1|0|0|128|255|$
[ 68-10-10 ][ 10:22:26 ]Q_SetLED->2 #|B|1|1|0|128|255|$
[ 68-10-10 ][ 10:22:26 ]Q_SetLED->3 #|B|1|2|0|128|255|$
[ 68-10-10 ][ 10:22:26 ]Q_SetLED->4 #|B|1|3|0|128|255|$
[ 68-10-10 ][ 10:22:26 ]Q_SetLED->5 #|B|1|4|0|128|255|$
[ 68-10-10 ][ 10:22:26 ]Q_SetLED->6 #|B|1|5|0|128|255|$
[ 68-10-10 ][ 10:22:26 ]Send->5#|B|1|0|0|128|255|$
[ 68-10-10 ][ 10:22:27 ]Send->4#|B|1|1|0|128|255|$
[ 68-10-10 ][ 10:22:28 ]Send->3#|B|1|2|0|128|255|$
[ 68-10-10 ][ 10:22:28 ]Send->2#|B|1|3|0|128|255|$
[ 68-10-10 ][ 10:22:29 ]Send->1#|B|1|4|0|128|255|$
[ 68-10-10 ][ 10:22:30 ]Send->0#|B|1|5|0|128|255|$
[ 68-10-10 ][ 10:22:30 ]Q_SetLED->1 #|B|1|0|0|0|0|$
[ 68-10-10 ][ 10:22:30 ]Q_SetLED->2 #|B|1|1|0|0|0|$
[ 68-10-10 ][ 10:22:30 ]Q_SetLED->3 #|B|1|2|0|0|0|$
[ 68-10-10 ][ 10:22:30 ]Q_SetLED->4 #|B|1|3|0|0|0|$
[ 68-10-10 ][ 10:22:30 ]Q_SetLED->5 #|B|1|4|0|0|0|$
[ 68-10-10 ][ 10:22:30 ]Q_SetLED->6 #|B|1|5|0|0|0|$
[ 68-10-10 ][ 10:22:30 ]Send->5#|B|1|0|0|0|0|$
[ 68-10-10 ][ 10:22:31 ]Send->4#|B|1|1|0|0|0|$
[ 68-10-10 ][ 10:22:32 ]Send->3#|B|1|2|0|0|0|$
[ 68-10-10 ][ 10:22:32 ]Send->2#|B|1|3|0|0|0|$
[ 68-10-10 ][ 10:22:33 ]Send->1#|B|1|4|0|0|0|$
[ 68-10-10 ][ 10:22:34 ]Send->0#|B|1|5|0|0|0|$
[ 68-10-10 ][ 12:33:00 ]Serial Port : COM3
[ 68-10-10 ][ 12:33:00 ]BaudRate : 57600
[ 68-10-10 ][ 12:33:00 ]Port Open
[ 68-10-10 ][ 12:33:13 ]Q_SetLED->1 #|B|1|0|89|128|255|$
[ 68-10-10 ][ 12:33:13 ]Q_SetLED->2 #|B|1|1|89|128|255|$
[ 68-10-10 ][ 12:33:13 ]Q_SetLED->3 #|B|1|2|89|128|255|$
[ 68-10-10 ][ 12:33:13 ]Q_SetLED->4 #|B|1|3|89|128|255|$
[ 68-10-10 ][ 12:33:13 ]Q_SetLED->5 #|B|1|4|89|128|255|$
[ 68-10-10 ][ 12:33:13 ]Q_SetLED->6 #|B|1|5|89|128|255|$
[ 68-10-10 ][ 12:33:13 ]Send->5#|B|1|0|89|128|255|$
[ 68-10-10 ][ 12:33:14 ]Send->4#|B|1|1|89|128|255|$
[ 68-10-10 ][ 12:33:15 ]Send->3#|B|1|2|89|128|255|$
[ 68-10-10 ][ 12:33:15 ]Send->2#|B|1|3|89|128|255|$
[ 68-10-10 ][ 12:33:16 ]Send->1#|B|1|4|89|128|255|$
[ 68-10-10 ][ 12:33:17 ]Send->0#|B|1|5|89|128|255|$
[ 68-10-10 ][ 12:33:18 ]Q_SetLED->1 #|B|1|0|0|0|0|$
[ 68-10-10 ][ 12:33:18 ]Q_SetLED->2 #|B|1|1|0|0|0|$
[ 68-10-10 ][ 12:33:18 ]Q_SetLED->3 #|B|1|2|0|0|0|$
[ 68-10-10 ][ 12:33:18 ]Q_SetLED->4 #|B|1|3|0|0|0|$
[ 68-10-10 ][ 12:33:18 ]Q_SetLED->5 #|B|1|4|0|0|0|$
[ 68-10-10 ][ 12:33:18 ]Q_SetLED->6 #|B|1|5|0|0|0|$
[ 68-10-10 ][ 12:33:18 ]Send->5#|B|1|0|0|0|0|$
[ 68-10-10 ][ 12:33:19 ]Send->4#|B|1|1|0|0|0|$
[ 68-10-10 ][ 12:33:20 ]Send->3#|B|1|2|0|0|0|$
[ 68-10-10 ][ 12:33:20 ]Send->2#|B|1|3|0|0|0|$
[ 68-10-10 ][ 12:33:21 ]Send->1#|B|1|4|0|0|0|$
[ 68-10-10 ][ 12:33:22 ]Send->0#|B|1|5|0|0|0|$
[ 68-10-10 ][ 12:33:22 ]Q_SetLED->1 #|B|1|0|89|128|255|$
[ 68-10-10 ][ 12:33:22 ]Q_SetLED->2 #|B|1|1|89|128|255|$
[ 68-10-10 ][ 12:33:22 ]Q_SetLED->3 #|B|1|2|89|128|255|$
[ 68-10-10 ][ 12:33:22 ]Q_SetLED->4 #|B|1|3|89|128|255|$
[ 68-10-10 ][ 12:33:22 ]Q_SetLED->5 #|B|1|4|89|128|255|$
[ 68-10-10 ][ 12:33:22 ]Q_SetLED->6 #|B|1|5|89|128|255|$
[ 68-10-10 ][ 12:33:22 ]Send->5#|B|1|0|89|128|255|$
[ 68-10-10 ][ 12:33:23 ]Send->4#|B|1|1|89|128|255|$
[ 68-10-10 ][ 12:33:24 ]Send->3#|B|1|2|89|128|255|$
[ 68-10-10 ][ 12:33:25 ]Send->2#|B|1|3|89|128|255|$
[ 68-10-10 ][ 12:33:25 ]Send->1#|B|1|4|89|128|255|$
[ 68-10-10 ][ 12:33:26 ]Send->0#|B|1|5|89|128|255|$
[ 68-10-10 ][ 12:33:29 ]Q_SetLED->1 #|B|1|0|0|0|0|$
[ 68-10-10 ][ 12:33:29 ]Q_SetLED->2 #|B|1|1|0|0|0|$
[ 68-10-10 ][ 12:33:29 ]Q_SetLED->3 #|B|1|2|0|0|0|$
[ 68-10-10 ][ 12:33:29 ]Q_SetLED->4 #|B|1|3|0|0|0|$
[ 68-10-10 ][ 12:33:29 ]Q_SetLED->5 #|B|1|4|0|0|0|$
[ 68-10-10 ][ 12:33:29 ]Q_SetLED->6 #|B|1|5|0|0|0|$
[ 68-10-10 ][ 12:33:30 ]Send->5#|B|1|0|0|0|0|$
[ 68-10-10 ][ 12:33:30 ]Send->4#|B|1|1|0|0|0|$
[ 68-10-10 ][ 12:33:31 ]Send->3#|B|1|2|0|0|0|$
[ 68-10-10 ][ 12:33:32 ]Send->2#|B|1|3|0|0|0|$
[ 68-10-10 ][ 12:33:32 ]Send->1#|B|1|4|0|0|0|$
[ 68-10-10 ][ 12:33:33 ]Send->0#|B|1|5|0|0|0|$
[ 68-10-10 ][ 12:33:34 ]Q_SetLED->1 #|B|1|0|89|229|255|$
[ 68-10-10 ][ 12:33:34 ]Q_SetLED->2 #|B|1|1|89|229|255|$
[ 68-10-10 ][ 12:33:34 ]Q_SetLED->3 #|B|1|2|89|229|255|$
[ 68-10-10 ][ 12:33:34 ]Q_SetLED->4 #|B|1|3|89|229|255|$
[ 68-10-10 ][ 12:33:34 ]Q_SetLED->5 #|B|1|4|89|229|255|$
[ 68-10-10 ][ 12:33:34 ]Q_SetLED->6 #|B|1|5|89|229|255|$
[ 68-10-10 ][ 12:33:34 ]Send->5#|B|1|0|89|229|255|$
[ 68-10-10 ][ 12:33:34 ]Send->4#|B|1|1|89|229|255|$
[ 68-10-10 ][ 12:33:35 ]Send->3#|B|1|2|89|229|255|$
[ 68-10-10 ][ 12:33:36 ]Send->2#|B|1|3|89|229|255|$
[ 68-10-10 ][ 12:33:37 ]Send->1#|B|1|4|89|229|255|$
[ 68-10-10 ][ 12:33:37 ]Send->0#|B|1|5|89|229|255|$
[ 68-10-10 ][ 12:33:45 ]Q_SetLED->1 #|B|1|0|0|0|0|$
[ 68-10-10 ][ 12:33:45 ]Q_SetLED->2 #|B|1|1|0|0|0|$
[ 68-10-10 ][ 12:33:45 ]Q_SetLED->3 #|B|1|2|0|0|0|$
[ 68-10-10 ][ 12:33:45 ]Q_SetLED->4 #|B|1|3|0|0|0|$
[ 68-10-10 ][ 12:33:45 ]Q_SetLED->5 #|B|1|4|0|0|0|$
[ 68-10-10 ][ 12:33:45 ]Q_SetLED->6 #|B|1|5|0|0|0|$
[ 68-10-10 ][ 12:33:45 ]Send->5#|B|1|0|0|0|0|$
[ 68-10-10 ][ 12:33:46 ]Send->4#|B|1|1|0|0|0|$
[ 68-10-10 ][ 12:33:46 ]Send->3#|B|1|2|0|0|0|$
[ 68-10-10 ][ 12:33:47 ]Send->2#|B|1|3|0|0|0|$
[ 68-10-10 ][ 12:33:48 ]Send->1#|B|1|4|0|0|0|$
[ 68-10-10 ][ 12:33:49 ]Send->0#|B|1|5|0|0|0|$
[ 68-10-10 ][ 12:33:49 ]Q_SetLED->1 #|B|1|0|167|87|255|$
[ 68-10-10 ][ 12:33:49 ]Q_SetLED->2 #|B|1|1|167|87|255|$
[ 68-10-10 ][ 12:33:49 ]Q_SetLED->3 #|B|1|2|167|87|255|$
[ 68-10-10 ][ 12:33:49 ]Q_SetLED->4 #|B|1|3|167|87|255|$
[ 68-10-10 ][ 12:33:49 ]Q_SetLED->5 #|B|1|4|167|87|255|$
[ 68-10-10 ][ 12:33:49 ]Q_SetLED->6 #|B|1|5|167|87|255|$
[ 68-10-10 ][ 12:33:49 ]Send->5#|B|1|0|167|87|255|$
[ 68-10-10 ][ 12:33:50 ]Send->4#|B|1|1|167|87|255|$
[ 68-10-10 ][ 12:33:51 ]Send->3#|B|1|2|167|87|255|$
[ 68-10-10 ][ 12:33:51 ]Send->2#|B|1|3|167|87|255|$
[ 68-10-10 ][ 12:33:52 ]Send->1#|B|1|4|167|87|255|$
[ 68-10-10 ][ 12:33:53 ]Send->0#|B|1|5|167|87|255|$
[ 68-10-10 ][ 12:33:54 ]Q_SetLED->1 #|B|1|0|0|0|0|$
[ 68-10-10 ][ 12:33:54 ]Q_SetLED->2 #|B|1|1|0|0|0|$
[ 68-10-10 ][ 12:33:54 ]Q_SetLED->3 #|B|1|2|0|0|0|$
[ 68-10-10 ][ 12:33:54 ]Q_SetLED->4 #|B|1|3|0|0|0|$
[ 68-10-10 ][ 12:33:54 ]Q_SetLED->5 #|B|1|4|0|0|0|$
[ 68-10-10 ][ 12:33:54 ]Q_SetLED->6 #|B|1|5|0|0|0|$
[ 68-10-10 ][ 12:33:54 ]Send->5#|B|1|0|0|0|0|$
[ 68-10-10 ][ 12:33:55 ]Send->4#|B|1|1|0|0|0|$
[ 68-10-10 ][ 12:33:56 ]Send->3#|B|1|2|0|0|0|$
[ 68-10-10 ][ 12:33:56 ]Send->2#|B|1|3|0|0|0|$
[ 68-10-10 ][ 12:33:57 ]Send->1#|B|1|4|0|0|0|$
[ 68-10-10 ][ 12:33:58 ]Send->0#|B|1|5|0|0|0|$
[ 68-10-10 ][ 12:33:59 ]Q_SetLED->1 #|B|1|0|167|87|255|$
[ 68-10-10 ][ 12:33:59 ]Q_SetLED->2 #|B|1|1|167|87|255|$
[ 68-10-10 ][ 12:33:59 ]Q_SetLED->3 #|B|1|2|167|87|255|$
[ 68-10-10 ][ 12:33:59 ]Q_SetLED->4 #|B|1|3|167|87|255|$
[ 68-10-10 ][ 12:33:59 ]Q_SetLED->5 #|B|1|4|167|87|255|$
[ 68-10-10 ][ 12:33:59 ]Q_SetLED->6 #|B|1|5|167|87|255|$
[ 68-10-10 ][ 12:33:59 ]Send->5#|B|1|0|167|87|255|$
[ 68-10-10 ][ 12:34:00 ]Send->4#|B|1|1|167|87|255|$
[ 68-10-10 ][ 12:34:01 ]Send->3#|B|1|2|167|87|255|$
[ 68-10-10 ][ 12:34:01 ]Send->2#|B|1|3|167|87|255|$
[ 68-10-10 ][ 12:34:02 ]Send->1#|B|1|4|167|87|255|$
[ 68-10-10 ][ 12:34:03 ]Send->0#|B|1|5|167|87|255|$
[ 68-10-10 ][ 12:34:11 ]Q_SetLED->1 #|B|1|0|0|128|0|$
[ 68-10-10 ][ 12:34:11 ]Q_SetLED->2 #|B|1|1|0|128|0|$
[ 68-10-10 ][ 12:34:11 ]Q_SetLED->3 #|B|1|2|0|128|0|$
[ 68-10-10 ][ 12:34:11 ]Q_SetLED->4 #|B|1|3|0|128|0|$
[ 68-10-10 ][ 12:34:11 ]Q_SetLED->5 #|B|1|4|0|128|0|$
[ 68-10-10 ][ 12:34:11 ]Q_SetLED->6 #|B|1|5|0|128|0|$
[ 68-10-10 ][ 12:34:12 ]Send->5#|B|1|0|0|128|0|$
[ 68-10-10 ][ 12:34:13 ]Send->4#|B|1|1|0|128|0|$
[ 68-10-10 ][ 12:34:13 ]Send->3#|B|1|2|0|128|0|$
[ 68-10-10 ][ 12:34:14 ]Send->2#|B|1|3|0|128|0|$
[ 68-10-10 ][ 12:34:15 ]Send->1#|B|1|4|0|128|0|$
[ 68-10-10 ][ 12:34:15 ]Send->0#|B|1|5|0|128|0|$
[ 68-10-10 ][ 12:34:26 ]Q_SetLED->1 #|B|1|0|0|0|0|$
[ 68-10-10 ][ 12:34:26 ]Q_SetLED->2 #|B|1|1|0|0|0|$
[ 68-10-10 ][ 12:34:26 ]Q_SetLED->3 #|B|1|2|0|0|0|$
[ 68-10-10 ][ 12:34:26 ]Q_SetLED->4 #|B|1|3|0|0|0|$
[ 68-10-10 ][ 12:34:26 ]Q_SetLED->5 #|B|1|4|0|0|0|$
[ 68-10-10 ][ 12:34:26 ]Q_SetLED->6 #|B|1|5|0|0|0|$
[ 68-10-10 ][ 12:34:26 ]Send->5#|B|1|0|0|0|0|$
[ 68-10-10 ][ 12:34:27 ]Send->4#|B|1|1|0|0|0|$
[ 68-10-10 ][ 12:34:27 ]Send->3#|B|1|2|0|0|0|$
[ 68-10-10 ][ 12:34:28 ]Send->2#|B|1|3|0|0|0|$
[ 68-10-10 ][ 12:34:29 ]Send->1#|B|1|4|0|0|0|$
[ 68-10-10 ][ 12:34:29 ]Send->0#|B|1|5|0|0|0|$
[ 68-10-10 ][ 12:34:30 ]Q_SetLED->1 #|B|1|0|154|255|0|$
[ 68-10-10 ][ 12:34:30 ]Q_SetLED->2 #|B|1|1|154|255|0|$
[ 68-10-10 ][ 12:34:30 ]Q_SetLED->3 #|B|1|2|154|255|0|$
[ 68-10-10 ][ 12:34:30 ]Q_SetLED->4 #|B|1|3|154|255|0|$
[ 68-10-10 ][ 12:34:30 ]Q_SetLED->5 #|B|1|4|154|255|0|$
[ 68-10-10 ][ 12:34:30 ]Q_SetLED->6 #|B|1|5|154|255|0|$
[ 68-10-10 ][ 12:34:30 ]Send->5#|B|1|0|154|255|0|$
[ 68-10-10 ][ 12:34:31 ]Send->4#|B|1|1|154|255|0|$
[ 68-10-10 ][ 12:34:32 ]Send->3#|B|1|2|154|255|0|$
[ 68-10-10 ][ 12:34:32 ]Send->2#|B|1|3|154|255|0|$
[ 68-10-10 ][ 12:34:33 ]Send->1#|B|1|4|154|255|0|$
[ 68-10-10 ][ 12:34:34 ]Send->0#|B|1|5|154|255|0|$
[ 68-10-10 ][ 12:34:37 ]Q_SetLED->1 #|B|1|0|0|0|0|$
[ 68-10-10 ][ 12:34:37 ]Q_SetLED->2 #|B|1|1|0|0|0|$
[ 68-10-10 ][ 12:34:37 ]Q_SetLED->3 #|B|1|2|0|0|0|$
[ 68-10-10 ][ 12:34:37 ]Q_SetLED->4 #|B|1|3|0|0|0|$
[ 68-10-10 ][ 12:34:37 ]Q_SetLED->5 #|B|1|4|0|0|0|$
[ 68-10-10 ][ 12:34:37 ]Q_SetLED->6 #|B|1|5|0|0|0|$
[ 68-10-10 ][ 12:34:37 ]Send->5#|B|1|0|0|0|0|$
[ 68-10-10 ][ 12:34:38 ]Send->4#|B|1|1|0|0|0|$
[ 68-10-10 ][ 12:34:39 ]Send->3#|B|1|2|0|0|0|$
[ 68-10-10 ][ 12:34:39 ]Send->2#|B|1|3|0|0|0|$
[ 68-10-10 ][ 12:34:40 ]Send->1#|B|1|4|0|0|0|$
[ 68-10-10 ][ 12:34:40 ]Q_SetLED->2 #|B|1|0|129|255|0|$
[ 68-10-10 ][ 12:34:40 ]Q_SetLED->3 #|B|1|1|129|255|0|$
[ 68-10-10 ][ 12:34:40 ]Q_SetLED->4 #|B|1|2|129|255|0|$
[ 68-10-10 ][ 12:34:40 ]Q_SetLED->5 #|B|1|3|129|255|0|$
[ 68-10-10 ][ 12:34:40 ]Q_SetLED->6 #|B|1|4|129|255|0|$
[ 68-10-10 ][ 12:34:40 ]Q_SetLED->7 #|B|1|5|129|255|0|$
[ 68-10-10 ][ 12:34:41 ]Send->6#|B|1|5|0|0|0|$
[ 68-10-10 ][ 12:34:41 ]Send->5#|B|1|0|129|255|0|$
[ 68-10-10 ][ 12:34:42 ]Send->4#|B|1|1|129|255|0|$
[ 68-10-10 ][ 12:34:43 ]Send->3#|B|1|2|129|255|0|$
[ 68-10-10 ][ 12:34:44 ]Send->2#|B|1|3|129|255|0|$
[ 68-10-10 ][ 12:34:44 ]Send->1#|B|1|4|129|255|0|$
[ 68-10-10 ][ 12:34:45 ]Send->0#|B|1|5|129|255|0|$
[ 68-10-10 ][ 12:34:47 ]Q_SetLED->1 #|B|1|0|0|0|0|$
[ 68-10-10 ][ 12:34:47 ]Q_SetLED->2 #|B|1|1|0|0|0|$
[ 68-10-10 ][ 12:34:47 ]Q_SetLED->3 #|B|1|2|0|0|0|$
[ 68-10-10 ][ 12:34:47 ]Q_SetLED->4 #|B|1|3|0|0|0|$
[ 68-10-10 ][ 12:34:47 ]Q_SetLED->5 #|B|1|4|0|0|0|$
[ 68-10-10 ][ 12:34:47 ]Q_SetLED->6 #|B|1|5|0|0|0|$
[ 68-10-10 ][ 12:34:48 ]Send->5#|B|1|0|0|0|0|$
[ 68-10-10 ][ 12:34:48 ]Send->4#|B|1|1|0|0|0|$
[ 68-10-10 ][ 12:34:49 ]Q_SetLED->5 #|B|1|0|129|255|0|$
[ 68-10-10 ][ 12:34:49 ]Q_SetLED->6 #|B|1|1|129|255|0|$
[ 68-10-10 ][ 12:34:49 ]Q_SetLED->7 #|B|1|2|129|255|0|$
[ 68-10-10 ][ 12:34:49 ]Q_SetLED->8 #|B|1|3|129|255|0|$
[ 68-10-10 ][ 12:34:49 ]Q_SetLED->9 #|B|1|4|129|255|0|$
[ 68-10-10 ][ 12:34:49 ]Q_SetLED->10 #|B|1|5|129|255|0|$
[ 68-10-10 ][ 12:34:49 ]Send->9#|B|1|2|0|0|0|$
[ 68-10-10 ][ 12:34:50 ]Send->8#|B|1|3|0|0|0|$
[ 68-10-10 ][ 12:34:51 ]Send->7#|B|1|4|0|0|0|$
[ 68-10-10 ][ 12:34:51 ]Send->6#|B|1|5|0|0|0|$
[ 68-10-10 ][ 12:34:52 ]Send->5#|B|1|0|129|255|0|$
[ 68-10-10 ][ 12:34:53 ]Send->4#|B|1|1|129|255|0|$
[ 68-10-10 ][ 12:34:53 ]Q_SetLED->5 #|B|1|0|0|0|0|$
[ 68-10-10 ][ 12:34:53 ]Q_SetLED->6 #|B|1|1|0|0|0|$
[ 68-10-10 ][ 12:34:53 ]Q_SetLED->7 #|B|1|2|0|0|0|$
[ 68-10-10 ][ 12:34:53 ]Q_SetLED->8 #|B|1|3|0|0|0|$
[ 68-10-10 ][ 12:34:53 ]Q_SetLED->9 #|B|1|4|0|0|0|$
[ 68-10-10 ][ 12:34:53 ]Q_SetLED->10 #|B|1|5|0|0|0|$
[ 68-10-10 ][ 12:34:53 ]Send->9#|B|1|2|129|255|0|$
[ 68-10-10 ][ 12:34:54 ]Send->8#|B|1|3|129|255|0|$
[ 68-10-10 ][ 12:34:55 ]Send->7#|B|1|4|129|255|0|$
[ 68-10-10 ][ 12:34:56 ]Send->6#|B|1|5|129|255|0|$
[ 68-10-10 ][ 12:34:56 ]Send->5#|B|1|0|0|0|0|$
[ 68-10-10 ][ 12:34:57 ]Send->4#|B|1|1|0|0|0|$
[ 68-10-10 ][ 12:34:58 ]Send->3#|B|1|2|0|0|0|$
[ 68-10-10 ][ 12:34:58 ]Send->2#|B|1|3|0|0|0|$
[ 68-10-10 ][ 12:34:59 ]Send->1#|B|1|4|0|0|0|$
[ 68-10-10 ][ 12:35:00 ]Send->0#|B|1|5|0|0|0|$
[ 68-10-10 ][ 12:35:00 ]Q_SetLED->1 #|B|1|0|129|255|0|$
[ 68-10-10 ][ 12:35:00 ]Q_SetLED->2 #|B|1|1|129|255|0|$
[ 68-10-10 ][ 12:35:00 ]Q_SetLED->3 #|B|1|2|129|255|0|$
[ 68-10-10 ][ 12:35:00 ]Q_SetLED->4 #|B|1|3|129|255|0|$
[ 68-10-10 ][ 12:35:00 ]Q_SetLED->5 #|B|1|4|129|255|0|$
[ 68-10-10 ][ 12:35:00 ]Q_SetLED->6 #|B|1|5|129|255|0|$
[ 68-10-10 ][ 12:35:01 ]Send->5#|B|1|0|129|255|0|$
[ 68-10-10 ][ 12:35:01 ]Send->4#|B|1|1|129|255|0|$
[ 68-10-10 ][ 12:35:02 ]Send->3#|B|1|2|129|255|0|$
[ 68-10-10 ][ 12:35:03 ]Send->2#|B|1|3|129|255|0|$
[ 68-10-10 ][ 12:35:03 ]Send->1#|B|1|4|129|255|0|$
[ 68-10-10 ][ 12:35:04 ]Send->0#|B|1|5|129|255|0|$
[ 68-10-10 ][ 12:35:05 ]Q_SetLED->1 #|B|1|0|0|0|0|$
[ 68-10-10 ][ 12:35:05 ]Q_SetLED->2 #|B|1|1|0|0|0|$
[ 68-10-10 ][ 12:35:05 ]Q_SetLED->3 #|B|1|2|0|0|0|$
[ 68-10-10 ][ 12:35:05 ]Q_SetLED->4 #|B|1|3|0|0|0|$
[ 68-10-10 ][ 12:35:05 ]Q_SetLED->5 #|B|1|4|0|0|0|$
[ 68-10-10 ][ 12:35:05 ]Q_SetLED->6 #|B|1|5|0|0|0|$
[ 68-10-10 ][ 12:35:05 ]Send->5#|B|1|0|0|0|0|$
[ 68-10-10 ][ 12:35:06 ]Send->4#|B|1|1|0|0|0|$
[ 68-10-10 ][ 12:35:07 ]Send->3#|B|1|2|0|0|0|$
[ 68-10-10 ][ 12:35:08 ]Send->2#|B|1|3|0|0|0|$
[ 68-10-10 ][ 12:35:08 ]Send->1#|B|1|4|0|0|0|$
[ 68-10-10 ][ 12:35:09 ]Send->0#|B|1|5|0|0|0|$
[ 68-10-10 ][ 12:35:10 ]Q_SetLED->1 #|B|1|0|129|255|0|$
[ 68-10-10 ][ 12:35:10 ]Q_SetLED->2 #|B|1|1|129|255|0|$
[ 68-10-10 ][ 12:35:10 ]Q_SetLED->3 #|B|1|2|129|255|0|$
[ 68-10-10 ][ 12:35:10 ]Q_SetLED->4 #|B|1|3|129|255|0|$
[ 68-10-10 ][ 12:35:10 ]Q_SetLED->5 #|B|1|4|129|255|0|$
[ 68-10-10 ][ 12:35:10 ]Q_SetLED->6 #|B|1|5|129|255|0|$
[ 68-10-10 ][ 12:35:10 ]Send->5#|B|1|0|129|255|0|$
[ 68-10-10 ][ 12:35:11 ]Send->4#|B|1|1|129|255|0|$
[ 68-10-10 ][ 12:35:12 ]Send->3#|B|1|2|129|255|0|$
[ 68-10-10 ][ 12:35:12 ]Send->2#|B|1|3|129|255|0|$
[ 68-10-10 ][ 12:35:13 ]Send->1#|B|1|4|129|255|0|$
[ 68-10-10 ][ 12:35:14 ]Send->0#|B|1|5|129|255|0|$
[ 68-10-10 ][ 12:35:20 ]Q_SetLED->1 #|B|1|0|0|128|0|$
[ 68-10-10 ][ 12:35:20 ]Q_SetLED->2 #|B|1|1|0|128|0|$
[ 68-10-10 ][ 12:35:20 ]Q_SetLED->3 #|B|1|2|0|128|0|$
[ 68-10-10 ][ 12:35:20 ]Q_SetLED->4 #|B|1|3|0|128|0|$
[ 68-10-10 ][ 12:35:20 ]Q_SetLED->5 #|B|1|4|0|128|0|$
[ 68-10-10 ][ 12:35:20 ]Q_SetLED->6 #|B|1|5|0|128|0|$
[ 68-10-10 ][ 12:35:21 ]Send->5#|B|1|0|0|128|0|$
[ 68-10-10 ][ 12:35:22 ]Send->4#|B|1|1|0|128|0|$
[ 68-10-10 ][ 12:35:22 ]Send->3#|B|1|2|0|128|0|$
[ 68-10-10 ][ 12:35:23 ]Send->2#|B|1|3|0|128|0|$
[ 68-10-10 ][ 12:35:24 ]Send->1#|B|1|4|0|128|0|$
[ 68-10-10 ][ 12:35:24 ]Send->0#|B|1|5|0|128|0|$
[ 68-10-10 ][ 12:35:25 ]Q_SetLED->1 #|B|1|0|0|0|0|$
[ 68-10-10 ][ 12:35:25 ]Q_SetLED->2 #|B|1|1|0|0|0|$
[ 68-10-10 ][ 12:35:25 ]Q_SetLED->3 #|B|1|2|0|0|0|$
[ 68-10-10 ][ 12:35:25 ]Q_SetLED->4 #|B|1|3|0|0|0|$
[ 68-10-10 ][ 12:35:25 ]Q_SetLED->5 #|B|1|4|0|0|0|$
[ 68-10-10 ][ 12:35:25 ]Q_SetLED->6 #|B|1|5|0|0|0|$
[ 68-10-10 ][ 12:35:25 ]Send->5#|B|1|0|0|0|0|$
[ 68-10-10 ][ 12:35:26 ]Send->4#|B|1|1|0|0|0|$
[ 68-10-10 ][ 12:35:27 ]Send->3#|B|1|2|0|0|0|$
[ 68-10-10 ][ 12:35:27 ]Send->2#|B|1|3|0|0|0|$
[ 68-10-10 ][ 12:35:28 ]Send->1#|B|1|4|0|0|0|$
[ 68-10-10 ][ 12:35:29 ]Send->0#|B|1|5|0|0|0|$
[ 68-10-10 ][ 15:44:27 ]Serial Port : COM3
[ 68-10-10 ][ 15:44:27 ]BaudRate : 57600
[ 68-10-10 ][ 15:44:27 ]Port Open
[ 68-10-10 ][ 15:44:33 ]Q_Order->1 #|L|1|4|1|||||0|255|0|$
[ 68-10-10 ][ 15:44:33 ]Send->0#|L|1|4|1| ||||0|255|0|$
[ 68-10-10 ][ 15:45:35 ]Q_SetLED->1 #|B|1|2|255|0|0|$
[ 68-10-10 ][ 15:45:35 ]Send->0#|B|1|2|255|0|0|$
