[ 68-12-23 ][ 15:29:13 ]Port Open
[ 68-12-23 ][ 15:29:29 ]Q_SetLED->1 #|B|7|2|255|0|0|$
[ 68-12-23 ][ 15:29:29 ]Send->0#|B|7|2|255|0|0|$
[ 68-12-23 ][ 15:29:50 ]Q_Order->1 #|L|7|2| |AMINOPHYLLINE 250 MG/10 ML|test|28/3/2569 0:00:00|2000|0|0|0|$
[ 68-12-23 ][ 15:29:51 ]Send->0#|L|7|2| | |test|28/3/2569 0:00:00|2000|0|0|0|$
[ 68-12-23 ][ 15:30:00 ]Q_SetEEprom->1 #|E|7|7|3|AMPICILLIN SOD 1 GM| |0|M10|$
[ 68-12-23 ][ 15:30:00 ]Send->0#|E|7|7|3|AMPICILLIN SOD 1 GM| |0|M10|$
[ 68-12-23 ][ 15:30:02 ]Q_Order->1 #|L|7|3| | |test|2029-01-01|1101|0|0|0|$
[ 68-12-23 ][ 15:30:02 ]Send->0#|L|7|3| | |test|2029-01-01|1101|0|0|0|$
[ 68-12-23 ][ 15:30:05 ]Q_SetEEprom->1 #|E|8|8|0|ADENOSINE 6 MG/2 ML| |0|M1|$
[ 68-12-23 ][ 15:30:05 ]Send->0#|E|8|8|0|ADENOSINE 6 MG/2 ML| |0|M1|$
[ 68-12-23 ][ 15:30:07 ]Q_Order->1 #|L|8|0| | |test|2029-01-01|1300|0|0|0|$
[ 68-12-23 ][ 15:30:08 ]Send->0#|L|8|0| | |test|2029-01-01|1300|0|0|0|$
[ 68-12-23 ][ 15:30:26 ]Q_SetEEprom->1 #|E|1|1|1|CefTRIaxone 2GM||0|M13|$
[ 68-12-23 ][ 15:30:26 ]Q_SetEEprom->2 #|E|1|1|1|CefTRIaxone 2GM||0|M13|$
[ 68-12-23 ][ 15:30:26 ]Q_SetEEprom->3 #|E|1|1|1|CefTRIaxone 2GM||0|M13|$
[ 68-12-23 ][ 15:30:26 ]Q_SetEEprom->4 #|E|1|1|1|CefTRIaxone 2GM||0|M13|$
[ 68-12-23 ][ 15:30:27 ]Send->3#|E|1|1|1|CefTRIaxone 2GM||0|M13|$
[ 68-12-23 ][ 15:30:27 ]Send->2#|E|1|1|1|CefTRIaxone 2GM||0|M13|$
[ 68-12-23 ][ 15:30:28 ]Send->1#|E|1|1|1|CefTRIaxone 2GM||0|M13|$
[ 68-12-23 ][ 15:30:29 ]Send->0#|E|1|1|1|CefTRIaxone 2GM||0|M13|$
