[ 68-11-12 ][ 09:34:00 ]Serial Port : COM3
[ 68-11-12 ][ 09:34:00 ]BaudRate : 57600
[ 68-11-12 ][ 09:34:26 ]Serial Port : COM3
[ 68-11-12 ][ 09:34:26 ]BaudRate : 57600
[ 68-11-12 ][ 09:35:01 ]Serial Port : COM3
[ 68-11-12 ][ 09:35:01 ]BaudRate : 57600
[ 68-11-12 ][ 09:35:34 ]Serial Port : COM3
[ 68-11-12 ][ 09:35:34 ]BaudRate : 57600
[ 68-11-12 ][ 09:38:01 ]Serial Port : COM3
[ 68-11-12 ][ 09:38:01 ]BaudRate : 57600
[ 68-11-12 ][ 09:39:04 ]Q_SetEEprom->1 #|E|6|6|0|(อ)PARACETAMOL 120 MG/5 ML SYR 60 ML|||S13|$
[ 68-11-12 ][ 09:39:04 ]Q_SetEEprom->2 #|E|5|5|4|(อ)ANTACIL 240 ML (ALMAG)|||S22|$
[ 68-11-12 ][ 09:39:04 ]Q_SetEEprom->3 #|E|5|5|4|(อ)ANTACIL 240 ML (ALMAG)|||S22|$
[ 68-11-12 ][ 09:39:04 ]Q_SetEEprom->4 #|E|7|7|3|==CEFDINIR 125 MG/5ML 30ML SUSP (SAMNIR)|||S10|$
[ 68-11-12 ][ 09:39:04 ]Q_SetEEprom->5 #|E|6|6|2|(อ)CETIRIZINE 1 MG/ML 60 ML (ZYMED)|||S15|$
[ 68-11-12 ][ 09:39:04 ]Q_SetEEprom->6 #|E|8|8|2|==(อ) DESLORATADINE 0.5MG/ML SYRUP 60 ML (LORIUS)|||S3|$
[ 68-11-12 ][ 09:39:04 ]Q_SetEEprom->7 #|E|8|8|5|==(อ)MEMANTINE Solution 5MG (0.5ML) /PUMP 100 ML (EBIXA)|||S6|$
[ 68-11-12 ][ 09:39:04 ]Q_SetEEprom->8 #|E|8|8|0|SOD PHOSPHATE(MONO/DIBASIC)(XUBIL 90 ML)|||S1|$
[ 68-11-12 ][ 09:52:30 ]Q_SetLED->9 #|B|6|0|255|0|0|$
[ 68-11-12 ][ 09:53:49 ]Serial Port : COM3
[ 68-11-12 ][ 09:53:49 ]BaudRate : 57600
[ 68-11-12 ][ 09:53:55 ]Q_SetLED->1 #|B|6|0|255|0|0|$
[ 68-11-12 ][ 09:55:29 ]Serial Port : COM3
[ 68-11-12 ][ 09:55:29 ]BaudRate : 57600
[ 68-11-12 ][ 09:55:39 ]Q_SetLED->1 #|B|6|0|255|0|0|$
[ 68-11-12 ][ 09:57:32 ]Serial Port : COM3
[ 68-11-12 ][ 09:57:32 ]BaudRate : 57600
[ 68-11-12 ][ 09:57:37 ]Q_SetLED->1 #|B|6|0|255|0|0|$
[ 68-11-12 ][ 09:59:49 ]Serial Port : COM3
[ 68-11-12 ][ 09:59:49 ]BaudRate : 57600
[ 68-11-12 ][ 09:59:54 ]Q_SetLED->1 #|B|6|0|255|0|0|$
[ 68-11-12 ][ 10:02:42 ]Serial Port : COM3
[ 68-11-12 ][ 10:02:42 ]BaudRate : 57600
[ 68-11-12 ][ 10:03:05 ]Q_SetLED->1 #|B|6|0|255|0|0|$
[ 68-11-12 ][ 10:06:48 ]Serial Port : COM3
[ 68-11-12 ][ 10:06:48 ]BaudRate : 57600
[ 68-11-12 ][ 10:06:53 ]Q_SetLED->1 #|B|6|0|255|0|0|$
[ 68-11-12 ][ 10:14:23 ]Serial Port : COM3
[ 68-11-12 ][ 10:14:23 ]BaudRate : 57600
[ 68-11-12 ][ 10:14:39 ]Serial Port : COM3
[ 68-11-12 ][ 10:14:39 ]BaudRate : 57600
[ 68-11-12 ][ 10:14:56 ]Q_SetLED->1 #|B|6|0|255|0|0|$
[ 68-11-12 ][ 10:30:22 ]Serial Port : COM3
[ 68-11-12 ][ 10:30:22 ]BaudRate : 57600
[ 68-11-12 ][ 10:39:38 ]Serial Port : COM3
[ 68-11-12 ][ 10:39:38 ]BaudRate : 57600
[ 68-11-12 ][ 10:39:58 ]Serial Port : COM3
[ 68-11-12 ][ 10:39:58 ]BaudRate : 57600
[ 68-11-12 ][ 10:43:00 ]Serial Port : COM3
[ 68-11-12 ][ 10:43:00 ]BaudRate : 57600
[ 68-11-12 ][ 10:43:09 ]Q_SetLED->1 #|B|6|0|255|0|0|$
[ 68-11-12 ][ 11:15:23 ]Serial Port : COM3
[ 68-11-12 ][ 11:15:23 ]BaudRate : 57600
[ 68-11-12 ][ 11:15:32 ]Q_SetEEprom->1 #|E|6|6|0|(อ)PARACETAMOL 120 MG/5 ML SYR 60 ML|||S13|$
[ 68-11-12 ][ 11:15:32 ]Q_SetEEprom->2 #|E|5|5|4|(อ)ANTACIL 240 ML (ALMAG)|||S22|$
[ 68-11-12 ][ 11:15:32 ]Q_SetEEprom->3 #|E|7|7|3|==CEFDINIR 125 MG/5ML 30ML SUSP (SAMNIR)|||S10|$
[ 68-11-12 ][ 11:15:32 ]Q_SetEEprom->4 #|E|6|6|2|(อ)CETIRIZINE 1 MG/ML 60 ML (ZYMED)|||S15|$
[ 68-11-12 ][ 11:15:32 ]Q_SetEEprom->5 #|E|8|8|2|==(อ) DESLORATADINE 0.5MG/ML SYRUP 60 ML (LORIUS)|||S3|$
[ 68-11-12 ][ 11:15:32 ]Q_SetEEprom->6 #|E|8|8|5|==(อ)MEMANTINE Solution 5MG (0.5ML) /PUMP 100 ML (EBIXA)|||S6|$
[ 68-11-12 ][ 11:15:32 ]Q_SetEEprom->7 #|E|8|8|0|SOD PHOSPHATE(MONO/DIBASIC)(XUBIL 90 ML)|||S1|$
[ 68-11-12 ][ 11:15:36 ]Q_SetLED->8 #|B|6|0|255|0|0|$
[ 68-11-12 ][ 11:20:41 ]Serial Port : COM3
[ 68-11-12 ][ 11:20:41 ]BaudRate : 57600
[ 68-11-12 ][ 11:20:47 ]Q_SetLED->1 #|B|6|0|255|0|0|$
[ 68-11-12 ][ 11:23:58 ]Q_SetLED->2 #|B|5|4|255|0|0|$
[ 68-11-12 ][ 11:44:41 ]Serial Port : COM3
[ 68-11-12 ][ 11:44:41 ]BaudRate : 57600
[ 68-11-12 ][ 11:45:00 ]Serial Port : COM3
[ 68-11-12 ][ 11:45:00 ]BaudRate : 57600
[ 68-11-12 ][ 11:45:08 ]Q_SetLED->1 #|B|7|3|255|0|0|$
[ 68-11-12 ][ 11:45:24 ]Q_SetLED->2 #|B|7|3|255|0|0|$
[ 68-11-12 ][ 11:45:29 ]Q_SetLED->3 #|B|6|2|255|0|0|$
[ 68-11-12 ][ 12:06:59 ]Serial Port : COM3
[ 68-11-12 ][ 12:06:59 ]BaudRate : 57600
[ 68-11-12 ][ 12:13:09 ]Serial Port : COM3
[ 68-11-12 ][ 12:13:09 ]BaudRate : 57600
[ 68-11-12 ][ 12:13:20 ]Q_SetLED->1 #|B|5|4|255|0|0|$
[ 68-11-12 ][ 12:14:48 ]Serial Port : COM3
[ 68-11-12 ][ 12:14:48 ]BaudRate : 57600
[ 68-11-12 ][ 12:14:52 ]Q_SetLED->1 #|B|6|0|255|0|0|$
[ 68-11-12 ][ 12:15:57 ]Q_SetLED->2 #|B|5|4|255|0|0|$
[ 68-11-12 ][ 13:27:12 ]Serial Port : COM3
[ 68-11-12 ][ 13:27:12 ]BaudRate : 57600
[ 68-11-12 ][ 13:28:23 ]Serial Port : COM3
[ 68-11-12 ][ 13:28:23 ]BaudRate : 57600
[ 68-11-12 ][ 13:29:07 ]Serial Port : COM3
[ 68-11-12 ][ 13:29:07 ]BaudRate : 57600
[ 68-11-12 ][ 13:30:08 ]Q_SetEEprom->1 #|E|6|6|0|(อ)PARACETAMOL 120 MG/5 ML SYR 60 ML|||S13|$
[ 68-11-12 ][ 13:30:08 ]Q_SetEEprom->2 #|E|5|5|4|(อ)ANTACIL 240 ML (ALMAG)|||S22|$
[ 68-11-12 ][ 13:30:08 ]Q_SetEEprom->3 #|E|7|7|3|==CEFDINIR 125 MG/5ML 30ML SUSP (SAMNIR)|||S10|$
[ 68-11-12 ][ 13:30:08 ]Q_SetEEprom->4 #|E|6|6|2|(อ)CETIRIZINE 1 MG/ML 60 ML (ZYMED)|||S15|$
[ 68-11-12 ][ 13:30:08 ]Q_SetEEprom->5 #|E|8|8|2|==(อ) DESLORATADINE 0.5MG/ML SYRUP 60 ML (LORIUS)|||S3|$
[ 68-11-12 ][ 13:30:08 ]Q_SetEEprom->6 #|E|8|8|5|==(อ)MEMANTINE Solution 5MG (0.5ML) /PUMP 100 ML (EBIXA)|||S6|$
[ 68-11-12 ][ 13:30:08 ]Q_SetEEprom->7 #|E|8|8|0|SOD PHOSPHATE(MONO/DIBASIC)(XUBIL 90 ML)|||S1|$
[ 68-11-12 ][ 14:15:04 ]Serial Port : COM3
[ 68-11-12 ][ 14:15:04 ]BaudRate : 57600
[ 68-11-12 ][ 14:15:52 ]Serial Port : COM3
[ 68-11-12 ][ 14:15:52 ]BaudRate : 57600
[ 68-11-12 ][ 14:20:24 ]Serial Port : COM3
[ 68-11-12 ][ 14:20:24 ]BaudRate : 57600
[ 68-11-12 ][ 14:23:07 ]Serial Port : COM3
[ 68-11-12 ][ 14:23:07 ]BaudRate : 57600
[ 68-11-12 ][ 14:24:23 ]Serial Port : COM3
[ 68-11-12 ][ 14:24:23 ]BaudRate : 57600
[ 68-11-12 ][ 14:24:41 ]Q_Order->1 #|L|6|0|4|||||0|255|0|$
