[ 68-11-18 ][ 09:18:24 ]Serial Port : COM3
[ 68-11-18 ][ 09:18:24 ]BaudRate : 57600
[ 68-11-18 ][ 09:57:13 ]Serial Port : COM3
[ 68-11-18 ][ 09:57:13 ]BaudRate : 57600
[ 68-11-18 ][ 09:57:23 ]Q_SetLED->1 #|B|7|3|255|0|0|$
[ 68-11-18 ][ 09:57:36 ]Q_SetLED->2 #|B|6|2|255|0|0|$
[ 68-11-18 ][ 09:57:54 ]Q_SetLED->3 #|B|8|5|255|0|0|$
[ 68-11-18 ][ 09:59:29 ]Serial Port : COM3
[ 68-11-18 ][ 09:59:29 ]BaudRate : 57600
[ 68-11-18 ][ 09:59:36 ]Q_SetLED->1 #|B|7|3|255|0|0|$
[ 68-11-18 ][ 10:41:06 ]Serial Port : COM3
[ 68-11-18 ][ 10:41:06 ]BaudRate : 57600
[ 68-11-18 ][ 10:41:06 ]Port Open
[ 68-11-18 ][ 10:41:07 ]R->#|R|0|$
[ 68-11-18 ][ 10:43:02 ]Serial Port : COM3
[ 68-11-18 ][ 10:43:02 ]BaudRate : 57600
[ 68-11-18 ][ 10:43:02 ]Port Open
[ 68-11-18 ][ 10:43:10 ]R->#|R|E002230C1AD02A6A|$
[ 68-11-18 ][ 10:43:16 ]R->#|R|0|$
[ 68-11-18 ][ 10:43:26 ]Q_Order->1 #|L|6|0|2|||||0|255|0|$
[ 68-11-18 ][ 10:43:27 ]Send->0#|L|6|0|2| ||||0|255|0|$
[ 68-11-18 ][ 10:43:30 ]R->#|U|6|0|2|$
[ 68-11-18 ][ 10:43:30 ]Q_SetEEprom->1 #|E|6|6|0|(อ)PARACETAMOL 120 MG/5 ML SYR 60 ML|||S13|$
[ 68-11-18 ][ 10:43:30 ]Q_SetEEprom->2 #|E|6|6|0|(อ)PARACETAMOL 120 MG/5 ML SYR 60 ML|||S13|$
[ 68-11-18 ][ 10:43:31 ]Send->1#|E|6|6|0|(อ)PARACETAMOL 120 MG/5 ML SYR 60 ML|||S13|$
[ 68-11-18 ][ 10:43:32 ]Send->0#|E|6|6|0|(อ)PARACETAMOL 120 MG/5 ML SYR 60 ML|||S13|$
[ 68-11-18 ][ 10:44:16 ]Serial Port : COM3
[ 68-11-18 ][ 10:44:16 ]BaudRate : 57600
[ 68-11-18 ][ 10:44:16 ]Port Open
[ 68-11-18 ][ 10:44:22 ]R->#|R|E002230C1AD02A6A|$
[ 68-11-18 ][ 10:44:26 ]R->#|R|0|$
[ 68-11-18 ][ 10:44:26 ]R->#|R|E002230C1AD02A6A|$
[ 68-11-18 ][ 10:44:26 ]R->#|R|0|$
[ 68-11-18 ][ 10:44:28 ]Q_Order->1 #|L|6|0|2|||||0|255|0|$
[ 68-11-18 ][ 10:44:28 ]Send->0#|L|6|0|2| ||||0|255|0|$
[ 68-11-18 ][ 10:44:31 ]R->#|U|6|0|2|$
[ 68-11-18 ][ 10:44:32 ]Q_SetEEprom->1 #|E|6|6|0|(อ)PARACETAMOL 120 MG/5 ML SYR 60 ML|||S13|$
[ 68-11-18 ][ 10:44:32 ]Q_SetEEprom->2 #|E|6|6|0|(อ)PARACETAMOL 120 MG/5 ML SYR 60 ML|||S13|$
[ 68-11-18 ][ 10:44:33 ]Send->1#|E|6|6|0|(อ)PARACETAMOL 120 MG/5 ML SYR 60 ML|||S13|$
[ 68-11-18 ][ 10:44:33 ]Send->0#|E|6|6|0|(อ)PARACETAMOL 120 MG/5 ML SYR 60 ML|||S13|$
[ 68-11-18 ][ 12:08:51 ]Serial Port : COM3
[ 68-11-18 ][ 12:08:51 ]BaudRate : 57600
[ 68-11-18 ][ 12:08:51 ]Port Open
[ 68-11-18 ][ 12:09:21 ]Serial Port : COM3
[ 68-11-18 ][ 12:09:21 ]BaudRate : 57600
[ 68-11-18 ][ 12:09:21 ]Port Open
[ 68-11-18 ][ 12:09:36 ]Q_Order->1 #|L|6|0|-1|||||0|255|0|$
[ 68-11-18 ][ 12:09:36 ]Send->0#|L|6|0|-1| ||||0|255|0|$
[ 68-11-18 ][ 12:12:17 ]R->#|U|6|0|-1|$
[ 68-11-18 ][ 13:48:05 ]Serial Port : COM3
[ 68-11-18 ][ 13:48:05 ]BaudRate : 57600
[ 68-11-18 ][ 13:48:05 ]Port Open
[ 68-11-18 ][ 13:48:50 ]Serial Port : COM3
[ 68-11-18 ][ 13:48:50 ]BaudRate : 57600
[ 68-11-18 ][ 13:48:50 ]Port Open
[ 68-11-18 ][ 13:52:19 ]Serial Port : COM3
[ 68-11-18 ][ 13:52:19 ]BaudRate : 57600
[ 68-11-18 ][ 13:52:19 ]Port Open
[ 68-11-18 ][ 13:52:32 ]Q_SetLED->1 #|B|8|5|255|0|0|$
[ 68-11-18 ][ 13:52:32 ]Send->0#|B|8|5|255|0|0|$
[ 68-11-18 ][ 14:27:54 ]Serial Port : COM3
[ 68-11-18 ][ 14:27:54 ]BaudRate : 57600
[ 68-11-18 ][ 14:27:54 ]Port Open
[ 68-11-18 ][ 14:28:09 ]Q_Order->1 #|L|6|0|-1|||||0|255|0|$
[ 68-11-18 ][ 14:28:09 ]Send->0#|L|6|0|-1| ||||0|255|0|$
[ 68-11-18 ][ 14:29:48 ]Serial Port : COM3
[ 68-11-18 ][ 14:29:48 ]BaudRate : 57600
[ 68-11-18 ][ 14:29:48 ]Port Open
[ 68-11-18 ][ 14:30:36 ]R->#|U|6|0|-1|$
