[ 68-12-24 ][ 10:06:10 ]Serial Port : COM3
[ 68-12-24 ][ 10:06:10 ]BaudRate : 57600
[ 68-12-24 ][ 10:11:49 ]Serial Port : COM3
[ 68-12-24 ][ 10:11:49 ]BaudRate : 57600
[ 68-12-24 ][ 10:12:11 ]Serial Port : COM3
[ 68-12-24 ][ 10:12:11 ]BaudRate : 57600
[ 68-12-24 ][ 10:13:14 ]Q_Order->1 #|L|4|1|3| |test|01-01-1486|988|0|255|0|$
[ 68-12-24 ][ 10:13:17 ]Q_SetEEprom->2 #|E|4|4|1|MILK OF MAGNESIA 30 ML||0|S24|$
[ 68-12-24 ][ 10:14:38 ]Serial Port : COM3
[ 68-12-24 ][ 10:14:38 ]BaudRate : 57600
[ 68-12-24 ][ 11:25:03 ]Serial Port : COM3
[ 68-12-24 ][ 11:25:03 ]BaudRate : 57600
[ 68-12-24 ][ 11:25:51 ]Serial Port : COM3
[ 68-12-24 ][ 11:25:51 ]BaudRate : 57600
[ 68-12-24 ][ 11:26:01 ]Q_Order->1 #|L|5|4|1| |T|01-01-1486|99|0|255|0|$
[ 68-12-24 ][ 13:47:03 ]Serial Port : COM3
[ 68-12-24 ][ 13:47:03 ]BaudRate : 57600
[ 68-12-24 ][ 17:24:40 ]Serial Port : COM3
[ 68-12-24 ][ 17:24:40 ]BaudRate : 57600
[ 68-12-24 ][ 17:24:47 ]Q_Order->1 #|L|6|2|1| |T|02-02-1484|99|0|255|0|$
[ 68-12-24 ][ 17:26:31 ]Serial Port : COM3
[ 68-12-24 ][ 17:26:31 ]BaudRate : 57600
[ 68-12-24 ][ 17:26:35 ]Q_Order->1 #|L|6|2|1| |T|02-02-1484|99|0|255|0|$
[ 68-12-24 ][ 17:26:35 ]Q_Order->2 #|L|8|4|1| |T||999|0|255|0|$
[ 68-12-24 ][ 17:27:31 ]Serial Port : COM3
[ 68-12-24 ][ 17:27:31 ]BaudRate : 57600
[ 68-12-24 ][ 17:27:37 ]Q_Order->1 #|L|6|2|1| |T|02-02-1484|99|0|255|0|$
[ 68-12-24 ][ 17:27:37 ]Q_Order->2 #|L|8|4|1| |T||999|0|255|0|$
[ 68-12-24 ][ 17:28:20 ]Serial Port : COM3
[ 68-12-24 ][ 17:28:20 ]BaudRate : 57600
[ 68-12-24 ][ 17:28:24 ]Q_Order->1 #|L|6|2|1| |T|02-02-1484|99|0|255|0|$
[ 68-12-24 ][ 17:28:24 ]Q_Order->2 #|L|8|4|1| |T||999|0|255|0|$
[ 68-12-24 ][ 17:28:37 ]Q_Order->3 #|L|6|2|1| |T|02-02-1484|99|0|255|0|$
[ 68-12-24 ][ 17:28:37 ]Q_Order->4 #|L|8|4|1| |T||999|0|255|0|$
[ 68-12-24 ][ 17:33:45 ]Serial Port : COM3
[ 68-12-24 ][ 17:33:45 ]BaudRate : 57600
[ 68-12-24 ][ 17:33:49 ]Q_Order->1 #|L|6|2|1| |T|02-02-1484|99|0|255|0|$
[ 68-12-24 ][ 17:33:49 ]Q_Order->2 #|L|8|4|1| |T||999|0|255|0|$
