[ 68-10-02 ][ 08:38:26 ]Serial Port : COM3
[ 68-10-02 ][ 08:38:26 ]BaudRate : 57600
[ 68-10-02 ][ 08:38:26 ]Port Open
[ 68-10-02 ][ 08:38:28 ]R->#|R|0|$
[ 68-10-02 ][ 08:40:12 ]Serial Port : COM3
[ 68-10-02 ][ 08:40:12 ]BaudRate : 57600
[ 68-10-02 ][ 08:40:12 ]Port Open
[ 68-10-02 ][ 08:41:07 ]Serial Port : COM3
[ 68-10-02 ][ 08:41:07 ]BaudRate : 57600
[ 68-10-02 ][ 08:41:07 ]Port Open
[ 68-10-02 ][ 08:41:08 ]R->#|R|0|$
[ 68-10-02 ][ 08:41:44 ]Serial Port : COM3
[ 68-10-02 ][ 08:41:44 ]BaudRate : 57600
[ 68-10-02 ][ 08:41:44 ]Port Open
[ 68-10-02 ][ 08:43:05 ]Serial Port : COM3
[ 68-10-02 ][ 08:43:05 ]BaudRate : 57600
[ 68-10-02 ][ 08:43:05 ]Port Open
[ 68-10-02 ][ 08:44:43 ]Serial Port : COM3
[ 68-10-02 ][ 08:44:43 ]BaudRate : 57600
[ 68-10-02 ][ 08:44:43 ]Port Open
[ 68-10-02 ][ 08:48:08 ]Serial Port : COM3
[ 68-10-02 ][ 08:48:08 ]BaudRate : 57600
[ 68-10-02 ][ 08:48:08 ]Port Open
[ 68-10-02 ][ 08:53:01 ]Serial Port : COM3
[ 68-10-02 ][ 08:53:01 ]BaudRate : 57600
[ 68-10-02 ][ 08:53:01 ]Port Open
[ 68-10-02 ][ 08:55:05 ]Serial Port : COM3
[ 68-10-02 ][ 08:55:05 ]BaudRate : 57600
[ 68-10-02 ][ 08:55:05 ]Port Open
[ 68-10-02 ][ 08:59:10 ]Q_SetLED->1 #|B|1|4|255|0|0|$
[ 68-10-02 ][ 08:59:11 ]Send->0#|B|1|4|255|0|0|$
[ 68-10-02 ][ 10:22:40 ]Serial Port : COM3
[ 68-10-02 ][ 10:22:40 ]BaudRate : 57600
[ 68-10-02 ][ 10:22:40 ]Port Open
[ 68-10-02 ][ 10:23:38 ]Serial Port : COM3
[ 68-10-02 ][ 10:23:38 ]BaudRate : 57600
[ 68-10-02 ][ 10:23:38 ]Port Open
[ 68-10-02 ][ 10:29:01 ]Serial Port : COM3
[ 68-10-02 ][ 10:29:01 ]BaudRate : 57600
[ 68-10-02 ][ 10:29:01 ]Port Open
