[ 68-12-28 ][ 10:08:50 ]Serial Port : COM3
[ 68-12-28 ][ 10:08:50 ]BaudRate : 57600
[ 68-12-28 ][ 10:10:48 ]Serial Port : COM3
[ 68-12-28 ][ 10:10:48 ]BaudRate : 57600
[ 68-12-28 ][ 10:13:10 ]Serial Port : COM3
[ 68-12-28 ][ 10:13:10 ]BaudRate : 57600
[ 68-12-28 ][ 13:17:22 ]Serial Port : COM3
[ 68-12-28 ][ 13:17:22 ]BaudRate : 57600
[ 68-12-28 ][ 13:18:46 ]Q_Order->1 #|L|5|2|1| |T|1/1/2029 12:00:00 AM|998|0|255|0|$
[ 68-12-28 ][ 13:18:46 ]Q_Order->2 #|L|8|2|1| |test|1/1/2029|996|0|255|0|$
[ 68-12-28 ][ 13:20:46 ]Q_Order->3 #|L|6|1|1| |test|1/1/2029|975|0|255|0|$
[ 68-12-28 ][ 13:21:27 ]Q_Order->4 #|L|6|1|1| |test|1/1/2029|975|0|255|0|$
[ 68-12-28 ][ 13:21:59 ]Q_Order->5 #|L|6|1|1| |test|1/1/2029|975|0|255|0|$
[ 68-12-28 ][ 13:26:45 ]Serial Port : COM3
[ 68-12-28 ][ 13:26:45 ]BaudRate : 57600
[ 68-12-28 ][ 13:27:05 ]Q_Order->1 #|L|6|1|1| |test|1/1/2029|974|0|255|0|$
[ 68-12-28 ][ 13:47:27 ]Serial Port : COM3
[ 68-12-28 ][ 13:47:27 ]BaudRate : 57600
[ 68-12-28 ][ 13:47:46 ]Q_Order->1 #|L|6|4|1| |test|1/1/2029|987|0|255|0|$
[ 68-12-28 ][ 13:47:58 ]Q_Order->2 #|L|3|4|1| |test|1/1/2029|991|0|255|0|$
[ 68-12-28 ][ 13:48:03 ]Q_Order->3 #|L|6|0|1| |S13|5/1/2028 12:00:00 AM|982|0|255|0|$
