[ 68-11-26 ][ 10:55:36 ]Serial Port : COM3
[ 68-11-26 ][ 10:55:36 ]BaudRate : 57600
[ 68-11-26 ][ 11:52:20 ]Serial Port : COM3
[ 68-11-26 ][ 11:52:20 ]BaudRate : 57600
[ 68-11-26 ][ 11:54:03 ]Serial Port : COM3
[ 68-11-26 ][ 11:54:03 ]BaudRate : 57600
[ 68-11-26 ][ 11:59:59 ]Serial Port : COM3
[ 68-11-26 ][ 11:59:59 ]BaudRate : 57600
[ 68-11-26 ][ 14:41:05 ]Serial Port : COM3
[ 68-11-26 ][ 14:41:05 ]BaudRate : 57600
[ 68-11-26 ][ 14:44:29 ]Q_Order->1 #|L|0|0|1|P38|test|01-01-1486|976|0|255|0|$
[ 68-11-26 ][ 14:44:29 ]Error ID
[ 68-11-26 ][ 14:44:29 ]Q_Order->1 #|L|0|0|1|P35|test|01-01-1486|993|0|255|0|$
[ 68-11-26 ][ 14:44:29 ]Error ID
[ 68-11-26 ][ 14:44:29 ]Q_Order->1 #|L|0|0|1|P41|test|01-01-1486|992|0|255|0|$
[ 68-11-26 ][ 14:44:29 ]Error ID
[ 68-11-26 ][ 14:44:41 ]Q_Order->1 #|L|0|0|1|P38|test|01-01-1486|976|0|255|0|$
[ 68-11-26 ][ 14:44:41 ]Error ID
[ 68-11-26 ][ 14:44:41 ]Q_Order->1 #|L|0|0|1|P35|test|01-01-1486|993|0|255|0|$
[ 68-11-26 ][ 14:44:41 ]Error ID
[ 68-11-26 ][ 14:44:41 ]Q_Order->1 #|L|0|0|1|P41|test|01-01-1486|992|0|255|0|$
[ 68-11-26 ][ 14:44:41 ]Error ID
[ 68-11-26 ][ 14:44:53 ]Q_Order->1 #|L|0|0|1|P38|test|01-01-1486|976|0|255|0|$
[ 68-11-26 ][ 14:44:53 ]Error ID
[ 68-11-26 ][ 14:44:53 ]Q_Order->1 #|L|0|0|1|P35|test|01-01-1486|993|0|255|0|$
[ 68-11-26 ][ 14:44:53 ]Error ID
[ 68-11-26 ][ 14:44:53 ]Q_Order->1 #|L|0|0|1|P41|test|01-01-1486|992|0|255|0|$
[ 68-11-26 ][ 14:44:53 ]Error ID
[ 68-11-26 ][ 14:45:31 ]Q_Order->1 #|L|0|0|1|P38|test|01-01-1486|976|0|255|0|$
[ 68-11-26 ][ 14:45:31 ]Error ID
[ 68-11-26 ][ 14:45:31 ]Q_Order->1 #|L|0|0|1|P35|test|01-01-1486|993|0|255|0|$
[ 68-11-26 ][ 14:45:31 ]Error ID
[ 68-11-26 ][ 14:45:31 ]Q_Order->1 #|L|0|0|1|P41|test|01-01-1486|992|0|255|0|$
[ 68-11-26 ][ 14:45:31 ]Error ID
[ 68-11-26 ][ 14:46:03 ]Q_Order->1 #|L|0|0|1|P38|test|01-01-1486|976|0|255|0|$
[ 68-11-26 ][ 14:46:03 ]Error ID
[ 68-11-26 ][ 14:46:03 ]Q_Order->1 #|L|0|0|1|P35|test|01-01-1486|993|0|255|0|$
[ 68-11-26 ][ 14:46:03 ]Error ID
[ 68-11-26 ][ 14:46:03 ]Q_Order->1 #|L|0|0|1|P41|test|01-01-1486|992|0|255|0|$
[ 68-11-26 ][ 14:46:03 ]Error ID
[ 68-11-26 ][ 14:48:42 ]Serial Port : COM3
[ 68-11-26 ][ 14:48:42 ]BaudRate : 57600
[ 68-11-26 ][ 14:49:40 ]Serial Port : COM3
[ 68-11-26 ][ 14:49:40 ]BaudRate : 57600
[ 68-11-26 ][ 14:49:59 ]Q_Order->1 #|L|0|0|1|P38|test|01-01-1486|976|0|255|0|$
[ 68-11-26 ][ 14:49:59 ]Error ID
[ 68-11-26 ][ 14:49:59 ]Q_Order->1 #|L|0|0|1|P35|test|01-01-1486|993|0|255|0|$
[ 68-11-26 ][ 14:49:59 ]Error ID
[ 68-11-26 ][ 14:49:59 ]Q_Order->1 #|L|0|0|1|P41|test|01-01-1486|992|0|255|0|$
[ 68-11-26 ][ 14:49:59 ]Error ID
[ 68-11-26 ][ 14:50:24 ]Q_Order->1 #|L|0|0|1|P38|test|01-01-1486|976|0|255|0|$
[ 68-11-26 ][ 14:50:24 ]Error ID
[ 68-11-26 ][ 14:50:24 ]Q_Order->1 #|L|0|0|1|P35|test|01-01-1486|993|0|255|0|$
[ 68-11-26 ][ 14:50:24 ]Error ID
[ 68-11-26 ][ 14:50:24 ]Q_Order->1 #|L|0|0|1|P41|test|01-01-1486|992|0|255|0|$
[ 68-11-26 ][ 14:50:24 ]Error ID
[ 68-11-26 ][ 14:53:03 ]Q_SetEEprom->1 #|E|2|2|4|AMLODIPINE EXTEMP 1MG/ML 60ML|||P38|$
[ 68-11-26 ][ 14:53:03 ]Q_SetEEprom->2 #|E|2|2|4|AMLODIPINE EXTEMP 1MG/ML 60ML|||P38|$
[ 68-11-26 ][ 14:53:11 ]Q_SetEEprom->3 #|E|2|2|1|FUROSEMIDE EXTEMP 2MG/ML 60ML|||P35|$
[ 68-11-26 ][ 14:53:11 ]Q_SetEEprom->4 #|E|2|2|1|FUROSEMIDE EXTEMP 2MG/ML 60ML|||P35|$
[ 68-11-26 ][ 14:53:13 ]Q_SetEEprom->5 #|E|1|1|1|SILDENAFIL EXTEMP 2MG/ML 60ML|||P41|$
[ 68-11-26 ][ 14:53:13 ]Q_SetEEprom->6 #|E|1|1|1|SILDENAFIL EXTEMP 2MG/ML 60ML|||P41|$
[ 68-11-26 ][ 14:53:47 ]Q_SetLED->7 #|B|8|0|255|0|0|$
[ 68-11-26 ][ 14:54:17 ]Q_Order->8 #|L|8|0||SODIUM NITRATE 240ML (น้ำยาอดบุหรี่)|test|1/1/2572 0:00:00|1100|0|0|0|$
[ 68-11-26 ][ 14:54:25 ]Q_SetLED->9 #|B|1|0|0|0|0|$
