[ 68-10-16 ][ 08:20:18 ]Serial Port : COM3
[ 68-10-16 ][ 08:20:18 ]BaudRate : 57600
[ 68-10-16 ][ 08:20:18 ]Port Open
[ 68-10-16 ][ 08:20:49 ]Serial Port : COM3
[ 68-10-16 ][ 08:20:49 ]BaudRate : 57600
[ 68-10-16 ][ 08:20:49 ]Port Open
[ 68-10-16 ][ 08:21:52 ]Serial Port : COM3
[ 68-10-16 ][ 08:21:52 ]BaudRate : 57600
[ 68-10-16 ][ 08:21:52 ]Port Open
[ 68-10-16 ][ 08:23:00 ]Serial Port : COM3
[ 68-10-16 ][ 08:23:00 ]BaudRate : 57600
[ 68-10-16 ][ 08:23:00 ]Port Open
[ 68-10-16 ][ 08:26:44 ]Serial Port : COM3
[ 68-10-16 ][ 08:26:44 ]BaudRate : 57600
[ 68-10-16 ][ 08:26:44 ]Port Open
[ 68-10-16 ][ 08:27:50 ]Serial Port : COM3
[ 68-10-16 ][ 08:27:50 ]BaudRate : 57600
[ 68-10-16 ][ 08:27:50 ]Port Open
[ 68-10-16 ][ 08:28:17 ]Q_Order->1 #|L|1|4|1|||||0|255|0|$
[ 68-10-16 ][ 08:28:18 ]Send->0#|L|1|4|1| ||||0|255|0|$
[ 68-10-16 ][ 08:28:32 ]R->#|U|1|4|1|$
[ 68-10-16 ][ 08:28:48 ]Q_Order->1 #|L|1|4|1|||||0|255|0|$
[ 68-10-16 ][ 08:28:49 ]Send->0#|L|1|4|1| ||||0|255|0|$
[ 68-10-16 ][ 08:28:52 ]R->#|U|1|4|1|$
[ 68-10-16 ][ 08:31:09 ]Serial Port : COM3
[ 68-10-16 ][ 08:31:09 ]BaudRate : 57600
[ 68-10-16 ][ 08:31:09 ]Port Open
[ 68-10-16 ][ 08:31:32 ]Q_Order->1 #|L|1|2|1|||||0|255|0|$
[ 68-10-16 ][ 08:31:33 ]Send->0#|L|1|2|1| ||||0|255|0|$
[ 68-10-16 ][ 08:33:20 ]Serial Port : COM3
[ 68-10-16 ][ 08:33:20 ]BaudRate : 57600
[ 68-10-16 ][ 08:33:20 ]Port Open
[ 68-10-16 ][ 08:33:49 ]Q_Order->1 #|L|1|2|1|||||0|255|0|$
[ 68-10-16 ][ 08:33:50 ]Send->0#|L|1|2|1| ||||0|255|0|$
[ 68-10-16 ][ 08:33:52 ]R->#|U|1|2|1|$
[ 68-10-16 ][ 08:36:22 ]Serial Port : COM3
[ 68-10-16 ][ 08:36:22 ]BaudRate : 57600
[ 68-10-16 ][ 08:36:22 ]Port Open
[ 68-10-16 ][ 08:37:22 ]Serial Port : COM3
[ 68-10-16 ][ 08:37:22 ]BaudRate : 57600
[ 68-10-16 ][ 08:37:22 ]Port Open
[ 68-10-16 ][ 08:37:37 ]Q_Order->1 #|L|1|2|1|||||0|255|0|$
[ 68-10-16 ][ 08:37:38 ]Send->0#|L|1|2|1| ||||0|255|0|$
[ 68-10-16 ][ 08:37:42 ]R->#|U|1|2|1|$
[ 68-10-16 ][ 08:37:48 ]Q_Order->1 #|L|1|2|1|||||0|255|0|$
[ 68-10-16 ][ 08:37:48 ]Send->0#|L|1|2|1| ||||0|255|0|$
[ 68-10-16 ][ 08:37:52 ]R->#|U|1|2|1|$
[ 68-10-16 ][ 08:38:56 ]Serial Port : COM3
[ 68-10-16 ][ 08:38:56 ]BaudRate : 57600
[ 68-10-16 ][ 08:38:56 ]Port Open
[ 68-10-16 ][ 08:44:30 ]Serial Port : COM3
[ 68-10-16 ][ 08:44:30 ]BaudRate : 57600
[ 68-10-16 ][ 08:44:30 ]Port Open
[ 68-10-16 ][ 08:44:48 ]Q_Order->1 #|L|1|2|1|||||0|255|0|$
[ 68-10-16 ][ 08:44:49 ]Send->0#|L|1|2|1| ||||0|255|0|$
[ 68-10-16 ][ 08:44:52 ]R->#|U|1|2|1|$
[ 68-10-16 ][ 08:46:52 ]Q_Order->1 #|L|1|2|1|||||0|255|0|$
[ 68-10-16 ][ 08:46:52 ]Send->0#|L|1|2|1| ||||0|255|0|$
[ 68-10-16 ][ 08:47:00 ]R->#|U|1|2|1|$
[ 68-10-16 ][ 08:48:20 ]Serial Port : COM3
[ 68-10-16 ][ 08:48:20 ]BaudRate : 57600
[ 68-10-16 ][ 08:48:20 ]Port Open
[ 68-10-16 ][ 08:48:51 ]Q_Order->1 #|L|1|2|1|||||0|255|0|$
[ 68-10-16 ][ 08:48:51 ]Send->0#|L|1|2|1| ||||0|255|0|$
[ 68-10-16 ][ 08:48:57 ]R->#|U|1|2|1|$
[ 68-10-16 ][ 08:49:54 ]Q_Order->1 #|L|1|2|1|||||0|255|0|$
[ 68-10-16 ][ 08:49:55 ]Send->0#|L|1|2|1| ||||0|255|0|$
[ 68-10-16 ][ 08:51:57 ]Serial Port : COM3
[ 68-10-16 ][ 08:51:57 ]BaudRate : 57600
[ 68-10-16 ][ 08:51:57 ]Port Open
[ 68-10-16 ][ 08:52:04 ]R->#|U|1|2|1|$
[ 68-10-16 ][ 08:52:53 ]Serial Port : COM3
[ 68-10-16 ][ 08:52:53 ]BaudRate : 57600
[ 68-10-16 ][ 08:52:53 ]Port Open
[ 68-10-16 ][ 08:53:10 ]Q_Order->1 #|L|1|2|1|||||0|255|0|$
[ 68-10-16 ][ 08:53:10 ]Send->0#|L|1|2|1| ||||0|255|0|$
[ 68-10-16 ][ 08:53:31 ]Serial Port : COM3
[ 68-10-16 ][ 08:53:31 ]BaudRate : 57600
[ 68-10-16 ][ 08:53:31 ]Port Open
[ 68-10-16 ][ 08:55:49 ]Serial Port : COM3
[ 68-10-16 ][ 08:55:49 ]BaudRate : 57600
[ 68-10-16 ][ 08:55:49 ]Port Open
[ 68-10-16 ][ 08:56:03 ]Q_Order->1 #|L|1|2|1|||||0|255|0|$
[ 68-10-16 ][ 08:56:04 ]Send->0#|L|1|2|1| ||||0|255|0|$
[ 68-10-16 ][ 08:56:08 ]R->#|U|1|2|1|$
[ 68-10-16 ][ 08:56:48 ]Serial Port : COM3
[ 68-10-16 ][ 08:56:48 ]BaudRate : 57600
[ 68-10-16 ][ 08:56:48 ]Port Open
[ 68-10-16 ][ 08:57:12 ]Q_Order->1 #|L|1|2|1|||||0|255|0|$
[ 68-10-16 ][ 08:57:14 ]Send->0#|L|1|2|1| ||||0|255|0|$
[ 68-10-16 ][ 08:57:21 ]R->#|U|1|2|1|$
[ 68-10-16 ][ 08:57:56 ]Q_Order->1 #|L|1|2|1|||||0|255|0|$
[ 68-10-16 ][ 08:57:57 ]Send->0#|L|1|2|1| ||||0|255|0|$
[ 68-10-16 ][ 09:06:29 ]Serial Port : COM3
[ 68-10-16 ][ 09:06:29 ]BaudRate : 57600
[ 68-10-16 ][ 09:06:29 ]Port Open
[ 68-10-16 ][ 09:06:41 ]Q_Order->1 #|L|1|2|1|||||0|255|0|$
[ 68-10-16 ][ 09:06:42 ]Send->0#|L|1|2|1| ||||0|255|0|$
[ 68-10-16 ][ 09:06:45 ]R->#|U|1|2|1|$
[ 68-10-16 ][ 09:08:19 ]Serial Port : COM3
[ 68-10-16 ][ 09:08:19 ]BaudRate : 57600
[ 68-10-16 ][ 09:08:19 ]Port Open
[ 68-10-16 ][ 09:08:24 ]Q_Order->1 #|L|1|2|1|||||0|255|0|$
[ 68-10-16 ][ 09:08:24 ]Q_Order->2 #|L|1|4|4|||||0|255|0|$
[ 68-10-16 ][ 09:08:25 ]Send->1#|L|1|2|1| ||||0|255|0|$
[ 68-10-16 ][ 09:08:25 ]Send->0#|L|1|4|4| ||||0|255|0|$
[ 68-10-16 ][ 09:08:34 ]R->#|U|1|2|1|$
[ 68-10-16 ][ 09:08:36 ]R->#|U|1|4|4|$
[ 68-10-16 ][ 09:10:00 ]Serial Port : COM3
[ 68-10-16 ][ 09:10:00 ]BaudRate : 57600
[ 68-10-16 ][ 09:10:00 ]Port Open
[ 68-10-16 ][ 09:10:06 ]Q_Order->1 #|L|1|2|1|||||0|255|0|$
[ 68-10-16 ][ 09:10:06 ]Send->0#|L|1|2|1| ||||0|255|0|$
[ 68-10-16 ][ 09:10:10 ]R->#|U|1|2|1|$
[ 68-10-16 ][ 09:10:38 ]Serial Port : COM3
[ 68-10-16 ][ 09:10:38 ]BaudRate : 57600
[ 68-10-16 ][ 09:11:03 ]Q_Order->1 #|L|1|2|1|||||0|255|0|$
[ 68-10-16 ][ 09:12:14 ]Serial Port : COM3
[ 68-10-16 ][ 09:12:14 ]BaudRate : 57600
[ 68-10-16 ][ 09:12:43 ]Q_Order->1 #|L|1|2|1|||||0|255|0|$
[ 68-10-16 ][ 09:13:38 ]Serial Port : COM3
[ 68-10-16 ][ 09:13:38 ]BaudRate : 57600
[ 68-10-16 ][ 09:14:51 ]Serial Port : COM3
[ 68-10-16 ][ 09:14:51 ]BaudRate : 57600
[ 68-10-16 ][ 09:15:01 ]Q_Order->1 #|L|1|2|1|||||0|255|0|$
[ 68-10-16 ][ 09:16:07 ]Serial Port : COM3
[ 68-10-16 ][ 09:16:07 ]BaudRate : 57600
[ 68-10-16 ][ 09:16:14 ]Serial Port : COM3
[ 68-10-16 ][ 09:16:14 ]BaudRate : 57600
[ 68-10-16 ][ 09:16:41 ]Serial Port : COM3
[ 68-10-16 ][ 09:16:41 ]BaudRate : 57600
[ 68-10-16 ][ 09:16:52 ]Q_Order->1 #|L|1|2|1|||||0|255|0|$
[ 68-10-16 ][ 09:17:34 ]Q_Order->2 #|L|1|2|1|||||0|255|0|$
[ 68-10-16 ][ 09:19:35 ]Serial Port : COM3
[ 68-10-16 ][ 09:19:35 ]BaudRate : 57600
[ 68-10-16 ][ 09:19:35 ]Port Open
[ 68-10-16 ][ 09:19:51 ]Q_Order->1 #|L|1|2|1|||||0|255|0|$
[ 68-10-16 ][ 09:19:52 ]Send->0#|L|1|2|1| ||||0|255|0|$
[ 68-10-16 ][ 09:19:58 ]R->#|U|1|2|1|$
[ 68-10-16 ][ 09:20:32 ]Serial Port : COM3
[ 68-10-16 ][ 09:20:32 ]BaudRate : 57600
[ 68-10-16 ][ 09:20:32 ]Port Open
[ 68-10-16 ][ 09:20:39 ]Q_Order->1 #|L|1|2|1|||||0|255|0|$
[ 68-10-16 ][ 09:20:39 ]Q_Order->2 #|L|1|4|4|||||0|255|0|$
[ 68-10-16 ][ 09:20:40 ]Send->1#|L|1|2|1| ||||0|255|0|$
[ 68-10-16 ][ 09:20:41 ]Send->0#|L|1|4|4| ||||0|255|0|$
[ 68-10-16 ][ 09:20:44 ]R->#|U|1|2|1|$
[ 68-10-16 ][ 09:21:02 ]R->#|U|1|4|4|$
[ 68-10-16 ][ 09:26:48 ]Serial Port : COM3
[ 68-10-16 ][ 09:26:48 ]BaudRate : 57600
[ 68-10-16 ][ 09:26:48 ]Port Open
[ 68-10-16 ][ 09:27:07 ]Q_Order->1 #|L|1|2|1|||||0|255|0|$
[ 68-10-16 ][ 09:27:08 ]Send->0#|L|1|2|1| ||||0|255|0|$
[ 68-10-16 ][ 09:27:10 ]R->#|U|1|2|1|$
[ 68-10-16 ][ 10:36:13 ]Serial Port : COM3
[ 68-10-16 ][ 10:36:13 ]BaudRate : 57600
[ 68-10-16 ][ 10:36:13 ]Port Open
[ 68-10-16 ][ 10:36:39 ]Q_Order->1 #|L|1|4|4|||||0|255|0|$
[ 68-10-16 ][ 10:36:39 ]Send->0#|L|1|4|4| ||||0|255|0|$
[ 68-10-16 ][ 10:40:47 ]Serial Port : COM3
[ 68-10-16 ][ 10:40:47 ]BaudRate : 57600
[ 68-10-16 ][ 10:40:47 ]Port Open
[ 68-10-16 ][ 10:43:50 ]Serial Port : COM3
[ 68-10-16 ][ 10:43:50 ]BaudRate : 57600
[ 68-10-16 ][ 10:43:50 ]Port Open
[ 68-10-16 ][ 10:44:10 ]Q_Order->1 #|L|1|2|1|||||0|255|0|$
[ 68-10-16 ][ 10:44:10 ]Q_Order->2 #|L|1|4|4|||||0|255|0|$
[ 68-10-16 ][ 10:44:11 ]Send->1#|L|1|2|1| ||||0|255|0|$
[ 68-10-16 ][ 10:44:11 ]Send->0#|L|1|4|4| ||||0|255|0|$
[ 68-10-16 ][ 10:48:09 ]Serial Port : COM3
[ 68-10-16 ][ 10:48:09 ]BaudRate : 57600
[ 68-10-16 ][ 10:48:09 ]Port Open
[ 68-10-16 ][ 10:48:32 ]Q_Order->1 #|L|1|2|1|||||0|255|0|$
[ 68-10-16 ][ 10:48:32 ]Q_Order->2 #|L|1|4|4|||||0|255|0|$
[ 68-10-16 ][ 10:48:32 ]Send->1#|L|1|2|1| ||||0|255|0|$
[ 68-10-16 ][ 10:48:33 ]Send->0#|L|1|4|4| ||||0|255|0|$
[ 68-10-16 ][ 10:50:35 ]Serial Port : COM3
[ 68-10-16 ][ 10:50:35 ]BaudRate : 57600
[ 68-10-16 ][ 10:50:35 ]Port Open
[ 68-10-16 ][ 10:50:43 ]Q_Order->1 #|L|1|2|1|||||0|255|0|$
[ 68-10-16 ][ 10:50:43 ]Q_Order->2 #|L|1|4|4|||||0|255|0|$
[ 68-10-16 ][ 10:50:43 ]Send->1#|L|1|2|1| ||||0|255|0|$
[ 68-10-16 ][ 10:50:44 ]Send->0#|L|1|4|4| ||||0|255|0|$
[ 68-10-16 ][ 10:53:42 ]Serial Port : COM3
[ 68-10-16 ][ 10:53:42 ]BaudRate : 57600
[ 68-10-16 ][ 10:53:42 ]Port Open
[ 68-10-16 ][ 10:53:49 ]Q_Order->1 #|L|1|2|1|||||0|255|0|$
[ 68-10-16 ][ 10:53:49 ]Q_Order->2 #|L|1|4|4|||||0|255|0|$
[ 68-10-16 ][ 10:53:49 ]Send->1#|L|1|2|1| ||||0|255|0|$
[ 68-10-16 ][ 10:53:50 ]Send->0#|L|1|4|4| ||||0|255|0|$
[ 68-10-16 ][ 10:55:24 ]Q_Order->1 #|L|1|2|1|||||0|255|0|$
[ 68-10-16 ][ 10:55:25 ]Send->0#|L|1|2|1| ||||0|255|0|$
[ 68-10-16 ][ 10:55:26 ]Q_Order->1 #|L|1|4|4|||||0|255|0|$
[ 68-10-16 ][ 10:55:33 ]Send->0#|L|1|4|4| ||||0|255|0|$
[ 68-10-16 ][ 10:59:58 ]Serial Port : COM3
[ 68-10-16 ][ 10:59:58 ]BaudRate : 57600
[ 68-10-16 ][ 10:59:58 ]Port Open
[ 68-10-16 ][ 11:00:20 ]Q_Order->1 #|L|1|2|1|||||0|255|0|$
[ 68-10-16 ][ 11:00:20 ]Q_Order->2 #|L|1|4|4|||||0|255|0|$
[ 68-10-16 ][ 11:00:20 ]Send->1#|L|1|2|1| ||||0|255|0|$
[ 68-10-16 ][ 11:00:21 ]Send->0#|L|1|4|4| ||||0|255|0|$
[ 68-10-16 ][ 11:12:20 ]Serial Port : COM3
[ 68-10-16 ][ 11:12:20 ]BaudRate : 57600
[ 68-10-16 ][ 11:12:20 ]Port Open
[ 68-10-16 ][ 11:12:45 ]Q_Order->1 #|L|1|2|1|||||0|255|0|$
[ 68-10-16 ][ 11:12:45 ]Q_Order->2 #|L|1|4|4|||||0|255|0|$
[ 68-10-16 ][ 11:12:46 ]Send->1#|L|1|2|1| ||||0|255|0|$
[ 68-10-16 ][ 11:12:47 ]Send->0#|L|1|4|4| ||||0|255|0|$
[ 68-10-16 ][ 11:20:15 ]Serial Port : COM3
[ 68-10-16 ][ 11:20:15 ]BaudRate : 57600
[ 68-10-16 ][ 11:20:15 ]Port Open
[ 68-10-16 ][ 11:20:39 ]Q_Order->1 #|L|1|2|1|||||0|255|0|$
[ 68-10-16 ][ 11:20:39 ]Q_Order->2 #|L|1|4|4|||||0|255|0|$
[ 68-10-16 ][ 11:20:39 ]Send->1#|L|1|2|1| ||||0|255|0|$
[ 68-10-16 ][ 11:20:40 ]Send->0#|L|1|4|4| ||||0|255|0|$
[ 68-10-16 ][ 11:23:02 ]Serial Port : COM3
[ 68-10-16 ][ 11:23:02 ]BaudRate : 57600
[ 68-10-16 ][ 11:23:02 ]Port Open
[ 68-10-16 ][ 11:23:15 ]Q_Order->1 #|L|1|2|1|||||0|255|0|$
[ 68-10-16 ][ 11:23:15 ]Q_Order->2 #|L|1|4|4|||||0|255|0|$
[ 68-10-16 ][ 11:23:16 ]Send->1#|L|1|2|1| ||||0|255|0|$
[ 68-10-16 ][ 11:23:16 ]Send->0#|L|1|4|4| ||||0|255|0|$
[ 68-10-16 ][ 14:34:11 ]Serial Port : COM3
[ 68-10-16 ][ 14:34:11 ]BaudRate : 57600
[ 68-10-16 ][ 14:34:11 ]Port Open
[ 68-10-16 ][ 14:34:38 ]Q_Order->1 #|L|1|2|1|||||0|255|0|$
[ 68-10-16 ][ 14:34:39 ]Send->0#|L|1|2|1| ||||0|255|0|$
[ 68-10-16 ][ 14:35:04 ]Q_Order->1 #|L|1|2|1|||||0|255|0|$
[ 68-10-16 ][ 14:35:05 ]Send->0#|L|1|2|1| ||||0|255|0|$
[ 68-10-16 ][ 14:35:07 ]R->#|U|1|2|1|$
[ 68-10-16 ][ 14:38:37 ]Serial Port : COM3
[ 68-10-16 ][ 14:38:37 ]BaudRate : 57600
[ 68-10-16 ][ 14:38:37 ]Port Open
[ 68-10-16 ][ 14:38:45 ]R->#|R|E00401530FAF6951|$
[ 68-10-16 ][ 14:38:47 ]R->#|R|0|$
[ 68-10-16 ][ 14:38:51 ]R->#|R|E00401530FAF6951|$
[ 68-10-16 ][ 14:38:51 ]R->#|R|0|$
[ 68-10-16 ][ 14:39:03 ]Q_Order->1 #|L|1|2|1|||||0|255|0|$
[ 68-10-16 ][ 14:39:04 ]Send->0#|L|1|2|1| ||||0|255|0|$
[ 68-10-16 ][ 14:39:10 ]Q_Order->1 #|L|1|2|1|||||0|255|0|$
[ 68-10-16 ][ 14:39:11 ]Send->0#|L|1|2|1| ||||0|255|0|$
[ 68-10-16 ][ 14:40:27 ]Serial Port : COM3
[ 68-10-16 ][ 14:40:27 ]BaudRate : 57600
[ 68-10-16 ][ 14:40:27 ]Port Open
[ 68-10-16 ][ 14:40:54 ]Q_Order->1 #|L|1|2|1|||||0|255|0|$
[ 68-10-16 ][ 14:40:54 ]Send->0#|L|1|2|1| ||||0|255|0|$
[ 68-10-16 ][ 14:43:11 ]Q_Order->1 #|L|1|2|1|||||0|255|0|$
[ 68-10-16 ][ 14:43:12 ]Send->0#|L|1|2|1| ||||0|255|0|$
[ 68-10-16 ][ 14:43:46 ]Serial Port : COM3
[ 68-10-16 ][ 14:43:46 ]BaudRate : 57600
[ 68-10-16 ][ 14:43:46 ]Port Open
[ 68-10-16 ][ 14:43:55 ]Q_Order->1 #|L|1|2|1|||||0|255|0|$
[ 68-10-16 ][ 14:43:55 ]Q_Order->2 #|L|1|4|4|||||0|255|0|$
[ 68-10-16 ][ 14:43:55 ]Send->1#|L|1|2|1| ||||0|255|0|$
[ 68-10-16 ][ 14:43:56 ]Send->0#|L|1|4|4| ||||0|255|0|$
[ 68-10-16 ][ 14:45:55 ]Serial Port : COM3
[ 68-10-16 ][ 14:45:55 ]BaudRate : 57600
[ 68-10-16 ][ 14:45:55 ]Port Open
[ 68-10-16 ][ 14:46:20 ]Q_Order->1 #|L|1|2|1|||||0|255|0|$
[ 68-10-16 ][ 14:46:20 ]Q_Order->2 #|L|1|4|4|||||0|255|0|$
[ 68-10-16 ][ 14:46:21 ]Send->1#|L|1|2|1| ||||0|255|0|$
[ 68-10-16 ][ 14:46:21 ]Send->0#|L|1|4|4| ||||0|255|0|$
[ 68-10-16 ][ 14:53:42 ]Serial Port : COM3
[ 68-10-16 ][ 14:53:42 ]BaudRate : 57600
[ 68-10-16 ][ 14:53:42 ]Port Open
[ 68-10-16 ][ 14:53:58 ]Q_Order->1 #|L|1|2|1|||||0|255|0|$
[ 68-10-16 ][ 14:53:58 ]Send->0#|L|1|2|1| ||||0|255|0|$
[ 68-10-16 ][ 15:17:24 ]Serial Port : COM3
[ 68-10-16 ][ 15:17:24 ]BaudRate : 57600
[ 68-10-16 ][ 15:17:24 ]Port Open
[ 68-10-16 ][ 15:22:27 ]R->#|R|0|$
[ 68-10-16 ][ 15:22:27 ]R->#|R|E00401530FAF6951|$
[ 68-10-16 ][ 15:23:52 ]Serial Port : COM3
[ 68-10-16 ][ 15:23:52 ]BaudRate : 57600
[ 68-10-16 ][ 15:23:53 ]Port Open
[ 68-10-16 ][ 15:26:36 ]Serial Port : COM3
[ 68-10-16 ][ 15:26:36 ]BaudRate : 57600
[ 68-10-16 ][ 15:26:36 ]Port Open
[ 68-10-16 ][ 15:27:02 ]R->#|R|0|$
[ 68-10-16 ][ 15:27:03 ]Q_Order->1 #|L|1|2|1|||||0|255|0|$
[ 68-10-16 ][ 15:27:04 ]Send->0#|L|1|2|1| ||||0|255|0|$
[ 68-10-16 ][ 15:28:35 ]Serial Port : COM3
[ 68-10-16 ][ 15:28:35 ]BaudRate : 57600
[ 68-10-16 ][ 15:28:35 ]Port Open
[ 68-10-16 ][ 15:30:43 ]Serial Port : COM3
[ 68-10-16 ][ 15:30:43 ]BaudRate : 57600
[ 68-10-16 ][ 15:30:43 ]Port Open
[ 68-10-16 ][ 15:31:24 ]Q_Order->1 #|L|1|2|1|||||0|255|0|$
[ 68-10-16 ][ 15:31:27 ]Send->0#|L|1|2|1| ||||0|255|0|$
[ 68-10-16 ][ 15:32:14 ]Serial Port : COM3
[ 68-10-16 ][ 15:32:14 ]BaudRate : 57600
[ 68-10-16 ][ 15:32:14 ]Port Open
[ 68-10-16 ][ 15:34:10 ]Serial Port : COM3
[ 68-10-16 ][ 15:34:10 ]BaudRate : 57600
[ 68-10-16 ][ 15:34:10 ]Port Open
[ 68-10-16 ][ 15:35:56 ]Serial Port : COM3
[ 68-10-16 ][ 15:35:56 ]BaudRate : 57600
[ 68-10-16 ][ 15:35:56 ]Port Open
[ 68-10-16 ][ 15:36:44 ]Q_Order->1 #|L|1|2|1|||||0|255|0|$
[ 68-10-16 ][ 15:36:55 ]Send->0#|L|1|2|1| ||||0|255|0|$
[ 68-10-16 ][ 15:36:56 ]Q_Order->1 #|L|1|2|1|||||0|255|0|$
[ 68-10-16 ][ 15:36:57 ]Send->0#|L|1|2|1| ||||0|255|0|$
[ 68-10-16 ][ 15:40:14 ]Serial Port : COM3
[ 68-10-16 ][ 15:40:14 ]BaudRate : 57600
[ 68-10-16 ][ 15:40:14 ]Port Open
[ 68-10-16 ][ 15:40:33 ]Q_Order->1 #|L|1|2|1|||||0|255|0|$
[ 68-10-16 ][ 15:40:34 ]Send->0#|L|1|2|1| ||||0|255|0|$
[ 68-10-16 ][ 15:43:22 ]Serial Port : COM3
[ 68-10-16 ][ 15:43:22 ]BaudRate : 57600
[ 68-10-16 ][ 15:43:22 ]Port Open
[ 68-10-16 ][ 15:43:47 ]Q_Order->1 #|L|1|4|4|||||0|255|0|$
[ 68-10-16 ][ 15:43:48 ]Send->0#|L|1|4|4| ||||0|255|0|$
[ 68-10-16 ][ 15:45:52 ]Q_Order->1 #|L|1|2|1|||||0|255|0|$
[ 68-10-16 ][ 15:45:52 ]Send->0#|L|1|2|1| ||||0|255|0|$
[ 68-10-16 ][ 15:49:07 ]Serial Port : COM3
[ 68-10-16 ][ 15:49:07 ]BaudRate : 57600
[ 68-10-16 ][ 15:49:07 ]Port Open
[ 68-10-16 ][ 15:49:19 ]Q_Order->1 #|L|1|2|1|||||0|255|0|$
[ 68-10-16 ][ 15:49:19 ]Send->0#|L|1|2|1| ||||0|255|0|$
[ 68-10-16 ][ 15:53:01 ]Q_Order->1 #|L|1|2|1|||||0|255|0|$
[ 68-10-16 ][ 15:53:01 ]Send->0#|L|1|2|1| ||||0|255|0|$
[ 68-10-16 ][ 15:53:27 ]Serial Port : COM3
[ 68-10-16 ][ 15:53:27 ]BaudRate : 57600
[ 68-10-16 ][ 15:53:27 ]Port Open
