[ 68-11-19 ][ 12:24:03 ]Serial Port : COM3
[ 68-11-19 ][ 12:24:03 ]BaudRate : 57600
[ 68-11-19 ][ 12:24:03 ]Port Open
[ 68-11-19 ][ 12:24:25 ]Serial Port : COM3
[ 68-11-19 ][ 12:24:25 ]BaudRate : 57600
[ 68-11-19 ][ 12:24:25 ]Port Open
[ 68-11-19 ][ 12:24:29 ]Q_Order->1 #|L|6|0|1|S13|1|05-01-2027|89|0|255|0|$
[ 68-11-19 ][ 12:24:30 ]Send->0#|L|6|0|1| |1|05-01-2027|89|0|255|0|$
[ 68-11-19 ][ 12:32:54 ]Serial Port : COM3
[ 68-11-19 ][ 12:32:54 ]BaudRate : 57600
[ 68-11-19 ][ 12:32:54 ]Port Open
[ 68-11-19 ][ 12:33:03 ]Q_Order->1 #|L|6|0|1|S13|1|05-01-2027|89|0|255|0|$
[ 68-11-19 ][ 12:33:03 ]Send->0#|L|6|0|1| |1|05-01-2027|89|0|255|0|$
[ 68-11-19 ][ 12:33:17 ]R->#|U|6|0|1|$
[ 68-11-19 ][ 12:33:17 ]Q_SetEEprom->1 #|E|6|6|0|PARACETAMOL 120MG/5ML SYR 60ML|||S13|$
[ 68-11-19 ][ 12:33:17 ]Q_SetEEprom->2 #|E|6|6|0|PARACETAMOL 120MG/5ML SYR 60ML|||S13|$
[ 68-11-19 ][ 12:33:17 ]Send->1#|E|6|6|0|PARACETAMOL 120MG/5ML SYR 60ML|||S13|$
[ 68-11-19 ][ 12:33:18 ]Send->0#|E|6|6|0|PARACETAMOL 120MG/5ML SYR 60ML|||S13|$
[ 68-11-19 ][ 12:33:27 ]Q_SetEEprom->1 #|E|6|6|0|PARACETAMOL 120MG/5ML SYR 60ML|||S13|$
[ 68-11-19 ][ 12:33:27 ]Send->0#|E|6|6|0|PARACETAMOL 120MG/5ML SYR 60ML|||S13|$
[ 68-11-19 ][ 12:33:29 ]Q_SetEEprom->1 #|E|8|8|4|60MG/0.6ML PARACETAMOLORAL SOL 15ML|||S5|$
[ 68-11-19 ][ 12:33:29 ]Send->0#|E|8|8|4|60MG/0.6ML PARACETAMOLORAL SOL 15ML|||S5|$
[ 68-11-19 ][ 12:33:31 ]Q_SetEEprom->1 #|E|8|8|4|60MG/0.6ML PARACETAMOLORAL SOL 15ML|||S5|$
[ 68-11-19 ][ 12:33:31 ]Send->0#|E|8|8|4|60MG/0.6ML PARACETAMOLORAL SOL 15ML|||S5|$
[ 68-11-19 ][ 12:33:33 ]Q_SetEEprom->1 #|E|7|7|5|250 MG/5ML AMOXYCILLIN DRY SYRUP 60ML|||S12|$
[ 68-11-19 ][ 12:33:34 ]Send->0#|E|7|7|5|250 MG/5ML AMOXYCILLIN DRY SYRUP 60ML|||S12|$
[ 68-11-19 ][ 12:33:35 ]Q_SetEEprom->1 #|E|5|5|4|ANTACIL 240 ML|||S22|$
[ 68-11-19 ][ 12:33:36 ]Send->0#|E|5|5|4|ANTACIL 240 ML|||S22|$
[ 68-11-19 ][ 12:33:37 ]Q_SetEEprom->1 #|E|2|2|2|ANTACIL 30ML|||S36|$
[ 68-11-19 ][ 12:33:37 ]Send->0#|E|2|2|2|ANTACIL 30ML|||S36|$
[ 68-11-19 ][ 12:33:39 ]Q_SetEEprom->1 #|E|7|7|2|400+57mg/5ml AMOXY+CLAV SYR 70ML|||S9|$
[ 68-11-19 ][ 12:33:39 ]Send->0#|E|7|7|2|400+57mg/5ml AMOXY+CLAV SYR 70ML|||S9|$
[ 68-11-19 ][ 12:33:41 ]Q_SetEEprom->1 #|E|8|8|1|600+42.9MG/5ML AMOXY+CLAV SYR 70ML|||S2|$
[ 68-11-19 ][ 12:33:41 ]Send->0#|E|8|8|1|600+42.9MG/5ML AMOXY+CLAV SYR 70ML|||S2|$
[ 68-11-19 ][ 12:33:43 ]Q_SetEEprom->1 #|E|7|7|0|AZITHROMYCIN 200 MG/5ML SUSP 15ML|||S7|$
[ 68-11-19 ][ 12:33:43 ]Send->0#|E|7|7|0|AZITHROMYCIN 200 MG/5ML SUSP 15ML|||S7|$
[ 68-11-19 ][ 12:33:45 ]Q_SetEEprom->1 #|E|5|5|2|bromHEXINE 4 MG/5 ML 60ML|||S20|$
[ 68-11-19 ][ 12:33:45 ]Send->0#|E|5|5|2|bromHEXINE 4 MG/5 ML 60ML|||S20|$
[ 68-11-19 ][ 12:33:47 ]Q_SetEEprom->1 #|E|2|2|3|CARMINATIVE 30 ML|||S37|$
[ 68-11-19 ][ 12:33:48 ]Send->0#|E|2|2|3|CARMINATIVE 30 ML|||S37|$
[ 68-11-19 ][ 12:33:49 ]Q_SetEEprom->1 #|E|5|5|3|CARMINATIVE 180 ML|||S21|$
[ 68-11-19 ][ 12:33:49 ]Send->0#|E|5|5|3|CARMINATIVE 180 ML|||S21|$
[ 68-11-19 ][ 12:33:51 ]Q_SetEEprom->1 #|E|1|1|2|CASTOR OIL 30ML|||S42|$
[ 68-11-19 ][ 12:33:51 ]Send->0#|E|1|1|2|CASTOR OIL 30ML|||S42|$
[ 68-11-19 ][ 12:33:53 ]Q_SetEEprom->1 #|E|7|7|1|CEPHALEXIN SYR 125MG/5ML 60ML|||S8|$
[ 68-11-19 ][ 12:33:53 ]Send->0#|E|7|7|1|CEPHALEXIN SYR 125MG/5ML 60ML|||S8|$
[ 68-11-19 ][ 12:33:55 ]Q_SetEEprom->1 #|E|7|7|3|CEFDINIR 125 MG/5ML 30ML SUSP|||S10|$
[ 68-11-19 ][ 12:33:55 ]Send->0#|E|7|7|3|CEFDINIR 125 MG/5ML 30ML SUSP|||S10|$
[ 68-11-19 ][ 12:33:57 ]Q_SetEEprom->1 #|E|7|7|3|CEFDINIR 125 MG/5ML 30ML SUSP|||S10|$
[ 68-11-19 ][ 12:33:57 ]Send->0#|E|7|7|3|CEFDINIR 125 MG/5ML 30ML SUSP|||S10|$
[ 68-11-19 ][ 12:33:59 ]Q_SetEEprom->1 #|E|6|6|2|CETIRIZINE 1MG/ML 60ML|||S15|$
[ 68-11-19 ][ 12:34:00 ]Send->0#|E|6|6|2|CETIRIZINE 1MG/ML 60ML|||S15|$
[ 68-11-19 ][ 12:34:01 ]Q_SetEEprom->1 #|E|5|5|1|CHLORPHENIRAMINE 2MG/5ML SYR 60ML|||S19|$
[ 68-11-19 ][ 12:34:02 ]Send->0#|E|5|5|1|CHLORPHENIRAMINE 2MG/5ML SYR 60ML|||S19|$
[ 68-11-19 ][ 12:34:03 ]Q_SetEEprom->1 #|E|5|5|0|COTRIMOXAZOLE SUSP (TMP 40MG : SMZ 200MG/5ML|||S18|$
[ 68-11-19 ][ 12:34:03 ]Send->0#|E|5|5|0|COTRIMOXAZOLE SUSP (TMP 40MG : SMZ 200MG/5ML|||S18|$
[ 68-11-19 ][ 12:34:05 ]Q_SetEEprom->1 #|E|8|8|2|DESLORATADINE 0.5MG/ML SYR 60ML|||S3|$
[ 68-11-19 ][ 12:34:05 ]Send->0#|E|8|8|2|DESLORATADINE 0.5MG/ML SYR 60ML|||S3|$
[ 68-11-19 ][ 12:34:07 ]Q_SetEEprom->1 #|E|7|7|4|DICLOXACILLIN 62.5MG/5ML SYR 30 ML|||S11|$
[ 68-11-19 ][ 12:34:07 ]Send->0#|E|7|7|4|DICLOXACILLIN 62.5MG/5ML SYR 30 ML|||S11|$
[ 68-11-19 ][ 12:34:09 ]Q_SetEEprom->1 #|E|6|6|4|DOMPERIDONE 1MG/ML SUSP 30ML|||S17|$
[ 68-11-19 ][ 12:34:09 ]Send->0#|E|6|6|4|DOMPERIDONE 1MG/ML SUSP 30ML|||S17|$
[ 68-11-19 ][ 12:34:11 ]Q_SetEEprom->1 #|E|3|3|5|FERDEX DROP(Fe= 15 MG/0.6 ML)15ML|||S33|$
[ 68-11-19 ][ 12:34:12 ]Send->0#|E|3|3|5|FERDEX DROP(Fe= 15 MG/0.6 ML)15ML|||S33|$
[ 68-11-19 ][ 12:34:13 ]Q_SetEEprom->1 #|E|6|6|1|GLYCERYL GUAIACOLATE 100 MG/5 ML 60ML|||S14|$
[ 68-11-19 ][ 12:34:14 ]Send->0#|E|6|6|1|GLYCERYL GUAIACOLATE 100 MG/5 ML 60ML|||S14|$
[ 68-11-19 ][ 12:34:15 ]Q_SetEEprom->1 #|E|2|2|1|IBUPROFEN 100 MG/5 ML 60ML|||S35|$
[ 68-11-19 ][ 12:34:15 ]Send->0#|E|2|2|1|IBUPROFEN 100 MG/5 ML 60ML|||S35|$
[ 68-11-19 ][ 12:34:17 ]Q_SetEEprom->1 #|E|4|4|2|JOULIE SOLUTION 30 ML|||S25|$
[ 68-11-19 ][ 12:34:17 ]Send->0#|E|4|4|2|JOULIE SOLUTION 30 ML|||S25|$
[ 68-11-19 ][ 12:34:19 ]Q_SetEEprom->1 #|E|3|3|0|LACTULOSE 67%SYR 1000ML|||S28|$
[ 68-11-19 ][ 12:34:19 ]Send->0#|E|3|3|0|LACTULOSE 67%SYR 1000ML|||S28|$
[ 68-11-19 ][ 12:34:21 ]Q_SetEEprom->1 #|E|3|3|1|LEVETIRACETAM 100MG/ML 300ML SOL (KEPPRA)|||S29|$
[ 68-11-19 ][ 12:34:21 ]Send->0#|E|3|3|1|LEVETIRACETAM 100MG/ML 300ML SOL (KEPPRA)|||S29|$
[ 68-11-19 ][ 12:34:23 ]Q_SetEEprom->1 #|E|6|6|3|ยาน้ำแก้ไอผสมมะขามป้อม120ซีซี|||S16|$
[ 68-11-19 ][ 12:34:23 ]Send->0#|E|6|6|3|ยาน้ำแก้ไอผสมมะขามป้อม120ซีซี|||S16|$
[ 68-11-19 ][ 12:34:25 ]Q_SetEEprom->1 #|E|8|8|5|MEMANTINE SOL 5MG/PUMP 100ML (EBIXA)|||S6|$
[ 68-11-19 ][ 12:34:26 ]Send->0#|E|8|8|5|MEMANTINE SOL 5MG/PUMP 100ML (EBIXA)|||S6|$
[ 68-11-19 ][ 12:34:27 ]Q_SetEEprom->1 #|E|8|8|5|MEMANTINE SOL 5MG/PUMP 100ML (EBIXA)|||S6|$
[ 68-11-19 ][ 12:34:28 ]Send->0#|E|8|8|5|MEMANTINE SOL 5MG/PUMP 100ML (EBIXA)|||S6|$
[ 68-11-19 ][ 12:34:29 ]Q_SetEEprom->1 #|E|2|2|4|MILK OF MAGNESIA 240 ML|||S38|$
[ 68-11-19 ][ 12:34:29 ]Send->0#|E|2|2|4|MILK OF MAGNESIA 240 ML|||S38|$
[ 68-11-19 ][ 12:34:31 ]Q_SetEEprom->1 #|E|4|4|1|MILK OF MAGNESIA 30 ML|||S24|$
[ 68-11-19 ][ 12:34:31 ]Send->0#|E|4|4|1|MILK OF MAGNESIA 30 ML|||S24|$
[ 68-11-19 ][ 12:34:33 ]Q_SetEEprom->1 #|E|4|4|4|MULTIVITAMIN SYR 60ML|||S27|$
[ 68-11-19 ][ 12:34:33 ]Send->0#|E|4|4|4|MULTIVITAMIN SYR 60ML|||S27|$
[ 68-11-19 ][ 12:34:35 ]Q_SetEEprom->1 #|E|2|2|5|PEG SOLUTION 1000ML|||S39|$
[ 68-11-19 ][ 12:34:35 ]Send->0#|E|2|2|5|PEG SOLUTION 1000ML|||S39|$
[ 68-11-19 ][ 12:34:37 ]Q_SetEEprom->1 #|E|1|1|3|PEG SOLUTION 240ML (เด็ก)|||S43|$
[ 68-11-19 ][ 12:34:38 ]Send->0#|E|1|1|3|PEG SOLUTION 240ML (เด็ก)|||S43|$
[ 68-11-19 ][ 12:34:39 ]Q_SetEEprom->1 #|E|1|1|0|POTASSIUM CITRATE SOL 240ML|||S40|$
[ 68-11-19 ][ 12:34:40 ]Send->0#|E|1|1|0|POTASSIUM CITRATE SOL 240ML|||S40|$
[ 68-11-19 ][ 12:34:41 ]Q_SetEEprom->1 #|E|1|1|1|POTASSIUM CITRATE SOL 1000ML|||S41|$
[ 68-11-19 ][ 12:34:41 ]Send->0#|E|1|1|1|POTASSIUM CITRATE SOL 1000ML|||S41|$
[ 68-11-19 ][ 12:34:43 ]Q_SetEEprom->1 #|E|2|2|0|PROCATEROL 25MCG/5ML SYR 60ML(MEPTIN)|||S34|$
[ 68-11-19 ][ 12:34:43 ]Send->0#|E|2|2|0|PROCATEROL 25MCG/5ML SYR 60ML(MEPTIN)|||S34|$
[ 68-11-19 ][ 12:34:45 ]Q_SetEEprom->1 #|E|8|8|3|RISPERIDONE 1MG/ML 30 ML SOL|||S4|$
[ 68-11-19 ][ 12:34:45 ]Send->0#|E|8|8|3|RISPERIDONE 1MG/ML 30 ML SOL|||S4|$
[ 68-11-19 ][ 12:34:47 ]Q_SetEEprom->1 #|E|1|1|4|RIVASTIGMINE 2MG/ML SYR 50ML (EXELON)|||S44|$
[ 68-11-19 ][ 12:34:48 ]Send->0#|E|1|1|4|RIVASTIGMINE 2MG/ML SYR 50ML (EXELON)|||S44|$
[ 68-11-19 ][ 12:34:49 ]Q_SetEEprom->1 #|E|3|3|2|SALBUTAMOL 2MG/5ML SYR 60ML|||S30|$
[ 68-11-19 ][ 12:34:50 ]Send->0#|E|3|3|2|SALBUTAMOL 2MG/5ML SYR 60ML|||S30|$
[ 68-11-19 ][ 12:34:51 ]Q_SetEEprom->1 #|E|1|1|5|50%MAGNESIUM SULFATE SOL 240ML|||S45|$
[ 68-11-19 ][ 12:34:51 ]Send->0#|E|1|1|5|50%MAGNESIUM SULFATE SOL 240ML|||S45|$
[ 68-11-19 ][ 12:34:53 ]Q_SetEEprom->1 #|E|4|4|0|50%MAGNESIUM SOL 30 ML|||S23|$
[ 68-11-19 ][ 12:34:53 ]Send->0#|E|4|4|0|50%MAGNESIUM SOL 30 ML|||S23|$
[ 68-11-19 ][ 12:34:55 ]Q_SetEEprom->1 #|E|3|3|4|SIMETHICONE 40MG/0.6ML SUSP.15ML|||S32|$
[ 68-11-19 ][ 12:34:55 ]Send->0#|E|3|3|4|SIMETHICONE 40MG/0.6ML SUSP.15ML|||S32|$
[ 68-11-19 ][ 12:34:57 ]Q_SetEEprom->1 #|E|4|4|3|SOD VALPROATE 200MG/ML SYR 60ML|||S26|$
[ 68-11-19 ][ 12:34:57 ]Send->0#|E|4|4|3|SOD VALPROATE 200MG/ML SYR 60ML|||S26|$
[ 68-11-19 ][ 12:34:59 ]Q_SetEEprom->1 #|E|8|8|0|SODIUM PHOSPHATE (XUBIL) 90ML|||S1|$
[ 68-11-19 ][ 12:35:00 ]Send->0#|E|8|8|0|SODIUM PHOSPHATE (XUBIL) 90ML|||S1|$
[ 68-11-19 ][ 12:35:01 ]Q_SetEEprom->1 #|E|3|3|3|VITAMIN E 50MG/ML DROP 15ML|||S31|$
[ 68-11-19 ][ 12:35:02 ]Send->0#|E|3|3|3|VITAMIN E 50MG/ML DROP 15ML|||S31|$
[ 68-11-19 ][ 12:35:24 ]Q_SetLED->1 #|B|4|2|255|0|0|$
[ 68-11-19 ][ 12:35:24 ]Send->0#|B|4|2|255|0|0|$
[ 68-11-19 ][ 12:35:39 ]Q_SetLED->1 #|B|1|0|0|0|0|$
[ 68-11-19 ][ 12:35:39 ]Send->0#|B|1|0|0|0|0|$
[ 68-11-19 ][ 12:35:42 ]R->#|U|4|2|0|$
[ 68-11-19 ][ 12:36:23 ]Q_SetLED->1 #|B|4|0|255|0|0|$
[ 68-11-19 ][ 12:36:23 ]Send->0#|B|4|0|255|0|0|$
[ 68-11-19 ][ 12:37:02 ]Serial Port : COM3
[ 68-11-19 ][ 12:37:02 ]BaudRate : 57600
[ 68-11-19 ][ 12:37:02 ]Port Open
[ 68-11-19 ][ 12:38:13 ]Q_Order->1 #|L|6|0|1|S13|1|05-01-2027|88|0|255|0|$
[ 68-11-19 ][ 12:38:14 ]Send->0#|L|6|0|1| |1|05-01-2027|88|0|255|0|$
[ 68-11-19 ][ 13:35:36 ]Serial Port : COM3
[ 68-11-19 ][ 13:35:36 ]BaudRate : 57600
[ 68-11-19 ][ 13:36:40 ]Serial Port : COM3
[ 68-11-19 ][ 13:36:40 ]BaudRate : 57600
[ 68-11-19 ][ 13:37:15 ]Serial Port : COM3
[ 68-11-19 ][ 13:37:15 ]BaudRate : 57600
[ 68-11-19 ][ 13:39:01 ]Q_Order->1 #|L|6|0|1|S13|1|05-01-2027|88|0|255|0|$
[ 68-11-19 ][ 13:40:44 ]Serial Port : COM3
[ 68-11-19 ][ 13:40:44 ]BaudRate : 57600
[ 68-11-19 ][ 13:41:04 ]Q_Order->1 #|L|6|0|1|S13|1|05-01-2027|88|0|255|0|$
[ 68-11-19 ][ 13:44:56 ]Q_Order->2 #|L|6|0|1|S13|1|05-01-2027|88|0|255|0|$
[ 68-11-19 ][ 13:55:57 ]Serial Port : COM3
[ 68-11-19 ][ 13:55:57 ]BaudRate : 57600
[ 68-11-19 ][ 13:58:27 ]Serial Port : COM3
[ 68-11-19 ][ 13:58:27 ]BaudRate : 57600
[ 68-11-19 ][ 13:59:17 ]Serial Port : COM3
[ 68-11-19 ][ 13:59:17 ]BaudRate : 57600
[ 68-11-19 ][ 14:00:01 ]Serial Port : COM3
[ 68-11-19 ][ 14:00:01 ]BaudRate : 57600
[ 68-11-19 ][ 14:01:55 ]Serial Port : COM3
[ 68-11-19 ][ 14:01:55 ]BaudRate : 57600
[ 68-11-19 ][ 14:03:25 ]Serial Port : COM3
[ 68-11-19 ][ 14:03:25 ]BaudRate : 57600
[ 68-11-19 ][ 14:10:37 ]Serial Port : COM3
[ 68-11-19 ][ 14:10:37 ]BaudRate : 57600
[ 68-11-19 ][ 14:12:09 ]Serial Port : COM3
[ 68-11-19 ][ 14:12:09 ]BaudRate : 57600
[ 68-11-19 ][ 14:13:19 ]Serial Port : COM3
[ 68-11-19 ][ 14:13:19 ]BaudRate : 57600
[ 68-11-19 ][ 14:15:27 ]Serial Port : COM3
[ 68-11-19 ][ 14:15:27 ]BaudRate : 57600
[ 68-11-19 ][ 14:21:51 ]Serial Port : COM3
[ 68-11-19 ][ 14:21:51 ]BaudRate : 57600
[ 68-11-19 ][ 14:22:38 ]Serial Port : COM3
[ 68-11-19 ][ 14:22:38 ]BaudRate : 57600
[ 68-11-19 ][ 14:23:37 ]Serial Port : COM3
[ 68-11-19 ][ 14:23:37 ]BaudRate : 57600
[ 68-11-19 ][ 14:24:08 ]Serial Port : COM3
[ 68-11-19 ][ 14:24:08 ]BaudRate : 57600
[ 68-11-19 ][ 14:26:43 ]Serial Port : COM3
[ 68-11-19 ][ 14:26:43 ]BaudRate : 57600
[ 68-11-19 ][ 15:57:16 ]Serial Port : COM3
[ 68-11-19 ][ 15:57:16 ]BaudRate : 57600
[ 68-11-19 ][ 15:57:16 ]Port Open
[ 68-11-19 ][ 15:57:23 ]R->#|R|0|$
[ 68-11-19 ][ 15:57:49 ]Serial Port : COM3
[ 68-11-19 ][ 15:57:49 ]BaudRate : 57600
[ 68-11-19 ][ 15:57:49 ]Port Open
[ 68-11-19 ][ 15:58:28 ]R->#|R|E002230C1AD02A6A|$
[ 68-11-19 ][ 15:58:31 ]R->#|R|0|$
[ 68-11-19 ][ 15:58:46 ]R->#|R|E002230C1AD02A6A|$
[ 68-11-19 ][ 15:59:15 ]Serial Port : COM3
[ 68-11-19 ][ 15:59:15 ]BaudRate : 57600
[ 68-11-19 ][ 15:59:15 ]Port Open
[ 68-11-19 ][ 15:59:19 ]R->#|R|0|$
[ 68-11-19 ][ 15:59:53 ]Serial Port : COM3
[ 68-11-19 ][ 15:59:53 ]BaudRate : 57600
[ 68-11-19 ][ 15:59:53 ]Port Open
[ 68-11-19 ][ 15:59:57 ]R->#|R|E002230C1AD02A6A|$
[ 68-11-19 ][ 16:00:34 ]Serial Port : COM3
[ 68-11-19 ][ 16:00:34 ]BaudRate : 57600
[ 68-11-19 ][ 16:00:34 ]Port Open
[ 68-11-19 ][ 16:00:38 ]R->#|R|E002230C1AD02A6A|$
[ 68-11-19 ][ 16:01:27 ]Serial Port : COM3
[ 68-11-19 ][ 16:01:27 ]BaudRate : 57600
[ 68-11-19 ][ 16:01:27 ]Port Open
[ 68-11-19 ][ 16:01:35 ]R->#|R|0|$
[ 68-11-19 ][ 16:01:49 ]R->#|R|E002230C1AD02A6A|$
[ 68-11-19 ][ 16:02:52 ]Serial Port : COM3
[ 68-11-19 ][ 16:02:52 ]BaudRate : 57600
[ 68-11-19 ][ 16:02:52 ]Port Open
[ 68-11-19 ][ 16:02:55 ]R->#|R|0|$
[ 68-11-19 ][ 16:02:59 ]R->#|R|E002230C1AD02A6A|$
[ 68-11-19 ][ 16:03:02 ]R->#|R|0|$
[ 68-11-19 ][ 16:03:55 ]Serial Port : COM3
[ 68-11-19 ][ 16:03:55 ]BaudRate : 57600
[ 68-11-19 ][ 16:03:55 ]Port Open
[ 68-11-19 ][ 16:04:00 ]R->#|R|E002230C1AD02A6A|$
[ 68-11-19 ][ 16:04:03 ]R->#|R|0|$
[ 68-11-19 ][ 16:04:04 ]R->#|R|E002230C1AD02A6A|$
[ 68-11-19 ][ 16:05:44 ]Serial Port : COM3
[ 68-11-19 ][ 16:05:44 ]BaudRate : 57600
[ 68-11-19 ][ 16:05:44 ]Port Open
[ 68-11-19 ][ 16:06:05 ]Serial Port : COM3
[ 68-11-19 ][ 16:06:05 ]BaudRate : 57600
[ 68-11-19 ][ 16:06:05 ]Port Open
[ 68-11-19 ][ 16:06:08 ]R->#|R|E002230C1AD02A6A|$
[ 68-11-19 ][ 16:06:53 ]R->#|R|0|$
[ 68-11-19 ][ 16:06:54 ]R->#|R|E002230C1AD02A6A|$
[ 68-11-19 ][ 16:06:59 ]R->#|R|0|$
[ 68-11-19 ][ 16:07:14 ]Serial Port : COM3
[ 68-11-19 ][ 16:07:14 ]BaudRate : 57600
[ 68-11-19 ][ 16:07:14 ]Port Open
[ 68-11-19 ][ 16:07:35 ]Serial Port : COM3
[ 68-11-19 ][ 16:07:35 ]BaudRate : 57600
[ 68-11-19 ][ 16:07:35 ]Port Open
[ 68-11-19 ][ 16:07:45 ]R->#|U|1|4|0|$
[ 68-11-19 ][ 16:07:45 ]R->#|U|1|4|0|$
[ 68-11-19 ][ 16:07:48 ]R->#|U|1|4|0|$
[ 68-11-19 ][ 16:08:37 ]Serial Port : COM3
[ 68-11-19 ][ 16:08:37 ]BaudRate : 57600
[ 68-11-19 ][ 16:08:37 ]Port Open
[ 68-11-19 ][ 16:09:15 ]Serial Port : COM3
[ 68-11-19 ][ 16:09:15 ]BaudRate : 57600
[ 68-11-19 ][ 16:09:15 ]Port Open
[ 68-11-19 ][ 16:09:41 ]R->#|R|E002230C1AD02A6A|$
[ 68-11-19 ][ 16:09:45 ]R->#|R|0|$
[ 68-11-19 ][ 16:10:13 ]Serial Port : COM3
[ 68-11-19 ][ 16:10:13 ]BaudRate : 57600
[ 68-11-19 ][ 16:10:13 ]Port Open
[ 68-11-19 ][ 16:10:16 ]R->#|R|E002230C1AD02A6A|$
[ 68-11-19 ][ 16:13:56 ]Serial Port : COM3
[ 68-11-19 ][ 16:13:56 ]BaudRate : 57600
[ 68-11-19 ][ 16:16:54 ]Serial Port : COM3
[ 68-11-19 ][ 16:16:54 ]BaudRate : 57600
[ 68-11-19 ][ 16:17:45 ]Serial Port : COM3
[ 68-11-19 ][ 16:17:45 ]BaudRate : 57600
[ 68-11-19 ][ 16:19:58 ]Serial Port : COM3
[ 68-11-19 ][ 16:19:58 ]BaudRate : 57600
[ 68-11-19 ][ 16:22:20 ]Serial Port : COM3
[ 68-11-19 ][ 16:22:20 ]BaudRate : 57600
[ 68-11-19 ][ 16:22:56 ]Serial Port : COM3
[ 68-11-19 ][ 16:22:56 ]BaudRate : 57600
[ 68-11-19 ][ 16:24:17 ]Serial Port : COM3
[ 68-11-19 ][ 16:24:17 ]BaudRate : 57600
[ 68-11-19 ][ 16:26:25 ]Serial Port : COM3
[ 68-11-19 ][ 16:26:25 ]BaudRate : 57600
[ 68-11-19 ][ 16:27:56 ]Serial Port : COM3
[ 68-11-19 ][ 16:27:56 ]BaudRate : 57600
[ 68-11-19 ][ 16:28:43 ]Serial Port : COM3
[ 68-11-19 ][ 16:28:43 ]BaudRate : 57600
[ 68-11-19 ][ 16:30:26 ]Serial Port : COM3
[ 68-11-19 ][ 16:30:26 ]BaudRate : 57600
[ 68-11-19 ][ 16:30:59 ]Serial Port : COM3
[ 68-11-19 ][ 16:30:59 ]BaudRate : 57600
[ 68-11-19 ][ 16:33:27 ]Serial Port : COM3
[ 68-11-19 ][ 16:33:27 ]BaudRate : 57600
[ 68-11-19 ][ 16:35:48 ]Serial Port : COM3
[ 68-11-19 ][ 16:35:48 ]BaudRate : 57600
[ 68-11-19 ][ 16:43:08 ]Serial Port : COM3
[ 68-11-19 ][ 16:43:08 ]BaudRate : 57600
[ 68-11-19 ][ 16:46:04 ]Serial Port : COM3
[ 68-11-19 ][ 16:46:04 ]BaudRate : 57600
[ 68-11-19 ][ 16:48:32 ]Serial Port : COM3
[ 68-11-19 ][ 16:48:32 ]BaudRate : 57600
[ 68-11-19 ][ 16:51:02 ]Serial Port : COM3
[ 68-11-19 ][ 16:51:02 ]BaudRate : 57600
[ 68-11-19 ][ 16:51:59 ]Serial Port : COM3
[ 68-11-19 ][ 16:51:59 ]BaudRate : 57600
[ 68-11-19 ][ 16:53:10 ]Serial Port : COM3
[ 68-11-19 ][ 16:53:10 ]BaudRate : 57600
[ 68-11-19 ][ 17:13:25 ]Serial Port : COM3
[ 68-11-19 ][ 17:13:25 ]BaudRate : 57600
[ 68-11-19 ][ 17:14:23 ]Serial Port : COM3
[ 68-11-19 ][ 17:14:23 ]BaudRate : 57600
[ 68-11-19 ][ 17:21:50 ]Serial Port : COM3
[ 68-11-19 ][ 17:21:50 ]BaudRate : 57600
[ 68-11-19 ][ 17:24:53 ]Serial Port : COM3
[ 68-11-19 ][ 17:24:53 ]BaudRate : 57600
[ 68-11-19 ][ 17:24:53 ]Port Open
[ 68-11-19 ][ 17:24:55 ]R->#|R|0|$
[ 68-11-19 ][ 17:25:14 ]Q_Order->1 #|L|1|0|1000||test|1/1/2029||0|0|0|$
[ 68-11-19 ][ 17:25:14 ]Q_SetEEprom->2 #|E|1|1|0|POTASSIUM CITRATE SOL 240ML|||S40|$
[ 68-11-19 ][ 17:25:15 ]Send->1#|L|1|0|1000| |test|1/1/2029||0|0|0|$
[ 68-11-19 ][ 17:25:16 ]Send->0#|E|1|1|0|POTASSIUM CITRATE SOL 240ML|||S40|$
[ 68-11-19 ][ 17:25:16 ]Q_Order->1 #|L|1|1|1000||test|1/1/2029||0|0|0|$
[ 68-11-19 ][ 17:25:16 ]Q_SetEEprom->2 #|E|1|1|1|POTASSIUM CITRATE SOL 1000ML|||S41|$
[ 68-11-19 ][ 17:25:17 ]Send->1#|L|1|1|1000| |test|1/1/2029||0|0|0|$
[ 68-11-19 ][ 17:25:17 ]Send->0#|E|1|1|1|POTASSIUM CITRATE SOL 1000ML|||S41|$
[ 68-11-19 ][ 17:25:18 ]Q_Order->1 #|L|1|2|1000||test|1/1/2029||0|0|0|$
[ 68-11-19 ][ 17:25:18 ]Q_SetEEprom->2 #|E|1|1|2|CASTOR OIL 30ML|||S42|$
[ 68-11-19 ][ 17:25:19 ]Send->1#|L|1|2|1000| |test|1/1/2029||0|0|0|$
[ 68-11-19 ][ 17:25:19 ]Send->0#|E|1|1|2|CASTOR OIL 30ML|||S42|$
[ 68-11-19 ][ 17:25:20 ]Q_Order->1 #|L|1|3|1000||test|1/1/2029||0|0|0|$
[ 68-11-19 ][ 17:25:20 ]Q_SetEEprom->2 #|E|1|1|3|PEG SOLUTION 240ML (เด็ก)|||S43|$
[ 68-11-19 ][ 17:25:21 ]Send->1#|L|1|3|1000| |test|1/1/2029||0|0|0|$
[ 68-11-19 ][ 17:25:22 ]Send->0#|E|1|1|3|PEG SOLUTION 240ML (เด็ก)|||S43|$
[ 68-11-19 ][ 17:25:23 ]Q_Order->1 #|L|1|4|1000||test|1/1/2029||0|0|0|$
[ 68-11-19 ][ 17:25:23 ]Q_SetEEprom->2 #|E|1|1|4|RIVASTIGMINE 2MG/ML SYR 50ML (EXELON)|||S44|$
[ 68-11-19 ][ 17:25:23 ]Send->1#|L|1|4|1000| |test|1/1/2029||0|0|0|$
[ 68-11-19 ][ 17:25:24 ]Send->0#|E|1|1|4|RIVASTIGMINE 2MG/ML SYR 50ML (EXELON)|||S44|$
[ 68-11-19 ][ 17:25:25 ]Q_Order->1 #|L|1|5|1000||test|1/1/2029||0|0|0|$
[ 68-11-19 ][ 17:25:25 ]Q_SetEEprom->2 #|E|1|1|5|50%MAGNESIUM SULFATE SOL 240ML|||S45|$
[ 68-11-19 ][ 17:25:25 ]Send->1#|L|1|5|1000| |test|1/1/2029||0|0|0|$
[ 68-11-19 ][ 17:25:26 ]Send->0#|E|1|1|5|50%MAGNESIUM SULFATE SOL 240ML|||S45|$
[ 68-11-19 ][ 17:25:27 ]Q_Order->1 #|L|2|0|1000||test|1/1/2029||0|0|0|$
[ 68-11-19 ][ 17:25:27 ]Q_SetEEprom->2 #|E|2|2|0|PROCATEROL 25MCG/5ML SYR 60ML(MEPTIN)|||S34|$
[ 68-11-19 ][ 17:25:27 ]Send->1#|L|2|0|1000| |test|1/1/2029||0|0|0|$
[ 68-11-19 ][ 17:25:28 ]Send->0#|E|2|2|0|PROCATEROL 25MCG/5ML SYR 60ML(MEPTIN)|||S34|$
[ 68-11-19 ][ 17:25:29 ]Q_Order->1 #|L|2|1|1000||test|1/1/2029||0|0|0|$
[ 68-11-19 ][ 17:25:29 ]Q_SetEEprom->2 #|E|2|2|1|IBUPROFEN 100 MG/5 ML 60ML|||S35|$
[ 68-11-19 ][ 17:25:29 ]Send->1#|L|2|1|1000| |test|1/1/2029||0|0|0|$
[ 68-11-19 ][ 17:25:29 ]Send->0#|E|2|2|1|IBUPROFEN 100 MG/5 ML 60ML|||S35|$
[ 68-11-19 ][ 17:25:31 ]Q_Order->1 #|L|2|2|1000||T|1/1/2029 12:00:00 AM||0|0|0|$
[ 68-11-19 ][ 17:25:31 ]Q_SetEEprom->2 #|E|2|2|2|ANTACIL 30ML|||S36|$
[ 68-11-19 ][ 17:25:31 ]Send->1#|L|2|2|1000| |T|1/1/2029 12:00:00 AM||0|0|0|$
[ 68-11-19 ][ 17:25:31 ]Send->0#|E|2|2|2|ANTACIL 30ML|||S36|$
[ 68-11-19 ][ 17:25:33 ]Q_Order->1 #|L|2|2|1000||test|1/1/2029||0|0|0|$
[ 68-11-19 ][ 17:25:33 ]Q_SetEEprom->2 #|E|2|2|2|ANTACIL 30ML|||S36|$
[ 68-11-19 ][ 17:25:33 ]Send->1#|L|2|2|1000| |test|1/1/2029||0|0|0|$
[ 68-11-19 ][ 17:25:34 ]Send->0#|E|2|2|2|ANTACIL 30ML|||S36|$
[ 68-11-19 ][ 17:25:35 ]Q_Order->1 #|L|2|3|1000||test|1/1/2029||0|0|0|$
[ 68-11-19 ][ 17:25:35 ]Q_SetEEprom->2 #|E|2|2|3|CARMINATIVE 30 ML|||S37|$
[ 68-11-19 ][ 17:25:35 ]Send->1#|L|2|3|1000| |test|1/1/2029||0|0|0|$
[ 68-11-19 ][ 17:25:36 ]Send->0#|E|2|2|3|CARMINATIVE 30 ML|||S37|$
[ 68-11-19 ][ 17:25:37 ]Q_Order->1 #|L|2|4|1000||test|1/1/2029||0|0|0|$
[ 68-11-19 ][ 17:25:37 ]Q_SetEEprom->2 #|E|2|2|4|MILK OF MAGNESIA 240 ML|||S38|$
[ 68-11-19 ][ 17:25:37 ]Send->1#|L|2|4|1000| |test|1/1/2029||0|0|0|$
[ 68-11-19 ][ 17:25:49 ]Serial Port : COM3
[ 68-11-19 ][ 17:25:49 ]BaudRate : 57600
[ 68-11-19 ][ 17:25:49 ]Port Open
[ 68-11-19 ][ 17:25:54 ]Q_Order->1 #|L|1|0|||test|1/1/2029||0|0|0|$
[ 68-11-19 ][ 17:25:54 ]Q_SetEEprom->2 #|E|1|1|0|POTASSIUM CITRATE SOL 240ML|||S40|$
[ 68-11-19 ][ 17:25:55 ]Send->1#|L|1|0|| |test|1/1/2029||0|0|0|$
[ 68-11-19 ][ 17:25:55 ]Send->0#|E|1|1|0|POTASSIUM CITRATE SOL 240ML|||S40|$
[ 68-11-19 ][ 17:25:56 ]Q_Order->1 #|L|1|1|||test|1/1/2029||0|0|0|$
[ 68-11-19 ][ 17:25:56 ]Q_SetEEprom->2 #|E|1|1|1|POTASSIUM CITRATE SOL 1000ML|||S41|$
[ 68-11-19 ][ 17:25:57 ]Send->1#|L|1|1|| |test|1/1/2029||0|0|0|$
[ 68-11-19 ][ 17:25:57 ]Send->0#|E|1|1|1|POTASSIUM CITRATE SOL 1000ML|||S41|$
[ 68-11-19 ][ 17:25:58 ]Q_Order->1 #|L|1|2|||test|1/1/2029||0|0|0|$
[ 68-11-19 ][ 17:25:58 ]Q_SetEEprom->2 #|E|1|1|2|CASTOR OIL 30ML|||S42|$
[ 68-11-19 ][ 17:25:59 ]Send->1#|L|1|2|| |test|1/1/2029||0|0|0|$
[ 68-11-19 ][ 17:25:59 ]Send->0#|E|1|1|2|CASTOR OIL 30ML|||S42|$
[ 68-11-19 ][ 17:26:00 ]Q_Order->1 #|L|1|3|||test|1/1/2029||0|0|0|$
[ 68-11-19 ][ 17:26:00 ]Q_SetEEprom->2 #|E|1|1|3|PEG SOLUTION 240ML (เด็ก)|||S43|$
[ 68-11-19 ][ 17:26:01 ]Send->1#|L|1|3|| |test|1/1/2029||0|0|0|$
[ 68-11-19 ][ 17:26:02 ]Send->0#|E|1|1|3|PEG SOLUTION 240ML (เด็ก)|||S43|$
[ 68-11-19 ][ 17:26:02 ]Q_Order->1 #|L|1|4|||test|1/1/2029||0|0|0|$
[ 68-11-19 ][ 17:26:02 ]Q_SetEEprom->2 #|E|1|1|4|RIVASTIGMINE 2MG/ML SYR 50ML (EXELON)|||S44|$
[ 68-11-19 ][ 17:26:03 ]Send->1#|L|1|4|| |test|1/1/2029||0|0|0|$
[ 68-11-19 ][ 17:26:04 ]Send->0#|E|1|1|4|RIVASTIGMINE 2MG/ML SYR 50ML (EXELON)|||S44|$
[ 68-11-19 ][ 17:26:04 ]Q_Order->1 #|L|1|5|||test|1/1/2029||0|0|0|$
[ 68-11-19 ][ 17:26:04 ]Q_SetEEprom->2 #|E|1|1|5|50%MAGNESIUM SULFATE SOL 240ML|||S45|$
[ 68-11-19 ][ 17:26:05 ]Send->1#|L|1|5|| |test|1/1/2029||0|0|0|$
[ 68-11-19 ][ 17:26:06 ]Send->0#|E|1|1|5|50%MAGNESIUM SULFATE SOL 240ML|||S45|$
[ 68-11-19 ][ 17:26:06 ]Q_Order->1 #|L|2|0|||test|1/1/2029||0|0|0|$
[ 68-11-19 ][ 17:26:06 ]Q_SetEEprom->2 #|E|2|2|0|PROCATEROL 25MCG/5ML SYR 60ML(MEPTIN)|||S34|$
[ 68-11-19 ][ 17:26:06 ]Send->1#|L|2|0|| |test|1/1/2029||0|0|0|$
[ 68-11-19 ][ 17:26:07 ]Send->0#|E|2|2|0|PROCATEROL 25MCG/5ML SYR 60ML(MEPTIN)|||S34|$
[ 68-11-19 ][ 17:26:08 ]R->#|U|1|1|0|$
[ 68-11-19 ][ 17:26:08 ]Q_Order->1 #|L|2|1|||test|1/1/2029||0|0|0|$
[ 68-11-19 ][ 17:26:08 ]Q_SetEEprom->2 #|E|2|2|1|IBUPROFEN 100 MG/5 ML 60ML|||S35|$
[ 68-11-19 ][ 17:26:09 ]Send->1#|L|2|1|| |test|1/1/2029||0|0|0|$
[ 68-11-19 ][ 17:26:09 ]Send->0#|E|2|2|1|IBUPROFEN 100 MG/5 ML 60ML|||S35|$
[ 68-11-19 ][ 17:26:10 ]Q_Order->1 #|L|2|2|||T|1/1/2029 12:00:00 AM||0|0|0|$
[ 68-11-19 ][ 17:26:10 ]Q_SetEEprom->2 #|E|2|2|2|ANTACIL 30ML|||S36|$
[ 68-11-19 ][ 17:26:11 ]Send->1#|L|2|2|| |T|1/1/2029 12:00:00 AM||0|0|0|$
[ 68-11-19 ][ 17:26:11 ]Send->0#|E|2|2|2|ANTACIL 30ML|||S36|$
[ 68-11-19 ][ 17:26:12 ]Q_Order->1 #|L|2|2|||test|1/1/2029||0|0|0|$
[ 68-11-19 ][ 17:26:12 ]Q_SetEEprom->2 #|E|2|2|2|ANTACIL 30ML|||S36|$
[ 68-11-19 ][ 17:26:13 ]Send->1#|L|2|2|| |test|1/1/2029||0|0|0|$
[ 68-11-19 ][ 17:26:14 ]Send->0#|E|2|2|2|ANTACIL 30ML|||S36|$
[ 68-11-19 ][ 17:26:14 ]Q_Order->1 #|L|2|3|||test|1/1/2029||0|0|0|$
[ 68-11-19 ][ 17:26:14 ]Q_SetEEprom->2 #|E|2|2|3|CARMINATIVE 30 ML|||S37|$
[ 68-11-19 ][ 17:26:15 ]Send->1#|L|2|3|| |test|1/1/2029||0|0|0|$
[ 68-11-19 ][ 17:26:15 ]R->#|U|2|2|0|$
[ 68-11-19 ][ 17:26:16 ]Send->0#|E|2|2|3|CARMINATIVE 30 ML|||S37|$
[ 68-11-19 ][ 17:26:16 ]Q_Order->1 #|L|2|4|||test|1/1/2029||0|0|0|$
[ 68-11-19 ][ 17:26:16 ]Q_SetEEprom->2 #|E|2|2|4|MILK OF MAGNESIA 240 ML|||S38|$
[ 68-11-19 ][ 17:26:17 ]Send->1#|L|2|4|| |test|1/1/2029||0|0|0|$
[ 68-11-19 ][ 17:26:18 ]Send->0#|E|2|2|4|MILK OF MAGNESIA 240 ML|||S38|$
[ 68-11-19 ][ 17:26:18 ]R->#|U|2|2|0|$
[ 68-11-19 ][ 17:26:18 ]Q_Order->1 #|L|2|5|||test|1/1/2029||0|0|0|$
[ 68-11-19 ][ 17:26:18 ]Q_SetEEprom->2 #|E|2|2|5|PEG SOLUTION 1000ML|||S39|$
[ 68-11-19 ][ 17:26:18 ]Send->1#|L|2|5|| |test|1/1/2029||0|0|0|$
[ 68-11-19 ][ 17:26:19 ]Send->0#|E|2|2|5|PEG SOLUTION 1000ML|||S39|$
[ 68-11-19 ][ 17:26:20 ]Q_Order->1 #|L|3|0|||test|1/1/2029||0|0|0|$
[ 68-11-19 ][ 17:26:20 ]Q_SetEEprom->2 #|E|3|3|0|LACTULOSE 67%SYR 1000ML|||S28|$
[ 68-11-19 ][ 17:26:21 ]Send->1#|L|3|0|| |test|1/1/2029||0|0|0|$
[ 68-11-19 ][ 17:26:21 ]Send->0#|E|3|3|0|LACTULOSE 67%SYR 1000ML|||S28|$
[ 68-11-19 ][ 17:26:22 ]Q_Order->1 #|L|3|1|||test|1/1/2029||0|0|0|$
[ 68-11-19 ][ 17:26:22 ]Q_SetEEprom->2 #|E|3|3|1|LEVETIRACETAM 100MG/ML 300ML SOL (KEPPRA)|||S29|$
[ 68-11-19 ][ 17:26:23 ]Send->1#|L|3|1|| |test|1/1/2029||0|0|0|$
[ 68-11-19 ][ 17:26:23 ]Send->0#|E|3|3|1|LEVETIRACETAM 100MG/ML 300ML SOL (KEPPRA)|||S29|$
[ 68-11-19 ][ 17:26:24 ]Q_Order->1 #|L|3|2|||test|1/1/2029||0|0|0|$
[ 68-11-19 ][ 17:26:24 ]Q_SetEEprom->2 #|E|3|3|2|SALBUTAMOL 2MG/5ML SYR 60ML|||S30|$
[ 68-11-19 ][ 17:26:25 ]Send->1#|L|3|2|| |test|1/1/2029||0|0|0|$
[ 68-11-19 ][ 17:26:25 ]Send->0#|E|3|3|2|SALBUTAMOL 2MG/5ML SYR 60ML|||S30|$
[ 68-11-19 ][ 17:26:26 ]Q_Order->1 #|L|3|3|||test|1/1/2029||0|0|0|$
[ 68-11-19 ][ 17:26:26 ]Q_SetEEprom->2 #|E|3|3|3|VITAMIN E 50MG/ML DROP 15ML|||S31|$
[ 68-11-19 ][ 17:26:27 ]Send->1#|L|3|3|| |test|1/1/2029||0|0|0|$
[ 68-11-19 ][ 17:26:28 ]Send->0#|E|3|3|3|VITAMIN E 50MG/ML DROP 15ML|||S31|$
[ 68-11-19 ][ 17:26:28 ]Q_Order->1 #|L|3|4|||test|1/1/2029||0|0|0|$
[ 68-11-19 ][ 17:26:28 ]Q_SetEEprom->2 #|E|3|3|4|SIMETHICONE 40MG/0.6ML SUSP.15ML|||S32|$
[ 68-11-19 ][ 17:26:29 ]Send->1#|L|3|4|| |test|1/1/2029||0|0|0|$
[ 68-11-19 ][ 17:26:30 ]Send->0#|E|3|3|4|SIMETHICONE 40MG/0.6ML SUSP.15ML|||S32|$
[ 68-11-19 ][ 17:26:30 ]Q_Order->1 #|L|3|5|||test|1/1/2029||0|0|0|$
[ 68-11-19 ][ 17:26:30 ]Q_SetEEprom->2 #|E|3|3|5|FERDEX DROP(Fe= 15 MG/0.6 ML)15ML|||S33|$
[ 68-11-19 ][ 17:26:31 ]Send->1#|L|3|5|| |test|1/1/2029||0|0|0|$
[ 68-11-19 ][ 17:26:32 ]Send->0#|E|3|3|5|FERDEX DROP(Fe= 15 MG/0.6 ML)15ML|||S33|$
[ 68-11-19 ][ 17:26:32 ]R->#|U|2|5|5|$
[ 68-11-19 ][ 17:26:32 ]Q_Order->1 #|L|4|0|||test|1/1/2029||0|0|0|$
[ 68-11-19 ][ 17:26:32 ]Q_SetEEprom->2 #|E|4|4|0|50%MAGNESIUM SOL 30 ML|||S23|$
[ 68-11-19 ][ 17:26:33 ]Send->1#|L|4|0|| |test|1/1/2029||0|0|0|$
[ 68-11-19 ][ 17:26:33 ]Send->0#|E|4|4|0|50%MAGNESIUM SOL 30 ML|||S23|$
[ 68-11-19 ][ 17:26:34 ]Q_Order->1 #|L|4|1|||test|1/1/2029||0|0|0|$
[ 68-11-19 ][ 17:26:34 ]Q_SetEEprom->2 #|E|4|4|1|MILK OF MAGNESIA 30 ML|||S24|$
[ 68-11-19 ][ 17:26:35 ]Send->1#|L|4|1|| |test|1/1/2029||0|0|0|$
[ 68-11-19 ][ 17:26:35 ]Send->0#|E|4|4|1|MILK OF MAGNESIA 30 ML|||S24|$
[ 68-11-19 ][ 17:26:36 ]Q_Order->1 #|L|4|2|||test|1/1/2029||0|0|0|$
[ 68-11-19 ][ 17:26:36 ]Q_SetEEprom->2 #|E|4|4|2|JOULIE SOLUTION 30 ML|||S25|$
[ 68-11-19 ][ 17:26:37 ]Send->1#|L|4|2|| |test|1/1/2029||0|0|0|$
[ 68-11-19 ][ 17:26:37 ]Send->0#|E|4|4|2|JOULIE SOLUTION 30 ML|||S25|$
[ 68-11-19 ][ 17:26:38 ]Q_Order->1 #|L|4|3|||test|1/1/2029||0|0|0|$
[ 68-11-19 ][ 17:26:38 ]Q_SetEEprom->2 #|E|4|4|3|SOD VALPROATE 200MG/ML SYR 60ML|||S26|$
[ 68-11-19 ][ 17:26:39 ]Send->1#|L|4|3|| |test|1/1/2029||0|0|0|$
[ 68-11-19 ][ 17:26:40 ]Send->0#|E|4|4|3|SOD VALPROATE 200MG/ML SYR 60ML|||S26|$
[ 68-11-19 ][ 17:26:40 ]Q_Order->1 #|L|4|4|||test|1/1/2029||0|0|0|$
[ 68-11-19 ][ 17:26:40 ]Q_SetEEprom->2 #|E|4|4|4|MULTIVITAMIN SYR 60ML|||S27|$
[ 68-11-19 ][ 17:26:41 ]Send->1#|L|4|4|| |test|1/1/2029||0|0|0|$
[ 68-11-19 ][ 17:26:42 ]Send->0#|E|4|4|4|MULTIVITAMIN SYR 60ML|||S27|$
[ 68-11-19 ][ 17:26:42 ]Q_Order->1 #|L|5|0|||test|1/1/2029||0|0|0|$
[ 68-11-19 ][ 17:26:42 ]Q_SetEEprom->2 #|E|5|5|0|COTRIMOXAZOLE SUSP (TMP 40MG : SMZ 200MG/5ML|||S18|$
[ 68-11-19 ][ 17:26:43 ]Send->1#|L|5|0|| |test|1/1/2029||0|0|0|$
[ 68-11-19 ][ 17:26:44 ]Send->0#|E|5|5|0|COTRIMOXAZOLE SUSP (TMP 40MG : SMZ 200MG/5ML|||S18|$
[ 68-11-19 ][ 17:26:44 ]Q_Order->1 #|L|5|1|||test|1/1/2029||0|0|0|$
[ 68-11-19 ][ 17:26:44 ]Q_SetEEprom->2 #|E|5|5|1|CHLORPHENIRAMINE 2MG/5ML SYR 60ML|||S19|$
[ 68-11-19 ][ 17:26:44 ]Send->1#|L|5|1|| |test|1/1/2029||0|0|0|$
[ 68-11-19 ][ 17:26:45 ]Send->0#|E|5|5|1|CHLORPHENIRAMINE 2MG/5ML SYR 60ML|||S19|$
[ 68-11-19 ][ 17:26:46 ]Q_Order->1 #|L|5|2|||test|1/1/2029||0|0|0|$
[ 68-11-19 ][ 17:26:46 ]Q_SetEEprom->2 #|E|5|5|2|bromHEXINE 4 MG/5 ML 60ML|||S20|$
[ 68-11-19 ][ 17:26:47 ]Send->1#|L|5|2|| |test|1/1/2029||0|0|0|$
[ 68-11-19 ][ 17:26:47 ]Send->0#|E|5|5|2|bromHEXINE 4 MG/5 ML 60ML|||S20|$
[ 68-11-19 ][ 17:26:48 ]Q_Order->1 #|L|5|2|||T|1/1/2029 12:00:00 AM||0|0|0|$
[ 68-11-19 ][ 17:26:48 ]Q_SetEEprom->2 #|E|5|5|2|bromHEXINE 4 MG/5 ML 60ML|||S20|$
[ 68-11-19 ][ 17:26:49 ]Send->1#|L|5|2|| |T|1/1/2029 12:00:00 AM||0|0|0|$
[ 68-11-19 ][ 17:26:49 ]Send->0#|E|5|5|2|bromHEXINE 4 MG/5 ML 60ML|||S20|$
[ 68-11-19 ][ 17:26:50 ]R->#|U|5|2|0|$
[ 68-11-19 ][ 17:26:50 ]Q_Order->1 #|L|5|3|||test|1/1/2029||0|0|0|$
[ 68-11-19 ][ 17:26:50 ]Q_SetEEprom->2 #|E|5|5|3|CARMINATIVE 180 ML|||S21|$
[ 68-11-19 ][ 17:26:51 ]Send->1#|L|5|3|| |test|1/1/2029||0|0|0|$
[ 68-11-19 ][ 17:26:51 ]Send->0#|E|5|5|3|CARMINATIVE 180 ML|||S21|$
[ 68-11-19 ][ 17:26:52 ]Q_Order->1 #|L|5|4|||test|1/1/2029||0|0|0|$
[ 68-11-19 ][ 17:26:52 ]Q_SetEEprom->2 #|E|5|5|4|ANTACIL 240 ML|||S22|$
[ 68-11-19 ][ 17:26:53 ]Send->1#|L|5|4|| |test|1/1/2029||0|0|0|$
[ 68-11-19 ][ 17:26:54 ]Send->0#|E|5|5|4|ANTACIL 240 ML|||S22|$
[ 68-11-19 ][ 17:26:54 ]Q_Order->1 #|L|5|4|||T|1/1/2029 12:00:00 AM||0|0|0|$
[ 68-11-19 ][ 17:26:54 ]Q_SetEEprom->2 #|E|5|5|4|ANTACIL 240 ML|||S22|$
[ 68-11-19 ][ 17:26:55 ]Send->1#|L|5|4|| |T|1/1/2029 12:00:00 AM||0|0|0|$
[ 68-11-19 ][ 17:26:56 ]Send->0#|E|5|5|4|ANTACIL 240 ML|||S22|$
[ 68-11-19 ][ 17:26:56 ]Q_Order->1 #|L|5|4|||T|1/1/2029 12:00:00 AM||0|0|0|$
[ 68-11-19 ][ 17:26:56 ]Q_SetEEprom->2 #|E|5|5|4|ANTACIL 240 ML|||S22|$
[ 68-11-19 ][ 17:26:57 ]Send->1#|L|5|4|| |T|1/1/2029 12:00:00 AM||0|0|0|$
[ 68-11-19 ][ 17:26:58 ]Send->0#|E|5|5|4|ANTACIL 240 ML|||S22|$
[ 68-11-19 ][ 17:26:58 ]Q_Order->1 #|L|6|0|||test|1/1/2029||0|0|0|$
[ 68-11-19 ][ 17:26:58 ]Q_SetEEprom->2 #|E|6|6|0|PARACETAMOL 120MG/5ML SYR 60ML|||S13|$
[ 68-11-19 ][ 17:26:59 ]Send->1#|L|6|0|| |test|1/1/2029||0|0|0|$
[ 68-11-19 ][ 17:26:59 ]Send->0#|E|6|6|0|PARACETAMOL 120MG/5ML SYR 60ML|||S13|$
[ 68-11-19 ][ 17:27:00 ]Q_Order->1 #|L|6|1|||test|1/1/2029||0|0|0|$
[ 68-11-19 ][ 17:27:00 ]Q_SetEEprom->2 #|E|6|6|1|GLYCERYL GUAIACOLATE 100 MG/5 ML 60ML|||S14|$
[ 68-11-19 ][ 17:27:01 ]Send->1#|L|6|1|| |test|1/1/2029||0|0|0|$
[ 68-11-19 ][ 17:27:01 ]Send->0#|E|6|6|1|GLYCERYL GUAIACOLATE 100 MG/5 ML 60ML|||S14|$
[ 68-11-19 ][ 17:27:02 ]Q_Order->1 #|L|6|2|||test|1/1/2029||0|0|0|$
[ 68-11-19 ][ 17:27:02 ]Q_SetEEprom->2 #|E|6|6|2|CETIRIZINE 1MG/ML 60ML|||S15|$
[ 68-11-19 ][ 17:27:03 ]Send->1#|L|6|2|| |test|1/1/2029||0|0|0|$
[ 68-11-19 ][ 17:27:03 ]Send->0#|E|6|6|2|CETIRIZINE 1MG/ML 60ML|||S15|$
[ 68-11-19 ][ 17:27:04 ]Q_Order->1 #|L|6|2|||T|2/2/2027 12:00:00 AM||0|0|0|$
[ 68-11-19 ][ 17:27:04 ]Q_SetEEprom->2 #|E|6|6|2|CETIRIZINE 1MG/ML 60ML|||S15|$
[ 68-11-19 ][ 17:27:05 ]Send->1#|L|6|2|| |T|2/2/2027 12:00:00 AM||0|0|0|$
[ 68-11-19 ][ 17:27:06 ]Send->0#|E|6|6|2|CETIRIZINE 1MG/ML 60ML|||S15|$
[ 68-11-19 ][ 17:27:06 ]Q_Order->1 #|L|6|3|||test|1/1/2029||0|0|0|$
[ 68-11-19 ][ 17:27:06 ]Q_SetEEprom->2 #|E|6|6|3|ยาน้ำแก้ไอผสมมะขามป้อม120ซีซี|||S16|$
[ 68-11-19 ][ 17:27:07 ]Send->1#|L|6|3|| |test|1/1/2029||0|0|0|$
[ 68-11-19 ][ 17:27:08 ]Send->0#|E|6|6|3|ยาน้ำแก้ไอผสมมะขามป้อม120ซีซี|||S16|$
[ 68-11-19 ][ 17:27:08 ]Q_Order->1 #|L|6|4|||test|1/1/2029||0|0|0|$
[ 68-11-19 ][ 17:27:08 ]Q_SetEEprom->2 #|E|6|6|4|DOMPERIDONE 1MG/ML SUSP 30ML|||S17|$
[ 68-11-19 ][ 17:27:09 ]Send->1#|L|6|4|| |test|1/1/2029||0|0|0|$
[ 68-11-19 ][ 17:27:10 ]Send->0#|E|6|6|4|DOMPERIDONE 1MG/ML SUSP 30ML|||S17|$
[ 68-11-19 ][ 17:27:10 ]Q_Order->1 #|L|7|0|||test|1/1/2029||0|0|0|$
[ 68-11-19 ][ 17:27:10 ]Q_SetEEprom->2 #|E|7|7|0|AZITHROMYCIN 200 MG/5ML SUSP 15ML|||S7|$
[ 68-11-19 ][ 17:27:10 ]Send->1#|L|7|0|| |test|1/1/2029||0|0|0|$
[ 68-11-19 ][ 17:27:11 ]Send->0#|E|7|7|0|AZITHROMYCIN 200 MG/5ML SUSP 15ML|||S7|$
[ 68-11-19 ][ 17:27:12 ]Q_Order->1 #|L|7|0|||T|1/1/2029 12:00:00 AM||0|0|0|$
[ 68-11-19 ][ 17:27:12 ]Q_SetEEprom->2 #|E|7|7|0|AZITHROMYCIN 200 MG/5ML SUSP 15ML|||S7|$
[ 68-11-19 ][ 17:27:13 ]Send->1#|L|7|0|| |T|1/1/2029 12:00:00 AM||0|0|0|$
[ 68-11-19 ][ 17:27:13 ]Send->0#|E|7|7|0|AZITHROMYCIN 200 MG/5ML SUSP 15ML|||S7|$
[ 68-11-19 ][ 17:27:14 ]Q_Order->1 #|L|7|1|||test|1/1/2029||0|0|0|$
[ 68-11-19 ][ 17:27:14 ]Q_SetEEprom->2 #|E|7|7|1|CEPHALEXIN SYR 125MG/5ML 60ML|||S8|$
[ 68-11-19 ][ 17:27:15 ]Send->1#|L|7|1|| |test|1/1/2029||0|0|0|$
[ 68-11-19 ][ 17:27:15 ]Send->0#|E|7|7|1|CEPHALEXIN SYR 125MG/5ML 60ML|||S8|$
[ 68-11-19 ][ 17:27:17 ]Q_Order->1 #|L|7|2|||T|1/1/2029 12:00:00 AM||0|0|0|$
[ 68-11-19 ][ 17:27:17 ]Q_SetEEprom->2 #|E|7|7|2|400+57mg/5ml AMOXY+CLAV SYR 70ML|||S9|$
[ 68-11-19 ][ 17:27:17 ]Send->1#|L|7|2|| |T|1/1/2029 12:00:00 AM||0|0|0|$
[ 68-11-19 ][ 17:27:18 ]Send->0#|E|7|7|2|400+57mg/5ml AMOXY+CLAV SYR 70ML|||S9|$
[ 68-11-19 ][ 17:27:19 ]Q_Order->1 #|L|7|2|||test|1/1/2029||0|0|0|$
[ 68-11-19 ][ 17:27:19 ]Q_SetEEprom->2 #|E|7|7|2|400+57mg/5ml AMOXY+CLAV SYR 70ML|||S9|$
[ 68-11-19 ][ 17:27:19 ]Send->1#|L|7|2|| |test|1/1/2029||0|0|0|$
[ 68-11-19 ][ 17:27:20 ]Send->0#|E|7|7|2|400+57mg/5ml AMOXY+CLAV SYR 70ML|||S9|$
[ 68-11-19 ][ 17:27:21 ]Q_Order->1 #|L|7|3|||test|1/1/2029||0|0|0|$
[ 68-11-19 ][ 17:27:21 ]Q_SetEEprom->2 #|E|7|7|3|CEFDINIR 125 MG/5ML 30ML SUSP|||S10|$
[ 68-11-19 ][ 17:27:21 ]Send->1#|L|7|3|| |test|1/1/2029||0|0|0|$
[ 68-11-19 ][ 17:27:22 ]Send->0#|E|7|7|3|CEFDINIR 125 MG/5ML 30ML SUSP|||S10|$
[ 68-11-19 ][ 17:27:23 ]Q_Order->1 #|L|7|3|||T|2/2/2029 12:00:00 AM||0|0|0|$
[ 68-11-19 ][ 17:27:23 ]Q_SetEEprom->2 #|E|7|7|3|CEFDINIR 125 MG/5ML 30ML SUSP|||S10|$
[ 68-11-19 ][ 17:27:23 ]Send->1#|L|7|3|| |T|2/2/2029 12:00:00 AM||0|0|0|$
[ 68-11-19 ][ 17:27:24 ]Send->0#|E|7|7|3|CEFDINIR 125 MG/5ML 30ML SUSP|||S10|$
[ 68-11-19 ][ 17:27:25 ]Q_Order->1 #|L|7|3|||test|1/1/2029||0|0|0|$
[ 68-11-19 ][ 17:27:25 ]Q_SetEEprom->2 #|E|7|7|3|CEFDINIR 125 MG/5ML 30ML SUSP|||S10|$
[ 68-11-19 ][ 17:27:25 ]Send->1#|L|7|3|| |test|1/1/2029||0|0|0|$
[ 68-11-19 ][ 17:27:25 ]Send->0#|E|7|7|3|CEFDINIR 125 MG/5ML 30ML SUSP|||S10|$
[ 68-11-19 ][ 17:27:27 ]Q_Order->1 #|L|7|4|||test|1/1/2029||0|0|0|$
[ 68-11-19 ][ 17:27:27 ]Q_SetEEprom->2 #|E|7|7|4|DICLOXACILLIN 62.5MG/5ML SYR 30 ML|||S11|$
[ 68-11-19 ][ 17:27:27 ]Send->1#|L|7|4|| |test|1/1/2029||0|0|0|$
[ 68-11-19 ][ 17:27:27 ]Send->0#|E|7|7|4|DICLOXACILLIN 62.5MG/5ML SYR 30 ML|||S11|$
[ 68-11-19 ][ 17:27:29 ]Q_Order->1 #|L|7|5|||test|1/1/2029||0|0|0|$
[ 68-11-19 ][ 17:27:29 ]Q_SetEEprom->2 #|E|7|7|5|250 MG/5ML AMOXYCILLIN DRY SYRUP 60ML|||S12|$
[ 68-11-19 ][ 17:27:29 ]Send->1#|L|7|5|| |test|1/1/2029||0|0|0|$
[ 68-11-19 ][ 17:27:30 ]Send->0#|E|7|7|5|250 MG/5ML AMOXYCILLIN DRY SYRUP 60ML|||S12|$
[ 68-11-19 ][ 17:27:31 ]Q_Order->1 #|L|7|5|||T|1/1/2029 12:00:00 AM||0|0|0|$
[ 68-11-19 ][ 17:27:31 ]Q_SetEEprom->2 #|E|7|7|5|250 MG/5ML AMOXYCILLIN DRY SYRUP 60ML|||S12|$
[ 68-11-19 ][ 17:27:31 ]Send->1#|L|7|5|| |T|1/1/2029 12:00:00 AM||0|0|0|$
[ 68-11-19 ][ 17:27:32 ]Send->0#|E|7|7|5|250 MG/5ML AMOXYCILLIN DRY SYRUP 60ML|||S12|$
[ 68-11-19 ][ 17:27:33 ]Q_Order->1 #|L|8|0|||T|2/2/2029 12:00:00 AM||0|0|0|$
[ 68-11-19 ][ 17:27:33 ]Q_SetEEprom->2 #|E|8|8|0|SODIUM PHOSPHATE (XUBIL) 90ML|||S1|$
[ 68-11-19 ][ 17:27:33 ]Send->1#|L|8|0|| |T|2/2/2029 12:00:00 AM||0|0|0|$
[ 68-11-19 ][ 17:27:34 ]Send->0#|E|8|8|0|SODIUM PHOSPHATE (XUBIL) 90ML|||S1|$
[ 68-11-19 ][ 17:27:35 ]Q_Order->1 #|L|8|0|||test|1/1/2029||0|0|0|$
[ 68-11-19 ][ 17:27:35 ]Q_SetEEprom->2 #|E|8|8|0|SODIUM PHOSPHATE (XUBIL) 90ML|||S1|$
[ 68-11-19 ][ 17:27:35 ]Send->1#|L|8|0|| |test|1/1/2029||0|0|0|$
[ 68-11-19 ][ 17:27:35 ]Send->0#|E|8|8|0|SODIUM PHOSPHATE (XUBIL) 90ML|||S1|$
[ 68-11-19 ][ 17:27:37 ]Q_Order->1 #|L|8|1|||T|1/1/2029 12:00:00 AM||0|0|0|$
[ 68-11-19 ][ 17:27:37 ]Q_SetEEprom->2 #|E|8|8|1|600+42.9MG/5ML AMOXY+CLAV SYR 70ML|||S2|$
[ 68-11-19 ][ 17:27:37 ]Send->1#|L|8|1|| |T|1/1/2029 12:00:00 AM||0|0|0|$
[ 68-11-19 ][ 17:27:37 ]Send->0#|E|8|8|1|600+42.9MG/5ML AMOXY+CLAV SYR 70ML|||S2|$
[ 68-11-19 ][ 17:27:39 ]Q_Order->1 #|L|8|1|||test|1/1/2029||0|0|0|$
[ 68-11-19 ][ 17:27:39 ]Q_SetEEprom->2 #|E|8|8|1|600+42.9MG/5ML AMOXY+CLAV SYR 70ML|||S2|$
[ 68-11-19 ][ 17:27:39 ]Send->1#|L|8|1|| |test|1/1/2029||0|0|0|$
[ 68-11-19 ][ 17:27:40 ]Send->0#|E|8|8|1|600+42.9MG/5ML AMOXY+CLAV SYR 70ML|||S2|$
[ 68-11-19 ][ 17:27:41 ]Q_Order->1 #|L|8|2|||T|2/2/2028 12:00:00 AM||0|0|0|$
[ 68-11-19 ][ 17:27:41 ]Q_SetEEprom->2 #|E|8|8|2|DESLORATADINE 0.5MG/ML SYR 60ML|||S3|$
[ 68-11-19 ][ 17:27:41 ]Send->1#|L|8|2|| |T|2/2/2028 12:00:00 AM||0|0|0|$
[ 68-11-19 ][ 17:27:42 ]Send->0#|E|8|8|2|DESLORATADINE 0.5MG/ML SYR 60ML|||S3|$
[ 68-11-19 ][ 17:27:43 ]Q_Order->1 #|L|8|2|||test|1/1/2029||0|0|0|$
[ 68-11-19 ][ 17:27:43 ]Q_SetEEprom->2 #|E|8|8|2|DESLORATADINE 0.5MG/ML SYR 60ML|||S3|$
[ 68-11-19 ][ 17:27:43 ]Send->1#|L|8|2|| |test|1/1/2029||0|0|0|$
[ 68-11-19 ][ 17:27:44 ]Send->0#|E|8|8|2|DESLORATADINE 0.5MG/ML SYR 60ML|||S3|$
[ 68-11-19 ][ 17:27:45 ]Q_Order->1 #|L|8|3|||test|1/1/2029||0|0|0|$
[ 68-11-19 ][ 17:27:45 ]Q_SetEEprom->2 #|E|8|8|3|RISPERIDONE 1MG/ML 30 ML SOL|||S4|$
[ 68-11-19 ][ 17:27:45 ]Send->1#|L|8|3|| |test|1/1/2029||0|0|0|$
[ 68-11-19 ][ 17:27:46 ]Send->0#|E|8|8|3|RISPERIDONE 1MG/ML 30 ML SOL|||S4|$
[ 68-11-19 ][ 17:27:47 ]Q_Order->1 #|L|8|4|||test|1/1/2029||0|0|0|$
[ 68-11-19 ][ 17:27:47 ]Q_SetEEprom->2 #|E|8|8|4|60MG/0.6ML PARACETAMOLORAL SOL 15ML|||S5|$
[ 68-11-19 ][ 17:27:47 ]Send->1#|L|8|4|| |test|1/1/2029||0|0|0|$
[ 68-11-19 ][ 17:27:47 ]Send->0#|E|8|8|4|60MG/0.6ML PARACETAMOLORAL SOL 15ML|||S5|$
[ 68-11-19 ][ 17:27:49 ]Q_Order->1 #|L|8|4|||T|10/25/2029 12:00:00 AM||0|0|0|$
[ 68-11-19 ][ 17:27:49 ]Q_SetEEprom->2 #|E|8|8|4|60MG/0.6ML PARACETAMOLORAL SOL 15ML|||S5|$
[ 68-11-19 ][ 17:27:49 ]Send->1#|L|8|4|| |T|10/25/2029 12:00:00 AM||0|0|0|$
[ 68-11-19 ][ 17:27:49 ]Send->0#|E|8|8|4|60MG/0.6ML PARACETAMOLORAL SOL 15ML|||S5|$
[ 68-11-19 ][ 17:27:51 ]Q_Order->1 #|L|8|4|||test|23/11/2572 0:00:00||0|0|0|$
[ 68-11-19 ][ 17:27:51 ]Q_SetEEprom->2 #|E|8|8|4|60MG/0.6ML PARACETAMOLORAL SOL 15ML|||S5|$
[ 68-11-19 ][ 17:27:51 ]Send->1#|L|8|4|| |test|23/11/2572 0:00:00||0|0|0|$
[ 68-11-19 ][ 17:27:52 ]Send->0#|E|8|8|4|60MG/0.6ML PARACETAMOLORAL SOL 15ML|||S5|$
[ 68-11-19 ][ 17:27:53 ]Q_Order->1 #|L|8|4|||T|6/5/2029 12:00:00 AM||0|0|0|$
[ 68-11-19 ][ 17:27:53 ]Q_SetEEprom->2 #|E|8|8|4|60MG/0.6ML PARACETAMOLORAL SOL 15ML|||S5|$
[ 68-11-19 ][ 17:27:53 ]Send->1#|L|8|4|| |T|6/5/2029 12:00:00 AM||0|0|0|$
[ 68-11-19 ][ 17:27:54 ]Send->0#|E|8|8|4|60MG/0.6ML PARACETAMOLORAL SOL 15ML|||S5|$
[ 68-11-19 ][ 17:27:55 ]Q_Order->1 #|L|8|5|||10|30/11/2572 0:00:00||0|0|0|$
[ 68-11-19 ][ 17:27:55 ]Q_SetEEprom->2 #|E|8|8|5|MEMANTINE SOL 5MG/PUMP 100ML (EBIXA)|||S6|$
[ 68-11-19 ][ 17:27:55 ]Send->1#|L|8|5|| |10|30/11/2572 0:00:00||0|0|0|$
[ 68-11-19 ][ 17:27:56 ]Send->0#|E|8|8|5|MEMANTINE SOL 5MG/PUMP 100ML (EBIXA)|||S6|$
[ 68-11-19 ][ 17:27:57 ]Q_Order->1 #|L|8|5|||T|2/2/2029 12:00:00 AM||0|0|0|$
[ 68-11-19 ][ 17:27:57 ]Q_SetEEprom->2 #|E|8|8|5|MEMANTINE SOL 5MG/PUMP 100ML (EBIXA)|||S6|$
[ 68-11-19 ][ 17:27:57 ]Send->1#|L|8|5|| |T|2/2/2029 12:00:00 AM||0|0|0|$
[ 68-11-19 ][ 17:27:58 ]Send->0#|E|8|8|5|MEMANTINE SOL 5MG/PUMP 100ML (EBIXA)|||S6|$
[ 68-11-19 ][ 17:27:59 ]Q_Order->1 #|L|8|5|||test|1/1/2029||0|0|0|$
[ 68-11-19 ][ 17:27:59 ]Q_SetEEprom->2 #|E|8|8|5|MEMANTINE SOL 5MG/PUMP 100ML (EBIXA)|||S6|$
[ 68-11-19 ][ 17:27:59 ]Send->1#|L|8|5|| |test|1/1/2029||0|0|0|$
[ 68-11-19 ][ 17:28:00 ]Send->0#|E|8|8|5|MEMANTINE SOL 5MG/PUMP 100ML (EBIXA)|||S6|$
[ 68-11-19 ][ 17:28:10 ]Serial Port : COM3
[ 68-11-19 ][ 17:28:10 ]BaudRate : 57600
[ 68-11-19 ][ 17:28:10 ]Port Open
[ 68-11-19 ][ 17:28:15 ]Q_SetEEprom->1 #|E|1|1|0|POTASSIUM CITRATE SOL 240ML||0|S40|$
[ 68-11-19 ][ 17:28:15 ]Send->0#|E|1|1|0|POTASSIUM CITRATE SOL 240ML||0|S40|$
[ 68-11-19 ][ 17:28:17 ]Q_SetEEprom->1 #|E|1|1|1|POTASSIUM CITRATE SOL 1000ML||0|S41|$
[ 68-11-19 ][ 17:28:17 ]Send->0#|E|1|1|1|POTASSIUM CITRATE SOL 1000ML||0|S41|$
[ 68-11-19 ][ 17:28:19 ]Q_SetEEprom->1 #|E|1|1|2|CASTOR OIL 30ML||0|S42|$
[ 68-11-19 ][ 17:28:19 ]Send->0#|E|1|1|2|CASTOR OIL 30ML||0|S42|$
[ 68-11-19 ][ 17:28:21 ]Q_SetEEprom->1 #|E|1|1|3|PEG SOLUTION 240ML (เด็ก)||0|S43|$
[ 68-11-19 ][ 17:28:21 ]Send->0#|E|1|1|3|PEG SOLUTION 240ML (เด็ก)||0|S43|$
[ 68-11-19 ][ 17:28:23 ]Q_SetEEprom->1 #|E|1|1|4|RIVASTIGMINE 2MG/ML SYR 50ML (EXELON)||0|S44|$
[ 68-11-19 ][ 17:28:23 ]Send->0#|E|1|1|4|RIVASTIGMINE 2MG/ML SYR 50ML (EXELON)||0|S44|$
[ 68-11-19 ][ 17:28:25 ]Q_SetEEprom->1 #|E|1|1|5|50%MAGNESIUM SULFATE SOL 240ML||0|S45|$
[ 68-11-19 ][ 17:28:25 ]Send->0#|E|1|1|5|50%MAGNESIUM SULFATE SOL 240ML||0|S45|$
[ 68-11-19 ][ 17:28:27 ]Q_SetEEprom->1 #|E|2|2|0|PROCATEROL 25MCG/5ML SYR 60ML(MEPTIN)||0|S34|$
[ 68-11-19 ][ 17:28:27 ]Send->0#|E|2|2|0|PROCATEROL 25MCG/5ML SYR 60ML(MEPTIN)||0|S34|$
[ 68-11-19 ][ 17:28:29 ]Q_SetEEprom->1 #|E|2|2|1|IBUPROFEN 100 MG/5 ML 60ML||0|S35|$
[ 68-11-19 ][ 17:28:29 ]Send->0#|E|2|2|1|IBUPROFEN 100 MG/5 ML 60ML||0|S35|$
[ 68-11-19 ][ 17:28:31 ]Q_SetEEprom->1 #|E|2|2|2|ANTACIL 30ML||0|S36|$
[ 68-11-19 ][ 17:28:31 ]Send->0#|E|2|2|2|ANTACIL 30ML||0|S36|$
[ 68-11-19 ][ 17:28:33 ]Q_SetEEprom->1 #|E|2|2|2|ANTACIL 30ML||0|S36|$
[ 68-11-19 ][ 17:28:33 ]Send->0#|E|2|2|2|ANTACIL 30ML||0|S36|$
[ 68-11-19 ][ 17:28:35 ]Q_SetEEprom->1 #|E|2|2|3|CARMINATIVE 30 ML||0|S37|$
[ 68-11-19 ][ 17:28:35 ]Send->0#|E|2|2|3|CARMINATIVE 30 ML||0|S37|$
[ 68-11-19 ][ 17:28:37 ]Q_SetEEprom->1 #|E|2|2|4|MILK OF MAGNESIA 240 ML||0|S38|$
[ 68-11-19 ][ 17:28:37 ]Send->0#|E|2|2|4|MILK OF MAGNESIA 240 ML||0|S38|$
[ 68-11-19 ][ 17:28:39 ]Q_SetEEprom->1 #|E|2|2|5|PEG SOLUTION 1000ML||0|S39|$
[ 68-11-19 ][ 17:28:39 ]Send->0#|E|2|2|5|PEG SOLUTION 1000ML||0|S39|$
[ 68-11-19 ][ 17:28:41 ]Q_SetEEprom->1 #|E|3|3|0|LACTULOSE 67%SYR 1000ML||0|S28|$
[ 68-11-19 ][ 17:28:41 ]Send->0#|E|3|3|0|LACTULOSE 67%SYR 1000ML||0|S28|$
[ 68-11-19 ][ 17:28:43 ]Q_SetEEprom->1 #|E|3|3|1|LEVETIRACETAM 100MG/ML 300ML SOL (KEPPRA)||0|S29|$
[ 68-11-19 ][ 17:28:43 ]Send->0#|E|3|3|1|LEVETIRACETAM 100MG/ML 300ML SOL (KEPPRA)||0|S29|$
[ 68-11-19 ][ 17:28:45 ]Q_SetEEprom->1 #|E|3|3|2|SALBUTAMOL 2MG/5ML SYR 60ML||0|S30|$
[ 68-11-19 ][ 17:28:45 ]Send->0#|E|3|3|2|SALBUTAMOL 2MG/5ML SYR 60ML||0|S30|$
[ 68-11-19 ][ 17:28:47 ]Q_SetEEprom->1 #|E|3|3|3|VITAMIN E 50MG/ML DROP 15ML||0|S31|$
[ 68-11-19 ][ 17:28:47 ]Send->0#|E|3|3|3|VITAMIN E 50MG/ML DROP 15ML||0|S31|$
[ 68-11-19 ][ 17:28:49 ]Q_SetEEprom->1 #|E|3|3|4|SIMETHICONE 40MG/0.6ML SUSP.15ML||0|S32|$
[ 68-11-19 ][ 17:28:49 ]Send->0#|E|3|3|4|SIMETHICONE 40MG/0.6ML SUSP.15ML||0|S32|$
[ 68-11-19 ][ 17:28:51 ]Q_SetEEprom->1 #|E|3|3|5|FERDEX DROP(Fe= 15 MG/0.6 ML)15ML||0|S33|$
[ 68-11-19 ][ 17:28:51 ]Send->0#|E|3|3|5|FERDEX DROP(Fe= 15 MG/0.6 ML)15ML||0|S33|$
[ 68-11-19 ][ 17:28:53 ]Q_SetEEprom->1 #|E|4|4|0|50%MAGNESIUM SOL 30 ML||0|S23|$
[ 68-11-19 ][ 17:28:53 ]Send->0#|E|4|4|0|50%MAGNESIUM SOL 30 ML||0|S23|$
[ 68-11-19 ][ 17:28:55 ]Q_SetEEprom->1 #|E|4|4|1|MILK OF MAGNESIA 30 ML||0|S24|$
[ 68-11-19 ][ 17:28:55 ]Send->0#|E|4|4|1|MILK OF MAGNESIA 30 ML||0|S24|$
[ 68-11-19 ][ 17:28:57 ]Q_SetEEprom->1 #|E|4|4|2|JOULIE SOLUTION 30 ML||0|S25|$
[ 68-11-19 ][ 17:28:57 ]Send->0#|E|4|4|2|JOULIE SOLUTION 30 ML||0|S25|$
[ 68-11-19 ][ 17:28:59 ]Q_SetEEprom->1 #|E|4|4|3|SOD VALPROATE 200MG/ML SYR 60ML||0|S26|$
[ 68-11-19 ][ 17:28:59 ]Send->0#|E|4|4|3|SOD VALPROATE 200MG/ML SYR 60ML||0|S26|$
[ 68-11-19 ][ 17:29:01 ]Q_SetEEprom->1 #|E|4|4|4|MULTIVITAMIN SYR 60ML||0|S27|$
[ 68-11-19 ][ 17:29:01 ]Send->0#|E|4|4|4|MULTIVITAMIN SYR 60ML||0|S27|$
[ 68-11-19 ][ 17:29:03 ]Q_SetEEprom->1 #|E|5|5|0|COTRIMOXAZOLE SUSP (TMP 40MG : SMZ 200MG/5ML||0|S18|$
[ 68-11-19 ][ 17:29:03 ]Send->0#|E|5|5|0|COTRIMOXAZOLE SUSP (TMP 40MG : SMZ 200MG/5ML||0|S18|$
[ 68-11-19 ][ 17:29:05 ]Q_SetEEprom->1 #|E|5|5|1|CHLORPHENIRAMINE 2MG/5ML SYR 60ML||0|S19|$
[ 68-11-19 ][ 17:29:05 ]Send->0#|E|5|5|1|CHLORPHENIRAMINE 2MG/5ML SYR 60ML||0|S19|$
[ 68-11-19 ][ 17:29:07 ]Q_SetEEprom->1 #|E|5|5|2|bromHEXINE 4 MG/5 ML 60ML||0|S20|$
[ 68-11-19 ][ 17:29:07 ]Send->0#|E|5|5|2|bromHEXINE 4 MG/5 ML 60ML||0|S20|$
[ 68-11-19 ][ 17:29:09 ]Q_SetEEprom->1 #|E|5|5|2|bromHEXINE 4 MG/5 ML 60ML||0|S20|$
[ 68-11-19 ][ 17:29:09 ]Send->0#|E|5|5|2|bromHEXINE 4 MG/5 ML 60ML||0|S20|$
[ 68-11-19 ][ 17:29:11 ]Q_SetEEprom->1 #|E|5|5|3|CARMINATIVE 180 ML||0|S21|$
[ 68-11-19 ][ 17:29:11 ]Send->0#|E|5|5|3|CARMINATIVE 180 ML||0|S21|$
[ 68-11-19 ][ 17:29:13 ]Q_SetEEprom->1 #|E|5|5|4|ANTACIL 240 ML||0|S22|$
[ 68-11-19 ][ 17:29:13 ]Send->0#|E|5|5|4|ANTACIL 240 ML||0|S22|$
[ 68-11-19 ][ 17:29:15 ]Q_SetEEprom->1 #|E|5|5|4|ANTACIL 240 ML||0|S22|$
[ 68-11-19 ][ 17:29:15 ]Send->0#|E|5|5|4|ANTACIL 240 ML||0|S22|$
[ 68-11-19 ][ 17:29:17 ]Q_SetEEprom->1 #|E|5|5|4|ANTACIL 240 ML||0|S22|$
[ 68-11-19 ][ 17:29:17 ]Send->0#|E|5|5|4|ANTACIL 240 ML||0|S22|$
[ 68-11-19 ][ 17:29:19 ]Q_SetEEprom->1 #|E|6|6|0|PARACETAMOL 120MG/5ML SYR 60ML||0|S13|$
[ 68-11-19 ][ 17:29:19 ]Send->0#|E|6|6|0|PARACETAMOL 120MG/5ML SYR 60ML||0|S13|$
[ 68-11-19 ][ 17:29:21 ]Q_SetEEprom->1 #|E|6|6|1|GLYCERYL GUAIACOLATE 100 MG/5 ML 60ML||0|S14|$
[ 68-11-19 ][ 17:29:21 ]Send->0#|E|6|6|1|GLYCERYL GUAIACOLATE 100 MG/5 ML 60ML||0|S14|$
[ 68-11-19 ][ 17:29:23 ]Q_SetEEprom->1 #|E|6|6|2|CETIRIZINE 1MG/ML 60ML||0|S15|$
[ 68-11-19 ][ 17:29:23 ]Send->0#|E|6|6|2|CETIRIZINE 1MG/ML 60ML||0|S15|$
[ 68-11-19 ][ 17:29:25 ]Q_SetEEprom->1 #|E|6|6|2|CETIRIZINE 1MG/ML 60ML||0|S15|$
[ 68-11-19 ][ 17:29:25 ]Send->0#|E|6|6|2|CETIRIZINE 1MG/ML 60ML||0|S15|$
[ 68-11-19 ][ 17:29:27 ]Q_SetEEprom->1 #|E|6|6|3|ยาน้ำแก้ไอผสมมะขามป้อม120ซีซี||0|S16|$
[ 68-11-19 ][ 17:29:27 ]Send->0#|E|6|6|3|ยาน้ำแก้ไอผสมมะขามป้อม120ซีซี||0|S16|$
[ 68-11-19 ][ 17:29:29 ]Q_SetEEprom->1 #|E|6|6|4|DOMPERIDONE 1MG/ML SUSP 30ML||0|S17|$
[ 68-11-19 ][ 17:29:29 ]Send->0#|E|6|6|4|DOMPERIDONE 1MG/ML SUSP 30ML||0|S17|$
[ 68-11-19 ][ 17:29:29 ]R->#|U|6|2|0|$
[ 68-11-19 ][ 17:29:31 ]Q_SetEEprom->1 #|E|7|7|0|AZITHROMYCIN 200 MG/5ML SUSP 15ML||0|S7|$
[ 68-11-19 ][ 17:29:31 ]Send->0#|E|7|7|0|AZITHROMYCIN 200 MG/5ML SUSP 15ML||0|S7|$
[ 68-11-19 ][ 17:29:33 ]Q_SetEEprom->1 #|E|7|7|0|AZITHROMYCIN 200 MG/5ML SUSP 15ML||0|S7|$
[ 68-11-19 ][ 17:29:33 ]Send->0#|E|7|7|0|AZITHROMYCIN 200 MG/5ML SUSP 15ML||0|S7|$
[ 68-11-19 ][ 17:29:35 ]Q_SetEEprom->1 #|E|7|7|1|CEPHALEXIN SYR 125MG/5ML 60ML||0|S8|$
[ 68-11-19 ][ 17:29:35 ]Send->0#|E|7|7|1|CEPHALEXIN SYR 125MG/5ML 60ML||0|S8|$
[ 68-11-19 ][ 17:29:37 ]Q_SetEEprom->1 #|E|7|7|2|400+57mg/5ml AMOXY+CLAV SYR 70ML||0|S9|$
[ 68-11-19 ][ 17:29:37 ]Send->0#|E|7|7|2|400+57mg/5ml AMOXY+CLAV SYR 70ML||0|S9|$
[ 68-11-19 ][ 17:29:39 ]Q_SetEEprom->1 #|E|7|7|2|400+57mg/5ml AMOXY+CLAV SYR 70ML||0|S9|$
[ 68-11-19 ][ 17:29:39 ]Send->0#|E|7|7|2|400+57mg/5ml AMOXY+CLAV SYR 70ML||0|S9|$
[ 68-11-19 ][ 17:29:41 ]Q_SetEEprom->1 #|E|7|7|3|CEFDINIR 125 MG/5ML 30ML SUSP||0|S10|$
[ 68-11-19 ][ 17:29:41 ]Send->0#|E|7|7|3|CEFDINIR 125 MG/5ML 30ML SUSP||0|S10|$
[ 68-11-19 ][ 17:29:43 ]Q_SetEEprom->1 #|E|7|7|3|CEFDINIR 125 MG/5ML 30ML SUSP||0|S10|$
[ 68-11-19 ][ 17:29:43 ]Send->0#|E|7|7|3|CEFDINIR 125 MG/5ML 30ML SUSP||0|S10|$
[ 68-11-19 ][ 17:29:45 ]Q_SetEEprom->1 #|E|7|7|3|CEFDINIR 125 MG/5ML 30ML SUSP||0|S10|$
[ 68-11-19 ][ 17:29:45 ]Send->0#|E|7|7|3|CEFDINIR 125 MG/5ML 30ML SUSP||0|S10|$
[ 68-11-19 ][ 17:29:47 ]Q_SetEEprom->1 #|E|7|7|4|DICLOXACILLIN 62.5MG/5ML SYR 30 ML||0|S11|$
[ 68-11-19 ][ 17:29:47 ]Send->0#|E|7|7|4|DICLOXACILLIN 62.5MG/5ML SYR 30 ML||0|S11|$
[ 68-11-19 ][ 17:29:49 ]Q_SetEEprom->1 #|E|7|7|5|250 MG/5ML AMOXYCILLIN DRY SYRUP 60ML||0|S12|$
[ 68-11-19 ][ 17:29:49 ]Send->0#|E|7|7|5|250 MG/5ML AMOXYCILLIN DRY SYRUP 60ML||0|S12|$
[ 68-11-19 ][ 17:29:51 ]Q_SetEEprom->1 #|E|7|7|5|250 MG/5ML AMOXYCILLIN DRY SYRUP 60ML||0|S12|$
[ 68-11-19 ][ 17:29:51 ]Send->0#|E|7|7|5|250 MG/5ML AMOXYCILLIN DRY SYRUP 60ML||0|S12|$
[ 68-11-19 ][ 17:29:53 ]Q_SetEEprom->1 #|E|8|8|0|SODIUM PHOSPHATE (XUBIL) 90ML||0|S1|$
[ 68-11-19 ][ 17:29:53 ]Send->0#|E|8|8|0|SODIUM PHOSPHATE (XUBIL) 90ML||0|S1|$
[ 68-11-19 ][ 17:29:55 ]Q_SetEEprom->1 #|E|8|8|0|SODIUM PHOSPHATE (XUBIL) 90ML||0|S1|$
[ 68-11-19 ][ 17:29:55 ]Send->0#|E|8|8|0|SODIUM PHOSPHATE (XUBIL) 90ML||0|S1|$
[ 68-11-19 ][ 17:29:57 ]Q_SetEEprom->1 #|E|8|8|1|600+42.9MG/5ML AMOXY+CLAV SYR 70ML||0|S2|$
[ 68-11-19 ][ 17:29:57 ]Send->0#|E|8|8|1|600+42.9MG/5ML AMOXY+CLAV SYR 70ML||0|S2|$
[ 68-11-19 ][ 17:29:59 ]Q_SetEEprom->1 #|E|8|8|1|600+42.9MG/5ML AMOXY+CLAV SYR 70ML||0|S2|$
[ 68-11-19 ][ 17:29:59 ]Send->0#|E|8|8|1|600+42.9MG/5ML AMOXY+CLAV SYR 70ML||0|S2|$
[ 68-11-19 ][ 17:30:01 ]Q_SetEEprom->1 #|E|8|8|2|DESLORATADINE 0.5MG/ML SYR 60ML||0|S3|$
[ 68-11-19 ][ 17:30:01 ]Send->0#|E|8|8|2|DESLORATADINE 0.5MG/ML SYR 60ML||0|S3|$
[ 68-11-19 ][ 17:30:03 ]Q_SetEEprom->1 #|E|8|8|2|DESLORATADINE 0.5MG/ML SYR 60ML||0|S3|$
[ 68-11-19 ][ 17:30:03 ]Send->0#|E|8|8|2|DESLORATADINE 0.5MG/ML SYR 60ML||0|S3|$
[ 68-11-19 ][ 17:30:05 ]Q_SetEEprom->1 #|E|8|8|3|RISPERIDONE 1MG/ML 30 ML SOL||0|S4|$
[ 68-11-19 ][ 17:30:05 ]Send->0#|E|8|8|3|RISPERIDONE 1MG/ML 30 ML SOL||0|S4|$
[ 68-11-19 ][ 17:30:07 ]Q_SetEEprom->1 #|E|8|8|4|60MG/0.6ML PARACETAMOLORAL SOL 15ML||0|S5|$
[ 68-11-19 ][ 17:30:07 ]Send->0#|E|8|8|4|60MG/0.6ML PARACETAMOLORAL SOL 15ML||0|S5|$
[ 68-11-19 ][ 17:30:09 ]Q_SetEEprom->1 #|E|8|8|4|60MG/0.6ML PARACETAMOLORAL SOL 15ML||0|S5|$
[ 68-11-19 ][ 17:30:09 ]Send->0#|E|8|8|4|60MG/0.6ML PARACETAMOLORAL SOL 15ML||0|S5|$
[ 68-11-19 ][ 17:30:11 ]Q_SetEEprom->1 #|E|8|8|4|60MG/0.6ML PARACETAMOLORAL SOL 15ML||0|S5|$
[ 68-11-19 ][ 17:30:11 ]Send->0#|E|8|8|4|60MG/0.6ML PARACETAMOLORAL SOL 15ML||0|S5|$
[ 68-11-19 ][ 17:30:13 ]Q_SetEEprom->1 #|E|8|8|4|60MG/0.6ML PARACETAMOLORAL SOL 15ML||0|S5|$
[ 68-11-19 ][ 17:30:13 ]Send->0#|E|8|8|4|60MG/0.6ML PARACETAMOLORAL SOL 15ML||0|S5|$
[ 68-11-19 ][ 17:30:15 ]Q_SetEEprom->1 #|E|8|8|5|MEMANTINE SOL 5MG/PUMP 100ML (EBIXA)||0|S6|$
[ 68-11-19 ][ 17:30:15 ]Send->0#|E|8|8|5|MEMANTINE SOL 5MG/PUMP 100ML (EBIXA)||0|S6|$
[ 68-11-19 ][ 17:30:17 ]Q_SetEEprom->1 #|E|8|8|5|MEMANTINE SOL 5MG/PUMP 100ML (EBIXA)||0|S6|$
[ 68-11-19 ][ 17:30:17 ]Send->0#|E|8|8|5|MEMANTINE SOL 5MG/PUMP 100ML (EBIXA)||0|S6|$
[ 68-11-19 ][ 17:30:19 ]Q_SetEEprom->1 #|E|8|8|5|MEMANTINE SOL 5MG/PUMP 100ML (EBIXA)||0|S6|$
[ 68-11-19 ][ 17:30:19 ]Send->0#|E|8|8|5|MEMANTINE SOL 5MG/PUMP 100ML (EBIXA)||0|S6|$
[ 68-11-19 ][ 17:33:59 ]Serial Port : COM3
[ 68-11-19 ][ 17:33:59 ]BaudRate : 57600
[ 68-11-19 ][ 17:34:58 ]Serial Port : COM3
[ 68-11-19 ][ 17:34:58 ]BaudRate : 57600
[ 68-11-19 ][ 17:36:10 ]Serial Port : COM3
[ 68-11-19 ][ 17:36:10 ]BaudRate : 57600
[ 68-11-19 ][ 17:46:43 ]Serial Port : COM3
[ 68-11-19 ][ 17:46:43 ]BaudRate : 57600
[ 68-11-19 ][ 17:51:17 ]Serial Port : COM3
[ 68-11-19 ][ 17:51:17 ]BaudRate : 57600
[ 68-11-19 ][ 17:53:07 ]Serial Port : COM3
[ 68-11-19 ][ 17:53:07 ]BaudRate : 57600
[ 68-11-19 ][ 17:54:17 ]Serial Port : COM3
[ 68-11-19 ][ 17:54:17 ]BaudRate : 57600
[ 68-11-19 ][ 17:55:03 ]Serial Port : COM3
[ 68-11-19 ][ 17:55:03 ]BaudRate : 57600
[ 68-11-19 ][ 17:57:50 ]Serial Port : COM3
[ 68-11-19 ][ 17:57:50 ]BaudRate : 57600
[ 68-11-19 ][ 17:58:24 ]Q_SetLED->1 #|B|6|0|255|0|0|$
[ 68-11-19 ][ 17:58:51 ]Q_SetLED->2 #|B|1|0|0|0|0|$
[ 68-11-19 ][ 17:59:00 ]Q_Order->3 #|L|6|0|1|S13|test|01-01-2029|1000|0|255|0|$
[ 68-11-19 ][ 17:59:02 ]Q_SetEEprom->4 #|E|6|6|0|PARACETAMOL 120MG/5ML SYR 60ML|||S13|$
[ 68-11-19 ][ 17:59:02 ]Q_SetEEprom->5 #|E|6|6|0|PARACETAMOL 120MG/5ML SYR 60ML|||S13|$
[ 68-11-19 ][ 18:13:13 ]Serial Port : COM3
[ 68-11-19 ][ 18:13:13 ]BaudRate : 57600
[ 68-11-19 ][ 18:15:46 ]Serial Port : COM3
[ 68-11-19 ][ 18:15:46 ]BaudRate : 57600
[ 68-11-19 ][ 18:17:18 ]Serial Port : COM3
[ 68-11-19 ][ 18:17:18 ]BaudRate : 57600
[ 68-11-19 ][ 18:21:48 ]Serial Port : COM3
[ 68-11-19 ][ 18:21:48 ]BaudRate : 57600
[ 68-11-19 ][ 18:27:18 ]Serial Port : COM3
[ 68-11-19 ][ 18:27:18 ]BaudRate : 57600
[ 68-11-19 ][ 18:28:12 ]Serial Port : COM3
[ 68-11-19 ][ 18:28:12 ]BaudRate : 57600
[ 68-11-19 ][ 18:28:23 ]Serial Port : COM3
[ 68-11-19 ][ 18:28:23 ]BaudRate : 57600
[ 68-11-19 ][ 18:31:35 ]Serial Port : COM3
[ 68-11-19 ][ 18:31:35 ]BaudRate : 57600
[ 68-11-19 ][ 18:35:29 ]Serial Port : COM3
[ 68-11-19 ][ 18:35:29 ]BaudRate : 57600
[ 68-11-19 ][ 18:37:23 ]Serial Port : COM3
[ 68-11-19 ][ 18:37:23 ]BaudRate : 57600
[ 68-11-19 ][ 18:38:21 ]Serial Port : COM3
[ 68-11-19 ][ 18:38:21 ]BaudRate : 57600
[ 68-11-19 ][ 18:39:56 ]Serial Port : COM3
[ 68-11-19 ][ 18:39:56 ]BaudRate : 57600
[ 68-11-19 ][ 18:52:18 ]Serial Port : COM3
[ 68-11-19 ][ 18:52:18 ]BaudRate : 57600
[ 68-11-19 ][ 18:52:53 ]Serial Port : COM3
[ 68-11-19 ][ 18:52:53 ]BaudRate : 57600
[ 68-11-19 ][ 18:53:30 ]Q_Order->1 #|L|6|0|1|S13|test|01-01-2029|999|0|255|0|$
[ 68-11-19 ][ 18:53:36 ]Q_SetEEprom->2 #|E|6|6|0|PARACETAMOL 120MG/5ML SYR 60ML|||S13|$
[ 68-11-19 ][ 18:53:36 ]Q_SetEEprom->3 #|E|6|6|0|PARACETAMOL 120MG/5ML SYR 60ML|||S13|$
[ 68-11-19 ][ 18:55:04 ]Serial Port : COM3
[ 68-11-19 ][ 18:55:04 ]BaudRate : 57600
[ 68-11-19 ][ 18:55:43 ]Q_Order->1 #|L|6|0|1|S13|test|01-01-2029|998|0|255|0|$
[ 68-11-19 ][ 18:55:45 ]Q_SetEEprom->2 #|E|6|6|0|PARACETAMOL 120MG/5ML SYR 60ML|||S13|$
[ 68-11-19 ][ 18:55:45 ]Q_SetEEprom->3 #|E|6|6|0|PARACETAMOL 120MG/5ML SYR 60ML|||S13|$
[ 68-11-19 ][ 18:56:36 ]Serial Port : COM3
[ 68-11-19 ][ 18:56:36 ]BaudRate : 57600
[ 68-11-19 ][ 18:56:43 ]Q_Order->1 #|L|6|0|1|S13|test|01-01-2029|997|0|255|0|$
[ 68-11-19 ][ 18:56:45 ]Q_SetEEprom->2 #|E|6|6|0|PARACETAMOL 120MG/5ML SYR 60ML|||S13|$
[ 68-11-19 ][ 18:56:45 ]Q_SetEEprom->3 #|E|6|6|0|PARACETAMOL 120MG/5ML SYR 60ML|||S13|$
[ 68-11-19 ][ 18:58:04 ]Serial Port : COM3
[ 68-11-19 ][ 18:58:04 ]BaudRate : 57600
[ 68-11-19 ][ 18:58:18 ]Q_Order->1 #|L|6|0|1|S13|test|01-01-2029|996|0|255|0|$
[ 68-11-19 ][ 18:58:22 ]Q_SetEEprom->2 #|E|6|6|0|PARACETAMOL 120MG/5ML SYR 60ML|||S13|$
[ 68-11-19 ][ 18:58:22 ]Q_SetEEprom->3 #|E|6|6|0|PARACETAMOL 120MG/5ML SYR 60ML|||S13|$
[ 68-11-19 ][ 18:59:25 ]Serial Port : COM3
[ 68-11-19 ][ 18:59:25 ]BaudRate : 57600
[ 68-11-19 ][ 19:03:01 ]Serial Port : COM3
[ 68-11-19 ][ 19:03:01 ]BaudRate : 57600
[ 68-11-19 ][ 19:03:59 ]Q_Order->1 #|L|6|0|1|S13|test|01-01-2029|995|0|255|0|$
[ 68-11-19 ][ 19:04:01 ]Q_SetEEprom->2 #|E|6|6|0|PARACETAMOL 120MG/5ML SYR 60ML|||S13|$
[ 68-11-19 ][ 19:04:01 ]Q_SetEEprom->3 #|E|6|6|0|PARACETAMOL 120MG/5ML SYR 60ML|||S13|$
[ 68-11-19 ][ 19:13:20 ]Serial Port : COM3
[ 68-11-19 ][ 19:13:20 ]BaudRate : 57600
[ 68-11-19 ][ 19:13:29 ]Q_Order->1 #|L|6|0|1|S13|test|01-01-2029|994|0|255|0|$
[ 68-11-19 ][ 19:13:33 ]Q_SetEEprom->2 #|E|6|6|0|PARACETAMOL 120MG/5ML SYR 60ML|||S13|$
[ 68-11-19 ][ 19:13:33 ]Q_SetEEprom->3 #|E|6|6|0|PARACETAMOL 120MG/5ML SYR 60ML|||S13|$
[ 68-11-19 ][ 19:15:17 ]Serial Port : COM3
[ 68-11-19 ][ 19:15:17 ]BaudRate : 57600
[ 68-11-19 ][ 19:18:30 ]Serial Port : COM3
[ 68-11-19 ][ 19:18:30 ]BaudRate : 57600
[ 68-11-19 ][ 19:19:33 ]Q_Order->1 #|L|6|0|1|S13|test|01-01-2029|993|0|255|0|$
[ 68-11-19 ][ 19:19:37 ]Q_SetEEprom->2 #|E|6|6|0|PARACETAMOL 120MG/5ML SYR 60ML|||S13|$
[ 68-11-19 ][ 19:19:37 ]Q_SetEEprom->3 #|E|6|6|0|PARACETAMOL 120MG/5ML SYR 60ML|||S13|$
[ 68-11-19 ][ 19:25:37 ]Serial Port : COM3
[ 68-11-19 ][ 19:25:37 ]BaudRate : 57600
[ 68-11-19 ][ 19:27:04 ]Serial Port : COM3
[ 68-11-19 ][ 19:27:04 ]BaudRate : 57600
[ 68-11-19 ][ 19:28:04 ]Serial Port : COM3
[ 68-11-19 ][ 19:28:04 ]BaudRate : 57600
[ 68-11-19 ][ 19:29:07 ]Serial Port : COM3
[ 68-11-19 ][ 19:29:07 ]BaudRate : 57600
[ 68-11-19 ][ 19:30:21 ]Serial Port : COM3
[ 68-11-19 ][ 19:30:21 ]BaudRate : 57600
[ 68-11-19 ][ 19:31:56 ]Serial Port : COM3
[ 68-11-19 ][ 19:31:56 ]BaudRate : 57600
[ 68-11-19 ][ 19:33:11 ]Serial Port : COM3
[ 68-11-19 ][ 19:33:11 ]BaudRate : 57600
