[ 68-10-08 ][ 12:30:00 ]Serial Port : COM3
[ 68-10-08 ][ 12:30:00 ]BaudRate : 57600
[ 68-10-08 ][ 12:37:20 ]Serial Port : COM3
[ 68-10-08 ][ 12:37:20 ]BaudRate : 57600
[ 68-10-08 ][ 12:37:20 ]Port Open
[ 68-10-08 ][ 12:37:22 ]R->#|R|0|$
[ 68-10-08 ][ 12:38:07 ]Serial Port : COM3
[ 68-10-08 ][ 12:38:07 ]BaudRate : 57600
[ 68-10-08 ][ 12:38:07 ]Port Open
[ 68-10-08 ][ 12:41:32 ]Serial Port : COM3
[ 68-10-08 ][ 12:41:32 ]BaudRate : 57600
[ 68-10-08 ][ 12:41:32 ]Port Open
[ 68-10-08 ][ 12:53:39 ]Serial Port : COM3
[ 68-10-08 ][ 12:53:39 ]BaudRate : 57600
[ 68-10-08 ][ 12:53:39 ]Port Open
[ 68-10-08 ][ 12:55:42 ]Serial Port : COM3
[ 68-10-08 ][ 12:55:42 ]BaudRate : 57600
[ 68-10-08 ][ 12:55:42 ]Port Open
[ 68-10-08 ][ 12:56:54 ]Serial Port : COM3
[ 68-10-08 ][ 12:56:54 ]BaudRate : 57600
[ 68-10-08 ][ 12:56:54 ]Port Open
[ 68-10-08 ][ 12:58:03 ]Serial Port : COM3
[ 68-10-08 ][ 12:58:03 ]BaudRate : 57600
[ 68-10-08 ][ 12:58:03 ]Port Open
[ 68-10-08 ][ 12:58:14 ]Q_Order->1 #|L|1|2|1|||||0|255|0|$
[ 68-10-08 ][ 12:58:14 ]Send->0#|L|1|2|1| ||||0|255|0|$
[ 68-10-08 ][ 12:58:30 ]R->#|U|1|2|1|$
[ 68-10-08 ][ 12:59:28 ]Serial Port : COM3
[ 68-10-08 ][ 12:59:28 ]BaudRate : 57600
[ 68-10-08 ][ 12:59:28 ]Port Open
[ 68-10-08 ][ 12:59:46 ]Q_Order->1 #|L|1|2|1|||||0|255|0|$
[ 68-10-08 ][ 12:59:49 ]Send->0#|L|1|2|1| ||||0|255|0|$
[ 68-10-08 ][ 12:59:58 ]R->#|U|1|2|1|$
[ 68-10-08 ][ 13:04:24 ]Serial Port : COM3
[ 68-10-08 ][ 13:04:24 ]BaudRate : 57600
[ 68-10-08 ][ 13:04:24 ]Port Open
[ 68-10-08 ][ 13:04:40 ]Q_Order->1 #|L|1|2|1|||||0|255|0|$
[ 68-10-08 ][ 13:04:40 ]Send->0#|L|1|2|1| ||||0|255|0|$
[ 68-10-08 ][ 13:04:42 ]R->#|U|1|2|1|$
[ 68-10-08 ][ 13:07:13 ]Serial Port : COM3
[ 68-10-08 ][ 13:07:13 ]BaudRate : 57600
[ 68-10-08 ][ 13:07:13 ]Port Open
[ 68-10-08 ][ 13:07:27 ]Q_Order->1 #|L|1|2|1|||||0|255|0|$
[ 68-10-08 ][ 13:07:27 ]Send->0#|L|1|2|1| ||||0|255|0|$
[ 68-10-08 ][ 14:21:17 ]Serial Port : COM3
[ 68-10-08 ][ 14:21:17 ]BaudRate : 57600
[ 68-10-08 ][ 14:21:17 ]Port Open
[ 68-10-08 ][ 14:22:53 ]Serial Port : COM3
[ 68-10-08 ][ 14:22:53 ]BaudRate : 57600
[ 68-10-08 ][ 14:22:53 ]Port Open
[ 68-10-08 ][ 14:23:02 ]Q_Order->1 #|L|1|2|1|||||0|255|0|$
[ 68-10-08 ][ 14:23:02 ]Send->0#|L|1|2|1| ||||0|255|0|$
[ 68-10-08 ][ 14:23:06 ]R->#|U|1|2|1|$
[ 68-10-08 ][ 14:25:46 ]Serial Port : COM3
[ 68-10-08 ][ 14:25:46 ]BaudRate : 57600
[ 68-10-08 ][ 14:25:46 ]Port Open
[ 68-10-08 ][ 14:25:53 ]Q_Order->1 #|L|1|2|1|||||0|255|0|$
[ 68-10-08 ][ 14:25:57 ]Send->0#|L|1|2|1| ||||0|255|0|$
[ 68-10-08 ][ 14:28:15 ]R->#|U|1|2|1|$
[ 68-10-08 ][ 14:32:30 ]R->#|U|1|2|0|$
[ 68-10-08 ][ 14:32:45 ]Q_Order->1 #|L|1|2|1|||||0|255|0|$
[ 68-10-08 ][ 14:32:53 ]Send->0#|L|1|2|1| ||||0|255|0|$
[ 68-10-08 ][ 14:32:57 ]R->#|U|1|2|1|$
[ 68-10-08 ][ 14:38:11 ]Serial Port : COM3
[ 68-10-08 ][ 14:38:11 ]BaudRate : 57600
[ 68-10-08 ][ 14:38:11 ]Port Open
[ 68-10-08 ][ 14:38:21 ]Q_Order->1 #|L|1|2|1|||||0|255|0|$
[ 68-10-08 ][ 14:38:21 ]Send->0#|L|1|2|1| ||||0|255|0|$
[ 68-10-08 ][ 14:38:25 ]R->#|U|1|2|1|$
[ 68-10-08 ][ 14:41:14 ]Serial Port : COM3
[ 68-10-08 ][ 14:41:14 ]BaudRate : 57600
[ 68-10-08 ][ 14:41:14 ]Port Open
[ 68-10-08 ][ 14:41:23 ]Q_Order->1 #|L|1|2|1|||||0|255|0|$
[ 68-10-08 ][ 14:41:23 ]Send->0#|L|1|2|1| ||||0|255|0|$
[ 68-10-08 ][ 14:41:37 ]R->#|U|1|2|1|$
[ 68-10-08 ][ 14:43:56 ]Serial Port : COM3
[ 68-10-08 ][ 14:43:56 ]BaudRate : 57600
[ 68-10-08 ][ 14:43:56 ]Port Open
[ 68-10-08 ][ 14:44:02 ]Q_Order->1 #|L|1|2|1|||||0|255|0|$
[ 68-10-08 ][ 14:44:02 ]Send->0#|L|1|2|1| ||||0|255|0|$
[ 68-10-08 ][ 14:44:03 ]R->#|U|1|2|1|$
[ 68-10-08 ][ 15:17:26 ]Serial Port : COM3
[ 68-10-08 ][ 15:17:26 ]BaudRate : 57600
[ 68-10-08 ][ 15:17:26 ]Port Open
[ 68-10-08 ][ 15:17:36 ]Q_Order->1 #|L|1|2|1|||||0|255|0|$
[ 68-10-08 ][ 15:17:36 ]Send->0#|L|1|2|1| ||||0|255|0|$
[ 68-10-08 ][ 15:17:41 ]R->#|U|1|2|1|$
[ 68-10-08 ][ 15:19:03 ]Serial Port : COM3
[ 68-10-08 ][ 15:19:03 ]BaudRate : 57600
[ 68-10-08 ][ 15:19:03 ]Port Open
[ 68-10-08 ][ 15:19:12 ]Q_Order->1 #|L|1|2|1|||||0|255|0|$
[ 68-10-08 ][ 15:19:12 ]Send->0#|L|1|2|1| ||||0|255|0|$
[ 68-10-08 ][ 15:19:17 ]R->#|U|1|2|1|$
[ 68-10-08 ][ 15:23:16 ]Serial Port : COM3
[ 68-10-08 ][ 15:23:16 ]BaudRate : 57600
[ 68-10-08 ][ 15:23:16 ]Port Open
[ 68-10-08 ][ 15:45:26 ]Serial Port : COM3
[ 68-10-08 ][ 15:45:26 ]BaudRate : 57600
[ 68-10-08 ][ 15:45:26 ]Port Open
[ 68-10-08 ][ 15:45:34 ]Q_Order->1 #|L|1|2|1|||||0|255|0|$
[ 68-10-08 ][ 15:45:35 ]Send->0#|L|1|2|1| ||||0|255|0|$
[ 68-10-08 ][ 15:45:39 ]R->#|U|1|2|1|$
