[ 68-11-11 ][ 11:57:23 ]Serial Port : COM3
[ 68-11-11 ][ 11:57:23 ]BaudRate : 57600
[ 68-11-11 ][ 11:57:23 ]Port Open
[ 68-11-11 ][ 11:57:46 ]Serial Port : COM3
[ 68-11-11 ][ 11:57:46 ]BaudRate : 57600
[ 68-11-11 ][ 11:57:46 ]Port Open
[ 68-11-11 ][ 11:57:48 ]Q_SetEEprom->1 #|E|1|1|0| | | | |$
[ 68-11-11 ][ 11:57:49 ]Send->0#|E|1|1|0| | | | |$
[ 68-11-11 ][ 11:57:50 ]Q_SetEEprom->1 #|E|1|1|1| | | | |$
[ 68-11-11 ][ 11:57:51 ]Send->0#|E|1|1|1| | | | |$
[ 68-11-11 ][ 11:57:52 ]Q_SetEEprom->1 #|E|1|1|2| | | | |$
[ 68-11-11 ][ 11:57:53 ]Send->0#|E|1|1|2| | | | |$
[ 68-11-11 ][ 11:57:54 ]Q_SetEEprom->1 #|E|1|1|3| | | | |$
[ 68-11-11 ][ 11:57:55 ]Send->0#|E|1|1|3| | | | |$
[ 68-11-11 ][ 11:57:56 ]Q_SetEEprom->1 #|E|1|1|4| | | | |$
[ 68-11-11 ][ 11:57:56 ]Send->0#|E|1|1|4| | | | |$
[ 68-11-11 ][ 11:57:58 ]Q_SetEEprom->1 #|E|1|1|5| | | | |$
[ 68-11-11 ][ 11:57:58 ]Send->0#|E|1|1|5| | | | |$
[ 68-11-11 ][ 11:58:00 ]Q_SetEEprom->1 #|E|1|1|6| | | | |$
[ 68-11-11 ][ 11:58:01 ]Send->0#|E|1|1|6| | | | |$
[ 68-11-11 ][ 11:58:02 ]Q_SetEEprom->1 #|E|2|2|0| | | | |$
[ 68-11-11 ][ 11:58:03 ]Send->0#|E|2|2|0| | | | |$
[ 68-11-11 ][ 11:58:04 ]Q_SetEEprom->1 #|E|2|2|1| | | | |$
[ 68-11-11 ][ 11:58:05 ]Send->0#|E|2|2|1| | | | |$
[ 68-11-11 ][ 11:58:06 ]Q_SetEEprom->1 #|E|2|2|2| | | | |$
[ 68-11-11 ][ 11:58:07 ]Send->0#|E|2|2|2| | | | |$
[ 68-11-11 ][ 11:58:08 ]Q_SetEEprom->1 #|E|2|2|3| | | | |$
[ 68-11-11 ][ 11:58:08 ]Send->0#|E|2|2|3| | | | |$
[ 68-11-11 ][ 11:58:10 ]Q_SetEEprom->1 #|E|2|2|4| | | | |$
[ 68-11-11 ][ 11:58:10 ]Send->0#|E|2|2|4| | | | |$
[ 68-11-11 ][ 11:58:12 ]Q_SetEEprom->1 #|E|2|2|5| | | | |$
[ 68-11-11 ][ 11:58:12 ]Send->0#|E|2|2|5| | | | |$
[ 68-11-11 ][ 11:58:14 ]Q_SetEEprom->1 #|E|2|2|6| | | | |$
[ 68-11-11 ][ 11:58:15 ]Send->0#|E|2|2|6| | | | |$
[ 68-11-11 ][ 11:58:16 ]Q_SetEEprom->1 #|E|3|3|0| | | | |$
[ 68-11-11 ][ 11:58:17 ]Send->0#|E|3|3|0| | | | |$
[ 68-11-11 ][ 11:58:18 ]Q_SetEEprom->1 #|E|3|3|1| | | | |$
[ 68-11-11 ][ 11:58:19 ]Send->0#|E|3|3|1| | | | |$
[ 68-11-11 ][ 11:58:20 ]Q_SetEEprom->1 #|E|3|3|2| | | | |$
[ 68-11-11 ][ 11:58:21 ]Send->0#|E|3|3|2| | | | |$
[ 68-11-11 ][ 11:58:22 ]Q_SetEEprom->1 #|E|3|3|3| | | | |$
[ 68-11-11 ][ 11:58:22 ]Send->0#|E|3|3|3| | | | |$
[ 68-11-11 ][ 11:58:24 ]Q_SetEEprom->1 #|E|3|3|4| | | | |$
[ 68-11-11 ][ 11:58:24 ]Send->0#|E|3|3|4| | | | |$
[ 68-11-11 ][ 11:58:26 ]Q_SetEEprom->1 #|E|3|3|5| | | | |$
[ 68-11-11 ][ 11:58:27 ]Send->0#|E|3|3|5| | | | |$
[ 68-11-11 ][ 11:58:28 ]Q_SetEEprom->1 #|E|3|3|6| | | | |$
[ 68-11-11 ][ 11:58:29 ]Send->0#|E|3|3|6| | | | |$
[ 68-11-11 ][ 11:58:30 ]Q_SetEEprom->1 #|E|4|4|0| | | | |$
[ 68-11-11 ][ 11:58:31 ]Send->0#|E|4|4|0| | | | |$
[ 68-11-11 ][ 11:58:32 ]Q_SetEEprom->1 #|E|4|4|1| | | | |$
[ 68-11-11 ][ 11:58:33 ]Send->0#|E|4|4|1| | | | |$
[ 68-11-11 ][ 11:58:34 ]Q_SetEEprom->1 #|E|4|4|2| | | | |$
[ 68-11-11 ][ 11:58:34 ]Send->0#|E|4|4|2| | | | |$
[ 68-11-11 ][ 11:58:36 ]Q_SetEEprom->1 #|E|4|4|3| | | | |$
[ 68-11-11 ][ 11:58:36 ]Send->0#|E|4|4|3| | | | |$
[ 68-11-11 ][ 11:58:38 ]Q_SetEEprom->1 #|E|4|4|4| | | | |$
[ 68-11-11 ][ 11:58:39 ]Send->0#|E|4|4|4| | | | |$
[ 68-11-11 ][ 11:58:40 ]Q_SetEEprom->1 #|E|4|4|5| | | | |$
[ 68-11-11 ][ 11:58:41 ]Send->0#|E|4|4|5| | | | |$
[ 68-11-11 ][ 11:58:42 ]Q_SetEEprom->1 #|E|4|4|6| | | | |$
[ 68-11-11 ][ 11:58:43 ]Send->0#|E|4|4|6| | | | |$
[ 68-11-11 ][ 11:58:44 ]Q_SetEEprom->1 #|E|5|5|0| | | | |$
[ 68-11-11 ][ 11:58:45 ]Send->0#|E|5|5|0| | | | |$
[ 68-11-11 ][ 11:58:46 ]Q_SetEEprom->1 #|E|5|5|1| | | | |$
[ 68-11-11 ][ 11:58:47 ]Send->0#|E|5|5|1| | | | |$
[ 68-11-11 ][ 11:58:48 ]Q_SetEEprom->1 #|E|5|5|2| | | | |$
[ 68-11-11 ][ 11:58:48 ]Send->0#|E|5|5|2| | | | |$
[ 68-11-11 ][ 11:58:50 ]Q_SetEEprom->1 #|E|5|5|3| | | | |$
[ 68-11-11 ][ 11:58:50 ]Send->0#|E|5|5|3| | | | |$
[ 68-11-11 ][ 11:58:52 ]Q_SetEEprom->1 #|E|5|5|4| | | | |$
[ 68-11-11 ][ 11:58:53 ]Send->0#|E|5|5|4| | | | |$
[ 68-11-11 ][ 11:58:54 ]Q_SetEEprom->1 #|E|5|5|5| | | | |$
[ 68-11-11 ][ 11:58:55 ]Send->0#|E|5|5|5| | | | |$
[ 68-11-11 ][ 11:58:56 ]Q_SetEEprom->1 #|E|5|5|6| | | | |$
[ 68-11-11 ][ 11:58:57 ]Send->0#|E|5|5|6| | | | |$
[ 68-11-11 ][ 11:58:58 ]Q_SetEEprom->1 #|E|6|6|0| | | | |$
[ 68-11-11 ][ 11:58:59 ]Send->0#|E|6|6|0| | | | |$
[ 68-11-11 ][ 11:59:00 ]Q_SetEEprom->1 #|E|6|6|1| | | | |$
[ 68-11-11 ][ 11:59:00 ]Send->0#|E|6|6|1| | | | |$
[ 68-11-11 ][ 11:59:02 ]Q_SetEEprom->1 #|E|6|6|2| | | | |$
[ 68-11-11 ][ 11:59:02 ]Send->0#|E|6|6|2| | | | |$
[ 68-11-11 ][ 11:59:04 ]Q_SetEEprom->1 #|E|6|6|3| | | | |$
[ 68-11-11 ][ 11:59:05 ]Send->0#|E|6|6|3| | | | |$
[ 68-11-11 ][ 11:59:06 ]Q_SetEEprom->1 #|E|6|6|4| | | | |$
[ 68-11-11 ][ 11:59:07 ]Send->0#|E|6|6|4| | | | |$
[ 68-11-11 ][ 11:59:08 ]Q_SetEEprom->1 #|E|6|6|5| | | | |$
[ 68-11-11 ][ 11:59:09 ]Send->0#|E|6|6|5| | | | |$
[ 68-11-11 ][ 11:59:10 ]Q_SetEEprom->1 #|E|6|6|6| | | | |$
[ 68-11-11 ][ 11:59:11 ]Send->0#|E|6|6|6| | | | |$
[ 68-11-11 ][ 11:59:12 ]Q_SetEEprom->1 #|E|7|7|0| | | | |$
[ 68-11-11 ][ 11:59:13 ]Send->0#|E|7|7|0| | | | |$
[ 68-11-11 ][ 11:59:14 ]Q_SetEEprom->1 #|E|7|7|1| | | | |$
[ 68-11-11 ][ 11:59:14 ]Send->0#|E|7|7|1| | | | |$
[ 68-11-11 ][ 11:59:16 ]Q_SetEEprom->1 #|E|7|7|2| | | | |$
[ 68-11-11 ][ 11:59:16 ]Send->0#|E|7|7|2| | | | |$
[ 68-11-11 ][ 11:59:18 ]Q_SetEEprom->1 #|E|7|7|3| | | | |$
[ 68-11-11 ][ 11:59:19 ]Send->0#|E|7|7|3| | | | |$
[ 68-11-11 ][ 11:59:20 ]Q_SetEEprom->1 #|E|7|7|4| | | | |$
[ 68-11-11 ][ 11:59:21 ]Send->0#|E|7|7|4| | | | |$
[ 68-11-11 ][ 11:59:22 ]Q_SetEEprom->1 #|E|7|7|5| | | | |$
[ 68-11-11 ][ 11:59:23 ]Send->0#|E|7|7|5| | | | |$
[ 68-11-11 ][ 11:59:24 ]Q_SetEEprom->1 #|E|7|7|6| | | | |$
[ 68-11-11 ][ 11:59:25 ]Send->0#|E|7|7|6| | | | |$
[ 68-11-11 ][ 11:59:26 ]Q_SetEEprom->1 #|E|8|8|0| | | | |$
[ 68-11-11 ][ 11:59:26 ]Send->0#|E|8|8|0| | | | |$
[ 68-11-11 ][ 11:59:28 ]Q_SetEEprom->1 #|E|8|8|1| | | | |$
[ 68-11-11 ][ 11:59:28 ]Send->0#|E|8|8|1| | | | |$
[ 68-11-11 ][ 11:59:30 ]Q_SetEEprom->1 #|E|8|8|2| | | | |$
[ 68-11-11 ][ 11:59:31 ]Send->0#|E|8|8|2| | | | |$
[ 68-11-11 ][ 11:59:32 ]Q_SetEEprom->1 #|E|8|8|3| | | | |$
[ 68-11-11 ][ 11:59:33 ]Send->0#|E|8|8|3| | | | |$
[ 68-11-11 ][ 11:59:34 ]Q_SetEEprom->1 #|E|8|8|4| | | | |$
[ 68-11-11 ][ 11:59:35 ]Send->0#|E|8|8|4| | | | |$
[ 68-11-11 ][ 11:59:36 ]Q_SetEEprom->1 #|E|8|8|5| | | | |$
[ 68-11-11 ][ 11:59:37 ]Send->0#|E|8|8|5| | | | |$
[ 68-11-11 ][ 11:59:38 ]Q_SetEEprom->1 #|E|8|8|6| | | | |$
[ 68-11-11 ][ 11:59:39 ]Send->0#|E|8|8|6| | | | |$
[ 68-11-11 ][ 12:01:07 ]Serial Port : COM3
[ 68-11-11 ][ 12:01:07 ]BaudRate : 57600
[ 68-11-11 ][ 12:01:07 ]Port Open
[ 68-11-11 ][ 12:01:10 ]Q_SetEEprom->1 #|E|1|1|0| | | | |$
[ 68-11-11 ][ 12:01:10 ]Send->0#|E|1|1|0| | | | |$
[ 68-11-11 ][ 12:01:12 ]Q_SetEEprom->1 #|E|1|1|1| | | | |$
[ 68-11-11 ][ 12:01:12 ]Send->0#|E|1|1|1| | | | |$
[ 68-11-11 ][ 12:01:14 ]Q_SetEEprom->1 #|E|1|1|2| | | | |$
[ 68-11-11 ][ 12:01:14 ]Send->0#|E|1|1|2| | | | |$
[ 68-11-11 ][ 12:01:16 ]Q_SetEEprom->1 #|E|1|1|3| | | | |$
[ 68-11-11 ][ 12:01:16 ]Send->0#|E|1|1|3| | | | |$
[ 68-11-11 ][ 12:01:18 ]Q_SetEEprom->1 #|E|1|1|4| | | | |$
[ 68-11-11 ][ 12:01:19 ]Send->0#|E|1|1|4| | | | |$
[ 68-11-11 ][ 12:01:20 ]Q_SetEEprom->1 #|E|1|1|5| | | | |$
[ 68-11-11 ][ 12:01:20 ]Send->0#|E|1|1|5| | | | |$
[ 68-11-11 ][ 12:01:22 ]Q_SetEEprom->1 #|E|1|1|6| | | | |$
[ 68-11-11 ][ 12:01:22 ]Send->0#|E|1|1|6| | | | |$
[ 68-11-11 ][ 12:01:24 ]Q_SetEEprom->1 #|E|2|2|0| | | | |$
[ 68-11-11 ][ 12:01:24 ]Send->0#|E|2|2|0| | | | |$
[ 68-11-11 ][ 12:01:26 ]Q_SetEEprom->1 #|E|2|2|1| | | | |$
[ 68-11-11 ][ 12:01:26 ]Send->0#|E|2|2|1| | | | |$
[ 68-11-11 ][ 12:01:28 ]Q_SetEEprom->1 #|E|2|2|2| | | | |$
[ 68-11-11 ][ 12:01:28 ]Send->0#|E|2|2|2| | | | |$
[ 68-11-11 ][ 12:01:30 ]Q_SetEEprom->1 #|E|2|2|3| | | | |$
[ 68-11-11 ][ 12:01:30 ]Send->0#|E|2|2|3| | | | |$
[ 68-11-11 ][ 12:01:32 ]Q_SetEEprom->1 #|E|2|2|4| | | | |$
[ 68-11-11 ][ 12:01:33 ]Send->0#|E|2|2|4| | | | |$
[ 68-11-11 ][ 12:01:34 ]Q_SetEEprom->1 #|E|2|2|5| | | | |$
[ 68-11-11 ][ 12:01:34 ]Send->0#|E|2|2|5| | | | |$
[ 68-11-11 ][ 12:01:36 ]Q_SetEEprom->1 #|E|2|2|6| | | | |$
[ 68-11-11 ][ 12:01:36 ]Send->0#|E|2|2|6| | | | |$
[ 68-11-11 ][ 12:01:38 ]Q_SetEEprom->1 #|E|3|3|0| | | | |$
[ 68-11-11 ][ 12:01:38 ]Send->0#|E|3|3|0| | | | |$
[ 68-11-11 ][ 12:01:40 ]Q_SetEEprom->1 #|E|3|3|1| | | | |$
[ 68-11-11 ][ 12:01:40 ]Send->0#|E|3|3|1| | | | |$
[ 68-11-11 ][ 12:01:42 ]Q_SetEEprom->1 #|E|3|3|2| | | | |$
[ 68-11-11 ][ 12:01:42 ]Send->0#|E|3|3|2| | | | |$
[ 68-11-11 ][ 12:01:44 ]Q_SetEEprom->1 #|E|3|3|3| | | | |$
[ 68-11-11 ][ 12:01:45 ]Send->0#|E|3|3|3| | | | |$
[ 68-11-11 ][ 12:01:46 ]Q_SetEEprom->1 #|E|3|3|4| | | | |$
[ 68-11-11 ][ 12:01:46 ]Send->0#|E|3|3|4| | | | |$
[ 68-11-11 ][ 12:01:48 ]Q_SetEEprom->1 #|E|3|3|5| | | | |$
[ 68-11-11 ][ 12:01:48 ]Send->0#|E|3|3|5| | | | |$
[ 68-11-11 ][ 12:01:50 ]Q_SetEEprom->1 #|E|3|3|6| | | | |$
[ 68-11-11 ][ 12:01:50 ]Send->0#|E|3|3|6| | | | |$
[ 68-11-11 ][ 12:01:52 ]Q_SetEEprom->1 #|E|4|4|0| | | | |$
[ 68-11-11 ][ 12:01:52 ]Send->0#|E|4|4|0| | | | |$
[ 68-11-11 ][ 12:01:54 ]Q_SetEEprom->1 #|E|4|4|1| | | | |$
[ 68-11-11 ][ 12:01:54 ]Send->0#|E|4|4|1| | | | |$
[ 68-11-11 ][ 12:01:56 ]Q_SetEEprom->1 #|E|4|4|2| | | | |$
[ 68-11-11 ][ 12:01:57 ]Send->0#|E|4|4|2| | | | |$
[ 68-11-11 ][ 12:01:58 ]Q_SetEEprom->1 #|E|4|4|3| | | | |$
[ 68-11-11 ][ 12:01:59 ]Send->0#|E|4|4|3| | | | |$
[ 68-11-11 ][ 12:02:00 ]Q_SetEEprom->1 #|E|4|4|4| | | | |$
[ 68-11-11 ][ 12:02:00 ]Send->0#|E|4|4|4| | | | |$
[ 68-11-11 ][ 12:02:02 ]Q_SetEEprom->1 #|E|4|4|5| | | | |$
[ 68-11-11 ][ 12:02:02 ]Send->0#|E|4|4|5| | | | |$
[ 68-11-11 ][ 12:02:04 ]Q_SetEEprom->1 #|E|4|4|6| | | | |$
[ 68-11-11 ][ 12:02:04 ]Send->0#|E|4|4|6| | | | |$
[ 68-11-11 ][ 12:02:06 ]Q_SetEEprom->1 #|E|5|5|0| | | | |$
[ 68-11-11 ][ 12:02:06 ]Send->0#|E|5|5|0| | | | |$
[ 68-11-11 ][ 12:02:08 ]Q_SetEEprom->1 #|E|5|5|1| | | | |$
[ 68-11-11 ][ 12:02:08 ]Send->0#|E|5|5|1| | | | |$
[ 68-11-11 ][ 12:02:10 ]Q_SetEEprom->1 #|E|5|5|2| | | | |$
[ 68-11-11 ][ 12:02:11 ]Send->0#|E|5|5|2| | | | |$
[ 68-11-11 ][ 12:02:12 ]Q_SetEEprom->1 #|E|5|5|3| | | | |$
[ 68-11-11 ][ 12:02:12 ]Send->0#|E|5|5|3| | | | |$
[ 68-11-11 ][ 12:02:14 ]Q_SetEEprom->1 #|E|5|5|4| | | | |$
[ 68-11-11 ][ 12:02:14 ]Send->0#|E|5|5|4| | | | |$
[ 68-11-11 ][ 12:02:16 ]Q_SetEEprom->1 #|E|5|5|5| | | | |$
[ 68-11-11 ][ 12:02:16 ]Send->0#|E|5|5|5| | | | |$
[ 68-11-11 ][ 12:02:18 ]Q_SetEEprom->1 #|E|5|5|6| | | | |$
[ 68-11-11 ][ 12:02:18 ]Send->0#|E|5|5|6| | | | |$
[ 68-11-11 ][ 12:02:20 ]Q_SetEEprom->1 #|E|6|6|0| | | | |$
[ 68-11-11 ][ 12:02:20 ]Send->0#|E|6|6|0| | | | |$
[ 68-11-11 ][ 12:02:22 ]Q_SetEEprom->1 #|E|6|6|1| | | | |$
[ 68-11-11 ][ 12:02:23 ]Send->0#|E|6|6|1| | | | |$
[ 68-11-11 ][ 12:02:24 ]Q_SetEEprom->1 #|E|6|6|2| | | | |$
[ 68-11-11 ][ 12:02:25 ]Send->0#|E|6|6|2| | | | |$
[ 68-11-11 ][ 12:02:26 ]Q_SetEEprom->1 #|E|6|6|3| | | | |$
[ 68-11-11 ][ 12:02:26 ]Send->0#|E|6|6|3| | | | |$
[ 68-11-11 ][ 12:02:28 ]Q_SetEEprom->1 #|E|6|6|4| | | | |$
[ 68-11-11 ][ 12:02:28 ]Send->0#|E|6|6|4| | | | |$
[ 68-11-11 ][ 12:02:30 ]Q_SetEEprom->1 #|E|6|6|5| | | | |$
[ 68-11-11 ][ 12:02:30 ]Send->0#|E|6|6|5| | | | |$
[ 68-11-11 ][ 12:02:32 ]Q_SetEEprom->1 #|E|6|6|6| | | | |$
[ 68-11-11 ][ 12:02:32 ]Send->0#|E|6|6|6| | | | |$
[ 68-11-11 ][ 12:02:34 ]Q_SetEEprom->1 #|E|7|7|0| | | | |$
[ 68-11-11 ][ 12:02:35 ]Send->0#|E|7|7|0| | | | |$
[ 68-11-11 ][ 12:02:36 ]Q_SetEEprom->1 #|E|7|7|1| | | | |$
[ 68-11-11 ][ 12:02:37 ]Send->0#|E|7|7|1| | | | |$
[ 68-11-11 ][ 12:02:38 ]Q_SetEEprom->1 #|E|7|7|2| | | | |$
[ 68-11-11 ][ 12:02:38 ]Send->0#|E|7|7|2| | | | |$
[ 68-11-11 ][ 12:02:40 ]Q_SetEEprom->1 #|E|7|7|3| | | | |$
[ 68-11-11 ][ 12:02:40 ]Send->0#|E|7|7|3| | | | |$
[ 68-11-11 ][ 12:02:42 ]Q_SetEEprom->1 #|E|7|7|4| | | | |$
[ 68-11-11 ][ 12:02:42 ]Send->0#|E|7|7|4| | | | |$
[ 68-11-11 ][ 12:02:44 ]Q_SetEEprom->1 #|E|7|7|5| | | | |$
[ 68-11-11 ][ 12:02:44 ]Send->0#|E|7|7|5| | | | |$
[ 68-11-11 ][ 12:02:46 ]Q_SetEEprom->1 #|E|7|7|6| | | | |$
[ 68-11-11 ][ 12:02:46 ]Send->0#|E|7|7|6| | | | |$
[ 68-11-11 ][ 12:02:48 ]Q_SetEEprom->1 #|E|8|8|0| | | | |$
[ 68-11-11 ][ 12:02:49 ]Send->0#|E|8|8|0| | | | |$
[ 68-11-11 ][ 12:02:50 ]Q_SetEEprom->1 #|E|8|8|1| | | | |$
[ 68-11-11 ][ 12:02:50 ]Send->0#|E|8|8|1| | | | |$
[ 68-11-11 ][ 12:02:52 ]Q_SetEEprom->1 #|E|8|8|2| | | | |$
[ 68-11-11 ][ 12:02:52 ]Send->0#|E|8|8|2| | | | |$
[ 68-11-11 ][ 12:02:54 ]Q_SetEEprom->1 #|E|8|8|3| | | | |$
[ 68-11-11 ][ 12:02:54 ]Send->0#|E|8|8|3| | | | |$
[ 68-11-11 ][ 12:02:56 ]Q_SetEEprom->1 #|E|8|8|4| | | | |$
[ 68-11-11 ][ 12:02:56 ]Send->0#|E|8|8|4| | | | |$
[ 68-11-11 ][ 12:02:58 ]Q_SetEEprom->1 #|E|8|8|5| | | | |$
[ 68-11-11 ][ 12:02:58 ]Send->0#|E|8|8|5| | | | |$
[ 68-11-11 ][ 12:03:00 ]Q_SetEEprom->1 #|E|8|8|6| | | | |$
[ 68-11-11 ][ 12:03:01 ]Send->0#|E|8|8|6| | | | |$
[ 68-11-11 ][ 12:03:02 ]Q_SetEEprom->1 #|E|7|7|3|==CEFDINIR 125 MG/5ML 30ML SUSP (SAMNIR)|||S10|$
[ 68-11-11 ][ 12:03:03 ]Send->0#|E|7|7|3|==CEFDINIR 125 MG/5ML 30ML SUSP (SAMNIR)|||S10|$
[ 68-11-11 ][ 12:03:04 ]Q_SetEEprom->1 #|E|6|6|2|(อ)CETIRIZINE 1 MG/ML 60 ML (ZYMED)|||S15|$
[ 68-11-11 ][ 12:03:04 ]Send->0#|E|6|6|2|(อ)CETIRIZINE 1 MG/ML 60 ML (ZYMED)|||S15|$
[ 68-11-11 ][ 12:03:06 ]Q_SetEEprom->1 #|E|8|8|2|==(อ) DESLORATADINE 0.5MG/ML SYRUP 60 ML (LORIUS)|||S3|$
[ 68-11-11 ][ 12:03:06 ]Send->0#|E|8|8|2|==(อ) DESLORATADINE 0.5MG/ML SYRUP 60 ML (LORIUS)|||S3|$
[ 68-11-11 ][ 12:03:08 ]Q_SetEEprom->1 #|E|8|8|5|==(อ)MEMANTINE Solution 5MG (0.5ML) /PUMP 100 ML (EBIXA)|||S6|$
[ 68-11-11 ][ 12:03:08 ]Send->0#|E|8|8|5|==(อ)MEMANTINE Solution 5MG (0.5ML) /PUMP 100 ML (EBIXA)|||S6|$
[ 68-11-11 ][ 12:03:10 ]Q_SetEEprom->1 #|E|8|8|0|SOD PHOSPHATE(MONO/DIBASIC)(XUBIL 90 ML)|||S1|$
[ 68-11-11 ][ 12:03:10 ]Send->0#|E|8|8|0|SOD PHOSPHATE(MONO/DIBASIC)(XUBIL 90 ML)|||S1|$
[ 68-11-11 ][ 12:03:52 ]Q_Order->1 #|L|8|0|4|||||0|255|0|$
[ 68-11-11 ][ 12:03:53 ]Send->0#|L|8|0|4| ||||0|255|0|$
[ 68-11-11 ][ 12:04:06 ]R->#|U|8|0|4|$
[ 68-11-11 ][ 12:04:06 ]Q_SetEEprom->1 #|E|8|8|0|SOD PHOSPHATE(MONO/DIBASIC)(XUBIL 90 ML)|||S1|$
[ 68-11-11 ][ 12:04:06 ]Q_SetEEprom->2 #|E|8|8|0|SOD PHOSPHATE(MONO/DIBASIC)(XUBIL 90 ML)|||S1|$
[ 68-11-11 ][ 12:04:07 ]Send->1#|E|8|8|0|SOD PHOSPHATE(MONO/DIBASIC)(XUBIL 90 ML)|||S1|$
[ 68-11-11 ][ 12:04:07 ]Send->0#|E|8|8|0|SOD PHOSPHATE(MONO/DIBASIC)(XUBIL 90 ML)|||S1|$
[ 68-11-11 ][ 12:07:39 ]Serial Port : COM3
[ 68-11-11 ][ 12:07:39 ]BaudRate : 57600
[ 68-11-11 ][ 12:07:39 ]Port Open
[ 68-11-11 ][ 12:07:43 ]Q_Order->1 #|L|8|0|10|SOD PHOSPHATE(MONO/DIBASIC)(XUBIL 90 ML)|test|2029-01-01|599|255|0|0|$
[ 68-11-11 ][ 12:07:43 ]Q_Order->2 #|L|6|2|10|(อ)CETIRIZINE 1 MG/ML 60 ML (ZYMED)|test|2029-01-01|599|255|0|0|$
[ 68-11-11 ][ 12:07:43 ]Send->1#|L|8|0|10| |test|2029-01-01|599|255|0|0|$
[ 68-11-11 ][ 12:07:44 ]Send->0#|L|6|2|10| |test|2029-01-01|599|255|0|0|$
[ 68-11-11 ][ 12:08:03 ]R->#|U|8|0|10|$
[ 68-11-11 ][ 12:08:04 ]R->#|U|6|2|10|$
[ 68-11-11 ][ 12:12:22 ]Serial Port : COM3
[ 68-11-11 ][ 12:12:22 ]BaudRate : 57600
[ 68-11-11 ][ 12:12:22 ]Port Open
[ 68-11-11 ][ 12:12:25 ]Q_SetEEprom->1 #|E|1|1|0| | | | |$
[ 68-11-11 ][ 12:12:25 ]Send->0#|E|1|1|0| | | | |$
[ 68-11-11 ][ 12:12:27 ]Q_SetEEprom->1 #|E|1|1|1| | | | |$
[ 68-11-11 ][ 12:12:27 ]Send->0#|E|1|1|1| | | | |$
[ 68-11-11 ][ 12:12:29 ]Q_SetEEprom->1 #|E|1|1|2| | | | |$
[ 68-11-11 ][ 12:12:29 ]Send->0#|E|1|1|2| | | | |$
[ 68-11-11 ][ 12:12:31 ]Q_SetEEprom->1 #|E|1|1|3| | | | |$
[ 68-11-11 ][ 12:12:31 ]Send->0#|E|1|1|3| | | | |$
[ 68-11-11 ][ 12:12:33 ]Q_SetEEprom->1 #|E|1|1|4| | | | |$
[ 68-11-11 ][ 12:12:33 ]Send->0#|E|1|1|4| | | | |$
[ 68-11-11 ][ 12:12:35 ]Q_SetEEprom->1 #|E|1|1|5| | | | |$
[ 68-11-11 ][ 12:12:35 ]Send->0#|E|1|1|5| | | | |$
[ 68-11-11 ][ 12:12:37 ]Q_SetEEprom->1 #|E|1|1|6| | | | |$
[ 68-11-11 ][ 12:12:37 ]Send->0#|E|1|1|6| | | | |$
[ 68-11-11 ][ 12:12:39 ]Q_SetEEprom->1 #|E|2|2|0| | | | |$
[ 68-11-11 ][ 12:12:39 ]Send->0#|E|2|2|0| | | | |$
[ 68-11-11 ][ 12:12:41 ]Q_SetEEprom->1 #|E|2|2|1| | | | |$
[ 68-11-11 ][ 12:12:41 ]Send->0#|E|2|2|1| | | | |$
[ 68-11-11 ][ 12:12:43 ]Q_SetEEprom->1 #|E|2|2|2| | | | |$
[ 68-11-11 ][ 12:12:43 ]Send->0#|E|2|2|2| | | | |$
[ 68-11-11 ][ 12:12:45 ]Q_SetEEprom->1 #|E|2|2|3| | | | |$
[ 68-11-11 ][ 12:12:45 ]Send->0#|E|2|2|3| | | | |$
[ 68-11-11 ][ 12:12:47 ]Q_SetEEprom->1 #|E|2|2|4| | | | |$
[ 68-11-11 ][ 12:12:47 ]Send->0#|E|2|2|4| | | | |$
[ 68-11-11 ][ 12:12:49 ]Q_SetEEprom->1 #|E|2|2|5| | | | |$
[ 68-11-11 ][ 12:12:49 ]Send->0#|E|2|2|5| | | | |$
[ 68-11-11 ][ 12:12:51 ]Q_SetEEprom->1 #|E|2|2|6| | | | |$
[ 68-11-11 ][ 12:12:51 ]Send->0#|E|2|2|6| | | | |$
[ 68-11-11 ][ 12:12:53 ]Q_SetEEprom->1 #|E|3|3|0| | | | |$
[ 68-11-11 ][ 12:12:53 ]Send->0#|E|3|3|0| | | | |$
[ 68-11-11 ][ 12:12:55 ]Q_SetEEprom->1 #|E|3|3|1| | | | |$
[ 68-11-11 ][ 12:12:55 ]Send->0#|E|3|3|1| | | | |$
[ 68-11-11 ][ 12:12:57 ]Q_SetEEprom->1 #|E|3|3|2| | | | |$
[ 68-11-11 ][ 12:12:57 ]Send->0#|E|3|3|2| | | | |$
[ 68-11-11 ][ 12:12:59 ]Q_SetEEprom->1 #|E|3|3|3| | | | |$
[ 68-11-11 ][ 12:12:59 ]Send->0#|E|3|3|3| | | | |$
[ 68-11-11 ][ 12:13:01 ]Q_SetEEprom->1 #|E|3|3|4| | | | |$
[ 68-11-11 ][ 12:13:01 ]Send->0#|E|3|3|4| | | | |$
[ 68-11-11 ][ 12:13:03 ]Q_SetEEprom->1 #|E|3|3|5| | | | |$
[ 68-11-11 ][ 12:13:03 ]Send->0#|E|3|3|5| | | | |$
[ 68-11-11 ][ 12:13:05 ]Q_SetEEprom->1 #|E|3|3|6| | | | |$
[ 68-11-11 ][ 12:13:05 ]Send->0#|E|3|3|6| | | | |$
[ 68-11-11 ][ 12:13:07 ]Q_SetEEprom->1 #|E|4|4|0| | | | |$
[ 68-11-11 ][ 12:13:07 ]Send->0#|E|4|4|0| | | | |$
[ 68-11-11 ][ 12:13:09 ]Q_SetEEprom->1 #|E|4|4|1| | | | |$
[ 68-11-11 ][ 12:13:09 ]Send->0#|E|4|4|1| | | | |$
[ 68-11-11 ][ 12:13:11 ]Q_SetEEprom->1 #|E|4|4|2| | | | |$
[ 68-11-11 ][ 12:13:11 ]Send->0#|E|4|4|2| | | | |$
[ 68-11-11 ][ 12:13:13 ]Q_SetEEprom->1 #|E|4|4|3| | | | |$
[ 68-11-11 ][ 12:13:13 ]Send->0#|E|4|4|3| | | | |$
[ 68-11-11 ][ 12:13:15 ]Q_SetEEprom->1 #|E|4|4|4| | | | |$
[ 68-11-11 ][ 12:13:15 ]Send->0#|E|4|4|4| | | | |$
[ 68-11-11 ][ 12:13:17 ]Q_SetEEprom->1 #|E|4|4|5| | | | |$
[ 68-11-11 ][ 12:13:17 ]Send->0#|E|4|4|5| | | | |$
[ 68-11-11 ][ 12:13:19 ]Q_SetEEprom->1 #|E|4|4|6| | | | |$
[ 68-11-11 ][ 12:13:20 ]Send->0#|E|4|4|6| | | | |$
[ 68-11-11 ][ 12:13:21 ]Q_SetEEprom->1 #|E|5|5|0| | | | |$
[ 68-11-11 ][ 12:13:21 ]Send->0#|E|5|5|0| | | | |$
[ 68-11-11 ][ 12:13:23 ]Q_SetEEprom->1 #|E|5|5|1| | | | |$
[ 68-11-11 ][ 12:13:23 ]Send->0#|E|5|5|1| | | | |$
[ 68-11-11 ][ 12:13:25 ]Q_SetEEprom->1 #|E|5|5|2| | | | |$
[ 68-11-11 ][ 12:13:25 ]Send->0#|E|5|5|2| | | | |$
[ 68-11-11 ][ 12:13:27 ]Q_SetEEprom->1 #|E|5|5|3| | | | |$
[ 68-11-11 ][ 12:13:27 ]Send->0#|E|5|5|3| | | | |$
[ 68-11-11 ][ 12:13:29 ]Q_SetEEprom->1 #|E|5|5|4| | | | |$
[ 68-11-11 ][ 12:13:29 ]Send->0#|E|5|5|4| | | | |$
[ 68-11-11 ][ 12:13:31 ]Q_SetEEprom->1 #|E|5|5|5| | | | |$
[ 68-11-11 ][ 12:13:31 ]Send->0#|E|5|5|5| | | | |$
[ 68-11-11 ][ 12:13:33 ]Q_SetEEprom->1 #|E|5|5|6| | | | |$
[ 68-11-11 ][ 12:13:33 ]Send->0#|E|5|5|6| | | | |$
[ 68-11-11 ][ 12:13:35 ]Q_SetEEprom->1 #|E|6|6|0| | | | |$
[ 68-11-11 ][ 12:13:35 ]Send->0#|E|6|6|0| | | | |$
[ 68-11-11 ][ 12:13:37 ]Q_SetEEprom->1 #|E|6|6|1| | | | |$
[ 68-11-11 ][ 12:13:37 ]Send->0#|E|6|6|1| | | | |$
[ 68-11-11 ][ 12:13:39 ]Q_SetEEprom->1 #|E|6|6|2| | | | |$
[ 68-11-11 ][ 12:13:39 ]Send->0#|E|6|6|2| | | | |$
[ 68-11-11 ][ 12:13:41 ]Q_SetEEprom->1 #|E|6|6|3| | | | |$
[ 68-11-11 ][ 12:13:41 ]Send->0#|E|6|6|3| | | | |$
[ 68-11-11 ][ 12:13:43 ]Q_SetEEprom->1 #|E|6|6|4| | | | |$
[ 68-11-11 ][ 12:13:43 ]Send->0#|E|6|6|4| | | | |$
[ 68-11-11 ][ 12:13:45 ]Q_SetEEprom->1 #|E|6|6|5| | | | |$
[ 68-11-11 ][ 12:13:45 ]Send->0#|E|6|6|5| | | | |$
[ 68-11-11 ][ 12:13:47 ]Q_SetEEprom->1 #|E|6|6|6| | | | |$
[ 68-11-11 ][ 12:13:47 ]Send->0#|E|6|6|6| | | | |$
[ 68-11-11 ][ 12:13:49 ]Q_SetEEprom->1 #|E|7|7|0| | | | |$
[ 68-11-11 ][ 12:13:49 ]Send->0#|E|7|7|0| | | | |$
[ 68-11-11 ][ 12:13:51 ]Q_SetEEprom->1 #|E|7|7|1| | | | |$
[ 68-11-11 ][ 12:13:51 ]Send->0#|E|7|7|1| | | | |$
[ 68-11-11 ][ 12:13:53 ]Q_SetEEprom->1 #|E|7|7|2| | | | |$
[ 68-11-11 ][ 12:13:53 ]Send->0#|E|7|7|2| | | | |$
[ 68-11-11 ][ 12:13:55 ]Q_SetEEprom->1 #|E|7|7|3| | | | |$
[ 68-11-11 ][ 12:13:55 ]Send->0#|E|7|7|3| | | | |$
[ 68-11-11 ][ 12:13:57 ]Q_SetEEprom->1 #|E|7|7|4| | | | |$
[ 68-11-11 ][ 12:13:58 ]Send->0#|E|7|7|4| | | | |$
[ 68-11-11 ][ 12:13:59 ]Q_SetEEprom->1 #|E|7|7|5| | | | |$
[ 68-11-11 ][ 12:13:59 ]Send->0#|E|7|7|5| | | | |$
[ 68-11-11 ][ 12:14:01 ]Q_SetEEprom->1 #|E|7|7|6| | | | |$
[ 68-11-11 ][ 12:14:01 ]Send->0#|E|7|7|6| | | | |$
[ 68-11-11 ][ 12:14:03 ]Q_SetEEprom->1 #|E|8|8|0| | | | |$
[ 68-11-11 ][ 12:14:03 ]Send->0#|E|8|8|0| | | | |$
[ 68-11-11 ][ 12:14:05 ]Q_SetEEprom->1 #|E|8|8|1| | | | |$
[ 68-11-11 ][ 12:14:05 ]Send->0#|E|8|8|1| | | | |$
[ 68-11-11 ][ 12:14:07 ]Q_SetEEprom->1 #|E|8|8|2| | | | |$
[ 68-11-11 ][ 12:14:07 ]Send->0#|E|8|8|2| | | | |$
[ 68-11-11 ][ 12:14:09 ]Q_SetEEprom->1 #|E|8|8|3| | | | |$
[ 68-11-11 ][ 12:14:09 ]Send->0#|E|8|8|3| | | | |$
[ 68-11-11 ][ 12:14:11 ]Q_SetEEprom->1 #|E|8|8|4| | | | |$
[ 68-11-11 ][ 12:14:11 ]Send->0#|E|8|8|4| | | | |$
[ 68-11-11 ][ 12:14:13 ]Q_SetEEprom->1 #|E|8|8|5| | | | |$
[ 68-11-11 ][ 12:14:13 ]Send->0#|E|8|8|5| | | | |$
[ 68-11-11 ][ 12:14:15 ]Q_SetEEprom->1 #|E|8|8|6| | | | |$
[ 68-11-11 ][ 12:14:15 ]Send->0#|E|8|8|6| | | | |$
[ 68-11-11 ][ 12:14:17 ]Q_SetEEprom->1 #|E|5|5|4|(อ)ANTACIL 240 ML (ALMAG)|||S22|$
[ 68-11-11 ][ 12:14:17 ]Q_SetEEprom->2 #|E|7|7|3|==CEFDINIR 125 MG/5ML 30ML SUSP (SAMNIR)|||S10|$
[ 68-11-11 ][ 12:14:17 ]Q_SetEEprom->3 #|E|6|6|2|(อ)CETIRIZINE 1 MG/ML 60 ML (ZYMED)|||S15|$
[ 68-11-11 ][ 12:14:17 ]Q_SetEEprom->4 #|E|8|8|2|==(อ) DESLORATADINE 0.5MG/ML SYRUP 60 ML (LORIUS)|||S3|$
[ 68-11-11 ][ 12:14:17 ]Q_SetEEprom->5 #|E|8|8|5|==(อ)MEMANTINE Solution 5MG (0.5ML) /PUMP 100 ML (EBIXA)|||S6|$
[ 68-11-11 ][ 12:14:17 ]Q_SetEEprom->6 #|E|8|8|0|SOD PHOSPHATE(MONO/DIBASIC)(XUBIL 90 ML)|||S1|$
[ 68-11-11 ][ 12:14:17 ]Send->5#|E|5|5|4|(อ)ANTACIL 240 ML (ALMAG)|||S22|$
[ 68-11-11 ][ 12:14:18 ]Send->4#|E|7|7|3|==CEFDINIR 125 MG/5ML 30ML SUSP (SAMNIR)|||S10|$
[ 68-11-11 ][ 12:14:19 ]Send->3#|E|6|6|2|(อ)CETIRIZINE 1 MG/ML 60 ML (ZYMED)|||S15|$
[ 68-11-11 ][ 12:14:19 ]Send->2#|E|8|8|2|==(อ) DESLORATADINE 0.5MG/ML SYRUP 60 ML (LORIUS)|||S3|$
[ 68-11-11 ][ 12:14:20 ]Send->1#|E|8|8|5|==(อ)MEMANTINE Solution 5MG (0.5ML) /PUMP 100 ML (EBIXA)|||S6|$
[ 68-11-11 ][ 12:14:21 ]Send->0#|E|8|8|0|SOD PHOSPHATE(MONO/DIBASIC)(XUBIL 90 ML)|||S1|$
[ 68-11-11 ][ 13:25:04 ]Serial Port : COM3
[ 68-11-11 ][ 13:25:04 ]BaudRate : 57600
[ 68-11-11 ][ 13:25:04 ]Port Open
[ 68-11-11 ][ 13:25:09 ]Q_SetEEprom->1 #|E|5|5|4|(อ)ANTACIL 240 ML (ALMAG)|||S22|$
[ 68-11-11 ][ 13:25:09 ]Q_SetEEprom->2 #|E|7|7|3|==CEFDINIR 125 MG/5ML 30ML SUSP (SAMNIR)|||S10|$
[ 68-11-11 ][ 13:25:09 ]Q_SetEEprom->3 #|E|6|6|2|(อ)CETIRIZINE 1 MG/ML 60 ML (ZYMED)|||S15|$
[ 68-11-11 ][ 13:25:09 ]Q_SetEEprom->4 #|E|8|8|2|==(อ) DESLORATADINE 0.5MG/ML SYRUP 60 ML (LORIUS)|||S3|$
[ 68-11-11 ][ 13:25:09 ]Q_SetEEprom->5 #|E|8|8|5|==(อ)MEMANTINE Solution 5MG (0.5ML) /PUMP 100 ML (EBIXA)|||S6|$
[ 68-11-11 ][ 13:25:09 ]Q_SetEEprom->6 #|E|8|8|0|SOD PHOSPHATE(MONO/DIBASIC)(XUBIL 90 ML)|||S1|$
[ 68-11-11 ][ 13:25:09 ]Send->5#|E|5|5|4|(อ)ANTACIL 240 ML (ALMAG)|||S22|$
[ 68-11-11 ][ 13:25:10 ]Send->4#|E|7|7|3|==CEFDINIR 125 MG/5ML 30ML SUSP (SAMNIR)|||S10|$
[ 68-11-11 ][ 13:25:11 ]Send->3#|E|6|6|2|(อ)CETIRIZINE 1 MG/ML 60 ML (ZYMED)|||S15|$
[ 68-11-11 ][ 13:25:11 ]Send->2#|E|8|8|2|==(อ) DESLORATADINE 0.5MG/ML SYRUP 60 ML (LORIUS)|||S3|$
[ 68-11-11 ][ 13:25:12 ]Send->1#|E|8|8|5|==(อ)MEMANTINE Solution 5MG (0.5ML) /PUMP 100 ML (EBIXA)|||S6|$
[ 68-11-11 ][ 13:25:13 ]Send->0#|E|8|8|0|SOD PHOSPHATE(MONO/DIBASIC)(XUBIL 90 ML)|||S1|$
[ 68-11-11 ][ 13:25:18 ]Q_SetLED->1 #|B|5|4|255|0|0|$
[ 68-11-11 ][ 13:25:19 ]Send->0#|B|5|4|255|0|0|$
[ 68-11-11 ][ 13:25:32 ]Q_SetEEprom->1 #|E|5|5|4|(อ)ANTACIL 240 ML (ALMAG)|||S22|$
[ 68-11-11 ][ 13:25:32 ]Q_Order->2 #|L|5|4|20|(อ)ANTACIL 240 ML (ALMAG)|1|31/12/2569 0:00:00|S22|0|0|0|$
[ 68-11-11 ][ 13:25:32 ]Send->1#|E|5|5|4|(อ)ANTACIL 240 ML (ALMAG)|||S22|$
[ 68-11-11 ][ 13:25:33 ]Send->0#|L|5|4|20| |1|31/12/2569 0:00:00|S22|0|0|0|$
[ 68-11-11 ][ 13:25:38 ]R->#|U|5|4|20|$
[ 68-11-11 ][ 14:59:17 ]Serial Port : COM3
[ 68-11-11 ][ 14:59:17 ]BaudRate : 57600
[ 68-11-11 ][ 15:01:00 ]Serial Port : COM3
[ 68-11-11 ][ 15:01:00 ]BaudRate : 57600
[ 68-11-11 ][ 15:13:46 ]Serial Port : COM3
[ 68-11-11 ][ 15:13:46 ]BaudRate : 57600
[ 68-11-11 ][ 15:14:44 ]Q_SetLED->1 #|B|5|4|255|0|0|$
[ 68-11-11 ][ 15:14:55 ]Q_SetEEprom->2 #|E|5|5|4|(อ)ANTACIL 240 ML (ALMAG)|||S22|$
[ 68-11-11 ][ 15:14:55 ]Q_Order->3 #|L|5|4|100|(อ)ANTACIL 240 ML (ALMAG)|1|1/1/2572 0:00:00|S22|0|0|0|$
[ 68-11-11 ][ 15:37:41 ]Serial Port : COM3
[ 68-11-11 ][ 15:37:41 ]BaudRate : 57600
[ 68-11-11 ][ 15:39:32 ]Serial Port : COM3
[ 68-11-11 ][ 15:39:32 ]BaudRate : 57600
[ 68-11-11 ][ 15:39:55 ]Serial Port : COM3
[ 68-11-11 ][ 15:39:55 ]BaudRate : 57600
[ 68-11-11 ][ 15:48:16 ]Serial Port : COM3
[ 68-11-11 ][ 15:48:16 ]BaudRate : 57600
[ 68-11-11 ][ 15:49:36 ]Serial Port : COM3
[ 68-11-11 ][ 15:49:36 ]BaudRate : 57600
[ 68-11-11 ][ 15:49:56 ]Serial Port : COM3
[ 68-11-11 ][ 15:49:56 ]BaudRate : 57600
[ 68-11-11 ][ 15:52:51 ]Serial Port : COM3
[ 68-11-11 ][ 15:52:51 ]BaudRate : 57600
[ 68-11-11 ][ 16:01:19 ]Serial Port : COM3
[ 68-11-11 ][ 16:01:19 ]BaudRate : 57600
[ 68-11-11 ][ 16:02:01 ]Serial Port : COM3
[ 68-11-11 ][ 16:02:01 ]BaudRate : 57600
[ 68-11-11 ][ 16:03:06 ]Serial Port : COM3
[ 68-11-11 ][ 16:03:06 ]BaudRate : 57600
[ 68-11-11 ][ 16:03:27 ]Serial Port : COM3
[ 68-11-11 ][ 16:03:27 ]BaudRate : 57600
[ 68-11-11 ][ 16:09:20 ]Serial Port : COM3
[ 68-11-11 ][ 16:09:20 ]BaudRate : 57600
[ 68-11-11 ][ 16:11:13 ]Serial Port : COM3
[ 68-11-11 ][ 16:11:13 ]BaudRate : 57600
[ 68-11-11 ][ 16:12:00 ]Serial Port : COM3
[ 68-11-11 ][ 16:12:00 ]BaudRate : 57600
[ 68-11-11 ][ 16:12:28 ]Serial Port : COM3
[ 68-11-11 ][ 16:12:28 ]BaudRate : 57600
[ 68-11-11 ][ 16:12:45 ]Serial Port : COM3
[ 68-11-11 ][ 16:12:45 ]BaudRate : 57600
[ 68-11-11 ][ 16:14:07 ]Q_SetEEprom->1 #|E|1|1|0| | | | |$
[ 68-11-11 ][ 16:14:09 ]Q_SetEEprom->2 #|E|1|1|1| | | | |$
[ 68-11-11 ][ 16:14:11 ]Q_SetEEprom->3 #|E|1|1|2| | | | |$
[ 68-11-11 ][ 16:14:13 ]Q_SetEEprom->4 #|E|1|1|3| | | | |$
[ 68-11-11 ][ 16:14:15 ]Q_SetEEprom->5 #|E|1|1|4| | | | |$
[ 68-11-11 ][ 16:14:17 ]Q_SetEEprom->6 #|E|1|1|5| | | | |$
[ 68-11-11 ][ 16:14:19 ]Q_SetEEprom->7 #|E|1|1|6| | | | |$
[ 68-11-11 ][ 16:14:21 ]Q_SetEEprom->8 #|E|2|2|0| | | | |$
[ 68-11-11 ][ 16:14:23 ]Q_SetEEprom->9 #|E|2|2|1| | | | |$
[ 68-11-11 ][ 16:14:25 ]Q_SetEEprom->10 #|E|2|2|2| | | | |$
[ 68-11-11 ][ 16:14:27 ]Q_SetEEprom->11 #|E|2|2|3| | | | |$
[ 68-11-11 ][ 16:14:29 ]Q_SetEEprom->12 #|E|2|2|4| | | | |$
[ 68-11-11 ][ 16:14:31 ]Q_SetEEprom->13 #|E|2|2|5| | | | |$
[ 68-11-11 ][ 16:14:33 ]Q_SetEEprom->14 #|E|2|2|6| | | | |$
[ 68-11-11 ][ 16:14:35 ]Q_SetEEprom->15 #|E|3|3|0| | | | |$
[ 68-11-11 ][ 16:14:37 ]Q_SetEEprom->16 #|E|3|3|1| | | | |$
[ 68-11-11 ][ 16:14:39 ]Q_SetEEprom->17 #|E|3|3|2| | | | |$
[ 68-11-11 ][ 16:14:41 ]Q_SetEEprom->18 #|E|3|3|3| | | | |$
[ 68-11-11 ][ 16:14:43 ]Q_SetEEprom->19 #|E|3|3|4| | | | |$
[ 68-11-11 ][ 16:14:45 ]Q_SetEEprom->20 #|E|3|3|5| | | | |$
[ 68-11-11 ][ 16:14:47 ]Q_SetEEprom->21 #|E|3|3|6| | | | |$
[ 68-11-11 ][ 16:14:49 ]Q_SetEEprom->22 #|E|4|4|0| | | | |$
[ 68-11-11 ][ 16:14:51 ]Q_SetEEprom->23 #|E|4|4|1| | | | |$
[ 68-11-11 ][ 16:14:53 ]Q_SetEEprom->24 #|E|4|4|2| | | | |$
[ 68-11-11 ][ 16:14:55 ]Q_SetEEprom->25 #|E|4|4|3| | | | |$
[ 68-11-11 ][ 16:14:57 ]Q_SetEEprom->26 #|E|4|4|4| | | | |$
[ 68-11-11 ][ 16:14:59 ]Q_SetEEprom->27 #|E|4|4|5| | | | |$
[ 68-11-11 ][ 16:15:01 ]Q_SetEEprom->28 #|E|4|4|6| | | | |$
[ 68-11-11 ][ 16:15:03 ]Q_SetEEprom->29 #|E|5|5|0| | | | |$
[ 68-11-11 ][ 16:15:05 ]Q_SetEEprom->30 #|E|5|5|1| | | | |$
[ 68-11-11 ][ 16:15:07 ]Q_SetEEprom->31 #|E|5|5|2| | | | |$
[ 68-11-11 ][ 16:15:09 ]Q_SetEEprom->32 #|E|5|5|3| | | | |$
[ 68-11-11 ][ 16:15:11 ]Q_SetEEprom->33 #|E|5|5|4| | | | |$
[ 68-11-11 ][ 16:15:13 ]Q_SetEEprom->34 #|E|5|5|5| | | | |$
[ 68-11-11 ][ 16:15:15 ]Q_SetEEprom->35 #|E|5|5|6| | | | |$
[ 68-11-11 ][ 16:15:17 ]Q_SetEEprom->36 #|E|6|6|0| | | | |$
[ 68-11-11 ][ 16:15:19 ]Q_SetEEprom->37 #|E|6|6|1| | | | |$
[ 68-11-11 ][ 16:15:21 ]Q_SetEEprom->38 #|E|6|6|2| | | | |$
[ 68-11-11 ][ 16:15:23 ]Q_SetEEprom->39 #|E|6|6|3| | | | |$
[ 68-11-11 ][ 16:15:25 ]Q_SetEEprom->40 #|E|6|6|4| | | | |$
[ 68-11-11 ][ 16:15:27 ]Q_SetEEprom->41 #|E|6|6|5| | | | |$
[ 68-11-11 ][ 16:15:29 ]Q_SetEEprom->42 #|E|6|6|6| | | | |$
[ 68-11-11 ][ 16:15:31 ]Q_SetEEprom->43 #|E|7|7|0| | | | |$
[ 68-11-11 ][ 16:15:33 ]Q_SetEEprom->44 #|E|7|7|1| | | | |$
[ 68-11-11 ][ 16:15:35 ]Q_SetEEprom->45 #|E|7|7|2| | | | |$
[ 68-11-11 ][ 16:15:37 ]Q_SetEEprom->46 #|E|7|7|3| | | | |$
[ 68-11-11 ][ 16:15:39 ]Q_SetEEprom->47 #|E|7|7|4| | | | |$
[ 68-11-11 ][ 16:15:41 ]Q_SetEEprom->48 #|E|7|7|5| | | | |$
[ 68-11-11 ][ 16:15:43 ]Q_SetEEprom->49 #|E|7|7|6| | | | |$
[ 68-11-11 ][ 16:15:45 ]Q_SetEEprom->50 #|E|8|8|0| | | | |$
[ 68-11-11 ][ 16:15:47 ]Q_SetEEprom->51 #|E|8|8|1| | | | |$
[ 68-11-11 ][ 16:15:49 ]Q_SetEEprom->52 #|E|8|8|2| | | | |$
[ 68-11-11 ][ 16:15:51 ]Q_SetEEprom->53 #|E|8|8|3| | | | |$
[ 68-11-11 ][ 16:15:53 ]Q_SetEEprom->54 #|E|8|8|4| | | | |$
[ 68-11-11 ][ 16:15:55 ]Q_SetEEprom->55 #|E|8|8|5| | | | |$
[ 68-11-11 ][ 16:15:57 ]Q_SetEEprom->56 #|E|8|8|6| | | | |$
[ 68-11-11 ][ 16:17:23 ]Serial Port : COM3
[ 68-11-11 ][ 16:17:23 ]BaudRate : 57600
[ 68-11-11 ][ 16:21:50 ]Serial Port : COM3
[ 68-11-11 ][ 16:21:50 ]BaudRate : 57600
[ 68-11-11 ][ 16:45:10 ]Serial Port : COM3
[ 68-11-11 ][ 16:45:10 ]BaudRate : 57600
[ 68-11-11 ][ 16:45:32 ]Serial Port : COM3
[ 68-11-11 ][ 16:45:32 ]BaudRate : 57600
[ 68-11-11 ][ 16:45:42 ]Q_SetLED->1 #|B|8|0|255|0|0|$
[ 68-11-11 ][ 16:45:50 ]Q_SetEEprom->2 #|E|8|8|0|SOD PHOSPHATE(MONO/DIBASIC)(XUBIL 90 ML)|||S1|$
[ 68-11-11 ][ 16:45:50 ]Q_Order->3 #|L|8|0|100|SOD PHOSPHATE(MONO/DIBASIC)(XUBIL 90 ML)|1|12/6/2573 0:00:00|S1|0|0|0|$
[ 68-11-11 ][ 16:51:22 ]Serial Port : COM3
[ 68-11-11 ][ 16:51:22 ]BaudRate : 57600
