[ 68-11-10 ][ 17:53:40 ]Serial Port : COM3
[ 68-11-10 ][ 17:53:40 ]BaudRate : 57600
[ 68-11-10 ][ 17:53:40 ]Port Open
[ 68-11-10 ][ 17:53:43 ]Q_SetEEprom->1 #|E|1|1|0| | | | |$
[ 68-11-10 ][ 17:53:43 ]Q_SetEEprom->2 #|E|1|1|1| | | | |$
[ 68-11-10 ][ 17:53:43 ]Q_SetEEprom->3 #|E|1|1|2| | | | |$
[ 68-11-10 ][ 17:53:43 ]Q_SetEEprom->4 #|E|1|1|3| | | | |$
[ 68-11-10 ][ 17:53:43 ]Q_SetEEprom->5 #|E|1|1|4| | | | |$
[ 68-11-10 ][ 17:53:43 ]Q_SetEEprom->6 #|E|1|1|5| | | | |$
[ 68-11-10 ][ 17:53:43 ]Q_SetEEprom->7 #|E|1|1|6| | | | |$
[ 68-11-10 ][ 17:53:43 ]Q_SetEEprom->8 #|E|2|2|0| | | | |$
[ 68-11-10 ][ 17:53:43 ]Q_SetEEprom->9 #|E|2|2|1| | | | |$
[ 68-11-10 ][ 17:53:43 ]Q_SetEEprom->10 #|E|2|2|2| | | | |$
[ 68-11-10 ][ 17:53:43 ]Q_SetEEprom->11 #|E|2|2|3| | | | |$
[ 68-11-10 ][ 17:53:43 ]Q_SetEEprom->12 #|E|2|2|4| | | | |$
[ 68-11-10 ][ 17:53:43 ]Q_SetEEprom->13 #|E|2|2|5| | | | |$
[ 68-11-10 ][ 17:53:43 ]Q_SetEEprom->14 #|E|2|2|6| | | | |$
[ 68-11-10 ][ 17:53:43 ]Q_SetEEprom->15 #|E|3|3|0| | | | |$
[ 68-11-10 ][ 17:53:43 ]Q_SetEEprom->16 #|E|3|3|1| | | | |$
[ 68-11-10 ][ 17:53:43 ]Q_SetEEprom->17 #|E|3|3|2| | | | |$
[ 68-11-10 ][ 17:53:43 ]Q_SetEEprom->18 #|E|3|3|3| | | | |$
[ 68-11-10 ][ 17:53:43 ]Q_SetEEprom->19 #|E|3|3|4| | | | |$
[ 68-11-10 ][ 17:53:43 ]Q_SetEEprom->20 #|E|3|3|5| | | | |$
[ 68-11-10 ][ 17:53:43 ]Q_SetEEprom->21 #|E|3|3|6| | | | |$
[ 68-11-10 ][ 17:53:43 ]Q_SetEEprom->22 #|E|4|4|0| | | | |$
[ 68-11-10 ][ 17:53:43 ]Q_SetEEprom->23 #|E|4|4|1| | | | |$
[ 68-11-10 ][ 17:53:43 ]Q_SetEEprom->24 #|E|4|4|2| | | | |$
[ 68-11-10 ][ 17:53:43 ]Q_SetEEprom->25 #|E|4|4|3| | | | |$
[ 68-11-10 ][ 17:53:43 ]Q_SetEEprom->26 #|E|4|4|4| | | | |$
[ 68-11-10 ][ 17:53:43 ]Q_SetEEprom->27 #|E|4|4|5| | | | |$
[ 68-11-10 ][ 17:53:43 ]Q_SetEEprom->28 #|E|4|4|6| | | | |$
[ 68-11-10 ][ 17:53:43 ]Q_SetEEprom->29 #|E|5|5|0| | | | |$
[ 68-11-10 ][ 17:53:43 ]Q_SetEEprom->30 #|E|5|5|1| | | | |$
[ 68-11-10 ][ 17:53:43 ]Q_SetEEprom->31 #|E|5|5|2| | | | |$
[ 68-11-10 ][ 17:53:43 ]Q_SetEEprom->32 #|E|5|5|3| | | | |$
[ 68-11-10 ][ 17:53:43 ]Q_SetEEprom->33 #|E|5|5|4| | | | |$
[ 68-11-10 ][ 17:53:43 ]Q_SetEEprom->34 #|E|5|5|5| | | | |$
[ 68-11-10 ][ 17:53:43 ]Q_SetEEprom->35 #|E|5|5|6| | | | |$
[ 68-11-10 ][ 17:53:43 ]Q_SetEEprom->36 #|E|6|6|0| | | | |$
[ 68-11-10 ][ 17:53:43 ]Q_SetEEprom->37 #|E|6|6|1| | | | |$
[ 68-11-10 ][ 17:53:43 ]Q_SetEEprom->38 #|E|6|6|2| | | | |$
[ 68-11-10 ][ 17:53:43 ]Q_SetEEprom->39 #|E|6|6|3| | | | |$
[ 68-11-10 ][ 17:53:43 ]Q_SetEEprom->40 #|E|6|6|4| | | | |$
[ 68-11-10 ][ 17:53:43 ]Q_SetEEprom->41 #|E|6|6|5| | | | |$
[ 68-11-10 ][ 17:53:43 ]Q_SetEEprom->42 #|E|6|6|6| | | | |$
[ 68-11-10 ][ 17:53:43 ]Q_SetEEprom->43 #|E|7|7|0| | | | |$
[ 68-11-10 ][ 17:53:43 ]Q_SetEEprom->44 #|E|7|7|1| | | | |$
[ 68-11-10 ][ 17:53:43 ]Q_SetEEprom->45 #|E|7|7|2| | | | |$
[ 68-11-10 ][ 17:53:43 ]Q_SetEEprom->46 #|E|7|7|3| | | | |$
[ 68-11-10 ][ 17:53:43 ]Q_SetEEprom->47 #|E|7|7|4| | | | |$
[ 68-11-10 ][ 17:53:43 ]Q_SetEEprom->48 #|E|7|7|5| | | | |$
[ 68-11-10 ][ 17:53:43 ]Q_SetEEprom->49 #|E|7|7|6| | | | |$
[ 68-11-10 ][ 17:53:43 ]Q_SetEEprom->50 #|E|8|8|0| | | | |$
[ 68-11-10 ][ 17:53:43 ]Q_SetEEprom->51 #|E|8|8|1| | | | |$
[ 68-11-10 ][ 17:53:43 ]Q_SetEEprom->52 #|E|8|8|2| | | | |$
[ 68-11-10 ][ 17:53:43 ]Q_SetEEprom->53 #|E|8|8|3| | | | |$
[ 68-11-10 ][ 17:53:43 ]Q_SetEEprom->54 #|E|8|8|4| | | | |$
[ 68-11-10 ][ 17:53:43 ]Q_SetEEprom->55 #|E|8|8|5| | | | |$
[ 68-11-10 ][ 17:53:43 ]Q_SetEEprom->56 #|E|8|8|6| | | | |$
[ 68-11-10 ][ 17:54:42 ]Serial Port : COM3
[ 68-11-10 ][ 17:54:42 ]BaudRate : 57600
[ 68-11-10 ][ 17:54:42 ]Port Open
[ 68-11-10 ][ 17:54:47 ]Q_SetEEprom->1 #|E|1|1|0| | | | |$
[ 68-11-10 ][ 17:54:47 ]Q_SetEEprom->2 #|E|1|1|1| | | | |$
[ 68-11-10 ][ 17:54:47 ]Q_SetEEprom->3 #|E|1|1|2| | | | |$
[ 68-11-10 ][ 17:54:47 ]Q_SetEEprom->4 #|E|1|1|3| | | | |$
[ 68-11-10 ][ 17:54:47 ]Q_SetEEprom->5 #|E|1|1|4| | | | |$
[ 68-11-10 ][ 17:54:47 ]Q_SetEEprom->6 #|E|1|1|5| | | | |$
[ 68-11-10 ][ 17:54:47 ]Q_SetEEprom->7 #|E|1|1|6| | | | |$
[ 68-11-10 ][ 17:54:47 ]Q_SetEEprom->8 #|E|2|2|0| | | | |$
[ 68-11-10 ][ 17:54:47 ]Q_SetEEprom->9 #|E|2|2|1| | | | |$
[ 68-11-10 ][ 17:54:47 ]Q_SetEEprom->10 #|E|2|2|2| | | | |$
[ 68-11-10 ][ 17:54:47 ]Q_SetEEprom->11 #|E|2|2|3| | | | |$
[ 68-11-10 ][ 17:54:47 ]Q_SetEEprom->12 #|E|2|2|4| | | | |$
[ 68-11-10 ][ 17:54:47 ]Q_SetEEprom->13 #|E|2|2|5| | | | |$
[ 68-11-10 ][ 17:54:47 ]Q_SetEEprom->14 #|E|2|2|6| | | | |$
[ 68-11-10 ][ 17:54:47 ]Q_SetEEprom->15 #|E|3|3|0| | | | |$
[ 68-11-10 ][ 17:54:47 ]Q_SetEEprom->16 #|E|3|3|1| | | | |$
[ 68-11-10 ][ 17:54:47 ]Q_SetEEprom->17 #|E|3|3|2| | | | |$
[ 68-11-10 ][ 17:54:47 ]Q_SetEEprom->18 #|E|3|3|3| | | | |$
[ 68-11-10 ][ 17:54:47 ]Q_SetEEprom->19 #|E|3|3|4| | | | |$
[ 68-11-10 ][ 17:54:47 ]Q_SetEEprom->20 #|E|3|3|5| | | | |$
[ 68-11-10 ][ 17:54:47 ]Q_SetEEprom->21 #|E|3|3|6| | | | |$
[ 68-11-10 ][ 17:54:47 ]Q_SetEEprom->22 #|E|4|4|0| | | | |$
[ 68-11-10 ][ 17:54:47 ]Q_SetEEprom->23 #|E|4|4|1| | | | |$
[ 68-11-10 ][ 17:54:47 ]Q_SetEEprom->24 #|E|4|4|2| | | | |$
[ 68-11-10 ][ 17:54:47 ]Q_SetEEprom->25 #|E|4|4|3| | | | |$
[ 68-11-10 ][ 17:54:47 ]Q_SetEEprom->26 #|E|4|4|4| | | | |$
[ 68-11-10 ][ 17:54:47 ]Q_SetEEprom->27 #|E|4|4|5| | | | |$
[ 68-11-10 ][ 17:54:47 ]Q_SetEEprom->28 #|E|4|4|6| | | | |$
[ 68-11-10 ][ 17:54:47 ]Q_SetEEprom->29 #|E|5|5|0| | | | |$
[ 68-11-10 ][ 17:54:47 ]Q_SetEEprom->30 #|E|5|5|1| | | | |$
[ 68-11-10 ][ 17:54:47 ]Q_SetEEprom->31 #|E|5|5|2| | | | |$
[ 68-11-10 ][ 17:54:47 ]Q_SetEEprom->32 #|E|5|5|3| | | | |$
[ 68-11-10 ][ 17:54:47 ]Q_SetEEprom->33 #|E|5|5|4| | | | |$
[ 68-11-10 ][ 17:54:47 ]Q_SetEEprom->34 #|E|5|5|5| | | | |$
[ 68-11-10 ][ 17:54:47 ]Q_SetEEprom->35 #|E|5|5|6| | | | |$
[ 68-11-10 ][ 17:54:47 ]Q_SetEEprom->36 #|E|6|6|0| | | | |$
[ 68-11-10 ][ 17:54:47 ]Q_SetEEprom->37 #|E|6|6|1| | | | |$
[ 68-11-10 ][ 17:54:47 ]Q_SetEEprom->38 #|E|6|6|2| | | | |$
[ 68-11-10 ][ 17:54:47 ]Q_SetEEprom->39 #|E|6|6|3| | | | |$
[ 68-11-10 ][ 17:54:47 ]Q_SetEEprom->40 #|E|6|6|4| | | | |$
[ 68-11-10 ][ 17:54:47 ]Q_SetEEprom->41 #|E|6|6|5| | | | |$
[ 68-11-10 ][ 17:54:47 ]Q_SetEEprom->42 #|E|6|6|6| | | | |$
[ 68-11-10 ][ 17:54:47 ]Q_SetEEprom->43 #|E|7|7|0| | | | |$
[ 68-11-10 ][ 17:54:47 ]Q_SetEEprom->44 #|E|7|7|1| | | | |$
[ 68-11-10 ][ 17:54:47 ]Q_SetEEprom->45 #|E|7|7|2| | | | |$
[ 68-11-10 ][ 17:54:47 ]Q_SetEEprom->46 #|E|7|7|3| | | | |$
[ 68-11-10 ][ 17:54:47 ]Q_SetEEprom->47 #|E|7|7|4| | | | |$
[ 68-11-10 ][ 17:54:47 ]Q_SetEEprom->48 #|E|7|7|5| | | | |$
[ 68-11-10 ][ 17:54:47 ]Q_SetEEprom->49 #|E|7|7|6| | | | |$
[ 68-11-10 ][ 17:54:47 ]Q_SetEEprom->50 #|E|8|8|0| | | | |$
[ 68-11-10 ][ 17:54:47 ]Q_SetEEprom->51 #|E|8|8|1| | | | |$
[ 68-11-10 ][ 17:54:47 ]Q_SetEEprom->52 #|E|8|8|2| | | | |$
[ 68-11-10 ][ 17:54:47 ]Q_SetEEprom->53 #|E|8|8|3| | | | |$
[ 68-11-10 ][ 17:54:47 ]Q_SetEEprom->54 #|E|8|8|4| | | | |$
[ 68-11-10 ][ 17:54:47 ]Q_SetEEprom->55 #|E|8|8|5| | | | |$
[ 68-11-10 ][ 17:54:47 ]Q_SetEEprom->56 #|E|8|8|6| | | | |$
[ 68-11-10 ][ 17:54:47 ]Q_SetEEprom->57 #|E|1|1|0|name123|1mg|1|m123|$
[ 68-11-10 ][ 17:54:47 ]Q_SetEEprom->58 #|E|1|1|1|name123|1mg|1|m123|$
[ 68-11-10 ][ 17:54:47 ]Q_SetEEprom->59 #|E|1|1|2|name123|1mg|1|m123|$
[ 68-11-10 ][ 17:54:47 ]Q_SetEEprom->60 #|E|1|1|3|name123|1mg|1|m123|$
[ 68-11-10 ][ 17:54:47 ]Q_SetEEprom->61 #|E|1|1|4|name123|1mg|1|m123|$
[ 68-11-10 ][ 17:54:47 ]Q_SetEEprom->62 #|E|1|1|5|name123|1mg|1|m123|$
[ 68-11-10 ][ 17:54:47 ]Q_SetEEprom->63 #|E|1|1|6|name123|1mg|1|m123|$
[ 68-11-10 ][ 17:54:47 ]Q_SetEEprom->64 #|E|2|2|0|name123|1mg|1|m123|$
[ 68-11-10 ][ 17:54:47 ]Q_SetEEprom->65 #|E|2|2|1|name123|1mg|1|m123|$
[ 68-11-10 ][ 17:54:47 ]Q_SetEEprom->66 #|E|2|2|2|name123|1mg|1|m123|$
[ 68-11-10 ][ 17:54:47 ]Q_SetEEprom->67 #|E|2|2|3|name123|1mg|1|m123|$
[ 68-11-10 ][ 17:54:47 ]Q_SetEEprom->68 #|E|2|2|4|name123|1mg|1|m123|$
[ 68-11-10 ][ 17:54:47 ]Q_SetEEprom->69 #|E|2|2|5|name123|1mg|1|m123|$
[ 68-11-10 ][ 17:54:47 ]Q_SetEEprom->70 #|E|2|2|6|name123|1mg|1|m123|$
[ 68-11-10 ][ 17:54:47 ]Q_SetEEprom->71 #|E|3|3|0|name123|1mg|1|m123|$
[ 68-11-10 ][ 17:54:47 ]Q_SetEEprom->72 #|E|3|3|1|name123|1mg|1|m123|$
[ 68-11-10 ][ 17:54:47 ]Q_SetEEprom->73 #|E|3|3|2|name123|1mg|1|m123|$
[ 68-11-10 ][ 17:54:47 ]Q_SetEEprom->74 #|E|3|3|3|name123|1mg|1|m123|$
[ 68-11-10 ][ 17:54:47 ]Q_SetEEprom->75 #|E|3|3|4|name123|1mg|1|m123|$
[ 68-11-10 ][ 17:54:47 ]Q_SetEEprom->76 #|E|3|3|5|name123|1mg|1|m123|$
[ 68-11-10 ][ 17:54:47 ]Q_SetEEprom->77 #|E|3|3|6|name123|1mg|1|m123|$
[ 68-11-10 ][ 17:54:47 ]Q_SetEEprom->78 #|E|4|4|0|name123|1mg|1|m123|$
[ 68-11-10 ][ 17:54:47 ]Q_SetEEprom->79 #|E|4|4|1|name123|1mg|1|m123|$
[ 68-11-10 ][ 17:54:47 ]Q_SetEEprom->80 #|E|4|4|2|name123|1mg|1|m123|$
[ 68-11-10 ][ 17:54:47 ]Q_SetEEprom->81 #|E|4|4|3|name123|1mg|1|m123|$
[ 68-11-10 ][ 17:54:47 ]Q_SetEEprom->82 #|E|4|4|4|name123|1mg|1|m123|$
[ 68-11-10 ][ 17:54:47 ]Q_SetEEprom->83 #|E|4|4|5|name123|1mg|1|m123|$
[ 68-11-10 ][ 17:54:47 ]Q_SetEEprom->84 #|E|4|4|6|name123|1mg|1|m123|$
[ 68-11-10 ][ 17:54:47 ]Q_SetEEprom->85 #|E|5|5|0|name123|1mg|1|m123|$
[ 68-11-10 ][ 17:54:47 ]Q_SetEEprom->86 #|E|5|5|1|name123|1mg|1|m123|$
[ 68-11-10 ][ 17:54:47 ]Q_SetEEprom->87 #|E|5|5|2|name123|1mg|1|m123|$
[ 68-11-10 ][ 17:54:47 ]Q_SetEEprom->88 #|E|5|5|3|name123|1mg|1|m123|$
[ 68-11-10 ][ 17:54:47 ]Q_SetEEprom->89 #|E|5|5|4|name123|1mg|1|m123|$
[ 68-11-10 ][ 17:54:47 ]Q_SetEEprom->90 #|E|5|5|5|name123|1mg|1|m123|$
[ 68-11-10 ][ 17:54:47 ]Q_SetEEprom->91 #|E|5|5|6|name123|1mg|1|m123|$
[ 68-11-10 ][ 17:54:47 ]Q_SetEEprom->92 #|E|6|6|0|name123|1mg|1|m123|$
[ 68-11-10 ][ 17:54:47 ]Q_SetEEprom->93 #|E|6|6|1|name123|1mg|1|m123|$
[ 68-11-10 ][ 17:54:47 ]Q_SetEEprom->94 #|E|6|6|2|name123|1mg|1|m123|$
[ 68-11-10 ][ 17:54:47 ]Q_SetEEprom->95 #|E|6|6|3|name123|1mg|1|m123|$
[ 68-11-10 ][ 17:54:47 ]Q_SetEEprom->96 #|E|6|6|4|name123|1mg|1|m123|$
[ 68-11-10 ][ 17:54:47 ]Q_SetEEprom->97 #|E|6|6|5|name123|1mg|1|m123|$
[ 68-11-10 ][ 17:54:47 ]Q_SetEEprom->98 #|E|6|6|6|name123|1mg|1|m123|$
[ 68-11-10 ][ 17:54:47 ]Q_SetEEprom->99 #|E|7|7|0|name123|1mg|1|m123|$
[ 68-11-10 ][ 17:54:47 ]Q_SetEEprom->100 #|E|7|7|1|name123|1mg|1|m123|$
[ 68-11-10 ][ 17:54:47 ]Q_SetEEprom->101 #|E|7|7|2|name123|1mg|1|m123|$
[ 68-11-10 ][ 17:54:47 ]Q_SetEEprom->102 #|E|7|7|3|name123|1mg|1|m123|$
[ 68-11-10 ][ 17:54:47 ]Q_SetEEprom->103 #|E|7|7|4|name123|1mg|1|m123|$
[ 68-11-10 ][ 17:54:47 ]Q_SetEEprom->104 #|E|7|7|5|name123|1mg|1|m123|$
[ 68-11-10 ][ 17:54:47 ]Q_SetEEprom->105 #|E|7|7|6|name123|1mg|1|m123|$
[ 68-11-10 ][ 17:54:47 ]Q_SetEEprom->106 #|E|8|8|0|name123|1mg|1|m123|$
[ 68-11-10 ][ 17:54:47 ]Q_SetEEprom->107 #|E|8|8|1|name123|1mg|1|m123|$
[ 68-11-10 ][ 17:54:47 ]Q_SetEEprom->108 #|E|8|8|2|name123|1mg|1|m123|$
[ 68-11-10 ][ 17:54:47 ]Q_SetEEprom->109 #|E|8|8|3|name123|1mg|1|m123|$
[ 68-11-10 ][ 17:54:47 ]Q_SetEEprom->110 #|E|8|8|4|name123|1mg|1|m123|$
[ 68-11-10 ][ 17:54:47 ]Q_SetEEprom->111 #|E|8|8|5|name123|1mg|1|m123|$
[ 68-11-10 ][ 17:54:47 ]Q_SetEEprom->112 #|E|8|8|6|name123|1mg|1|m123|$
[ 68-11-10 ][ 17:54:56 ]Send->111#|E|1|1|0| | | | |$
[ 68-11-10 ][ 17:54:57 ]Send->110#|E|1|1|1| | | | |$
[ 68-11-10 ][ 17:54:58 ]Send->109#|E|1|1|2| | | | |$
[ 68-11-10 ][ 17:54:59 ]Send->108#|E|1|1|3| | | | |$
[ 68-11-10 ][ 17:54:59 ]Send->107#|E|1|1|4| | | | |$
