[ 68-11-17 ][ 15:56:30 ]Serial Port : COM3
[ 68-11-17 ][ 15:56:30 ]BaudRate : 57600
[ 68-11-17 ][ 15:56:30 ]Port Open
[ 68-11-17 ][ 15:56:31 ]R->#|R|0|$
[ 68-11-17 ][ 15:56:53 ]R->#|R|E002230C1AD02A6A|$
[ 68-11-17 ][ 16:02:54 ]Serial Port : COM3
[ 68-11-17 ][ 16:02:54 ]BaudRate : 57600
[ 68-11-17 ][ 16:02:54 ]Port Open
[ 68-11-17 ][ 16:03:20 ]Serial Port : COM3
[ 68-11-17 ][ 16:03:20 ]BaudRate : 57600
[ 68-11-17 ][ 16:03:20 ]Port Open
[ 68-11-17 ][ 16:03:49 ]R->#|R|E002230C1AD02A6A|$
[ 68-11-17 ][ 16:07:28 ]Serial Port : COM3
[ 68-11-17 ][ 16:07:28 ]BaudRate : 57600
[ 68-11-17 ][ 16:07:28 ]Port Open
[ 68-11-17 ][ 16:16:05 ]Serial Port : COM3
[ 68-11-17 ][ 16:16:05 ]BaudRate : 57600
[ 68-11-17 ][ 16:16:05 ]Port Open
[ 68-11-17 ][ 16:16:07 ]R->#|R|E002230C1AD02A6A|$
[ 68-11-17 ][ 16:16:38 ]R->#|R|0|$
[ 68-11-17 ][ 16:16:46 ]R->#|R|E002230C1AD02A6A|$
[ 68-11-17 ][ 16:18:35 ]Serial Port : COM3
[ 68-11-17 ][ 16:18:35 ]BaudRate : 57600
[ 68-11-17 ][ 16:18:35 ]Port Open
[ 68-11-17 ][ 16:18:40 ]R->#|R|E002230C1AD02A6A|$
[ 68-11-17 ][ 16:28:08 ]Serial Port : COM3
[ 68-11-17 ][ 16:28:08 ]BaudRate : 57600
[ 68-11-17 ][ 16:28:08 ]Port Open
[ 68-11-17 ][ 16:28:43 ]Serial Port : COM3
[ 68-11-17 ][ 16:28:43 ]BaudRate : 57600
[ 68-11-17 ][ 16:28:43 ]Port Open
[ 68-11-17 ][ 16:29:24 ]Serial Port : COM3
[ 68-11-17 ][ 16:29:24 ]BaudRate : 57600
[ 68-11-17 ][ 16:29:24 ]Port Open
[ 68-11-17 ][ 16:31:48 ]R->#|R|E002230C1AD02A6A|$
[ 68-11-17 ][ 16:31:52 ]R->#|R|0|$
[ 68-11-17 ][ 16:31:54 ]R->#|R|E002230C1AD02A6A|$
[ 68-11-17 ][ 16:31:55 ]R->#|R|0|$
[ 68-11-17 ][ 16:32:21 ]R->#|R|E002230C1AD02A6A|$
[ 68-11-17 ][ 16:32:53 ]Serial Port : COM3
[ 68-11-17 ][ 16:32:53 ]BaudRate : 57600
[ 68-11-17 ][ 16:32:53 ]Port Open
[ 68-11-17 ][ 16:33:07 ]R->#|R|E002230C1AD02A6A|$
[ 68-11-17 ][ 16:33:24 ]R->#|R|0|$
[ 68-11-17 ][ 16:33:26 ]R->#|R|E002230C1AD02A6A|$
[ 68-11-17 ][ 16:33:26 ]R->#|R|0|$
[ 68-11-17 ][ 16:33:26 ]R->#|U|2|3|0|$
[ 68-11-17 ][ 16:34:16 ]Serial Port : COM3
[ 68-11-17 ][ 16:34:16 ]BaudRate : 57600
[ 68-11-17 ][ 16:34:16 ]Port Open
[ 68-11-17 ][ 16:34:49 ]R->#|U|2|3|0|$
[ 68-11-17 ][ 16:35:04 ]R->#|U|2|2|0|$
[ 68-11-17 ][ 16:35:07 ]R->#|U|2|2|0|$
[ 68-11-17 ][ 16:37:08 ]Serial Port : COM3
[ 68-11-17 ][ 16:37:08 ]BaudRate : 57600
[ 68-11-17 ][ 16:37:08 ]Port Open
[ 68-11-17 ][ 16:37:12 ]R->#|R|E002230C1AD02A6A|$
[ 68-11-17 ][ 16:37:20 ]Q_Order->1 #|L|6|0|1|||||0|255|0|$
[ 68-11-17 ][ 16:37:21 ]Send->0#|L|6|0|1| ||||0|255|0|$
[ 68-11-17 ][ 16:37:33 ]R->#|R|0|$
[ 68-11-17 ][ 16:37:35 ]R->#|R|E002230C1AD02A6A|$
[ 68-11-17 ][ 16:37:43 ]R->#|U|6|0|1|$
[ 68-11-17 ][ 16:37:54 ]R->#|R|0|$
[ 68-11-17 ][ 16:38:09 ]R->#|R|E002230C1AD02A6A|$
[ 68-11-17 ][ 16:38:09 ]R->#|R|0|$
[ 68-11-17 ][ 16:38:10 ]R->#|R|E002230C1AD02A6A|$
[ 68-11-17 ][ 16:38:12 ]Q_Order->1 #|L|6|0|1|||||0|255|0|$
[ 68-11-17 ][ 16:38:13 ]Send->0#|L|6|0|1| ||||0|255|0|$
[ 68-11-17 ][ 16:38:15 ]Q_SetEEprom->1 #|E|6|6|0|(อ)PARACETAMOL 120 MG/5 ML SYR 60 ML|||S13|$
[ 68-11-17 ][ 16:38:15 ]Q_SetEEprom->2 #|E|6|6|0|(อ)PARACETAMOL 120 MG/5 ML SYR 60 ML|||S13|$
[ 68-11-17 ][ 16:38:15 ]Send->1#|E|6|6|0|(อ)PARACETAMOL 120 MG/5 ML SYR 60 ML|||S13|$
[ 68-11-17 ][ 16:38:16 ]Send->0#|E|6|6|0|(อ)PARACETAMOL 120 MG/5 ML SYR 60 ML|||S13|$
[ 68-11-17 ][ 16:38:32 ]R->#|U|6|0|1|$
[ 68-11-17 ][ 16:38:47 ]Q_Order->1 #|L|6|0|1|||||0|255|0|$
[ 68-11-17 ][ 16:38:47 ]Send->0#|L|6|0|1| ||||0|255|0|$
[ 68-11-17 ][ 16:40:02 ]Serial Port : COM3
[ 68-11-17 ][ 16:40:02 ]BaudRate : 57600
[ 68-11-17 ][ 16:40:02 ]Port Open
[ 68-11-17 ][ 16:40:37 ]Serial Port : COM3
[ 68-11-17 ][ 16:40:37 ]BaudRate : 57600
[ 68-11-17 ][ 16:40:37 ]Port Open
[ 68-11-17 ][ 16:40:38 ]R->#|R|0|$
[ 68-11-17 ][ 16:40:40 ]R->#|R|E002230C1AD02A6A|$
[ 68-11-17 ][ 16:40:41 ]R->#|R|0|$
[ 68-11-17 ][ 16:40:41 ]R->#|R|E002230C1AD02A6A|$
[ 68-11-17 ][ 16:40:46 ]Q_Order->1 #|L|6|0|1|||||0|255|0|$
[ 68-11-17 ][ 16:40:46 ]Send->0#|L|6|0|1| ||||0|255|0|$
[ 68-11-17 ][ 16:40:53 ]R->#|U|6|0|1|$
[ 68-11-17 ][ 16:40:54 ]Q_SetEEprom->1 #|E|6|6|0|(อ)PARACETAMOL 120 MG/5 ML SYR 60 ML|||S13|$
[ 68-11-17 ][ 16:40:54 ]Q_SetEEprom->2 #|E|6|6|0|(อ)PARACETAMOL 120 MG/5 ML SYR 60 ML|||S13|$
[ 68-11-17 ][ 16:40:54 ]Send->1#|E|6|6|0|(อ)PARACETAMOL 120 MG/5 ML SYR 60 ML|||S13|$
[ 68-11-17 ][ 16:40:55 ]Send->0#|E|6|6|0|(อ)PARACETAMOL 120 MG/5 ML SYR 60 ML|||S13|$
[ 68-11-17 ][ 16:41:06 ]R->#|R|0|$
