[ 68-11-20 ][ 09:16:20 ]Serial Port : COM3
[ 68-11-20 ][ 09:16:20 ]BaudRate : 57600
[ 68-11-20 ][ 15:47:28 ]Serial Port : COM3
[ 68-11-20 ][ 15:47:28 ]BaudRate : 57600
[ 68-11-20 ][ 15:48:31 ]Serial Port : COM3
[ 68-11-20 ][ 15:48:31 ]BaudRate : 57600
[ 68-11-20 ][ 16:03:28 ]Serial Port : COM3
[ 68-11-20 ][ 16:03:28 ]BaudRate : 57600
[ 68-11-20 ][ 16:03:28 ]Port Open
[ 68-11-20 ][ 16:03:29 ]R->#|R|0|$
[ 68-11-20 ][ 16:07:25 ]Serial Port : COM3
[ 68-11-20 ][ 16:07:25 ]BaudRate : 57600
[ 68-11-20 ][ 16:07:25 ]Port Open
[ 68-11-20 ][ 16:11:11 ]Serial Port : COM3
[ 68-11-20 ][ 16:11:11 ]BaudRate : 57600
[ 68-11-20 ][ 16:11:11 ]Port Open
[ 68-11-20 ][ 16:11:15 ]Q_Order->1 #|L|0|0|1|P38|test|01-01-1486|988|0|255|0|$
[ 68-11-20 ][ 16:11:15 ]Error ID
[ 68-11-20 ][ 16:11:15 ]Q_Order->1 #|L|0|0|1|P35|test|01-01-1486|995|0|255|0|$
[ 68-11-20 ][ 16:11:15 ]Error ID
[ 68-11-20 ][ 16:11:15 ]Q_Order->1 #|L|0|0|1|P41|test|01-01-1486|994|0|255|0|$
[ 68-11-20 ][ 16:11:15 ]Error ID
[ 68-11-20 ][ 16:11:49 ]Serial Port : COM3
[ 68-11-20 ][ 16:11:49 ]BaudRate : 57600
[ 68-11-20 ][ 16:11:49 ]Port Open
[ 68-11-20 ][ 16:12:15 ]Serial Port : COM3
[ 68-11-20 ][ 16:12:15 ]BaudRate : 57600
[ 68-11-20 ][ 16:12:15 ]Port Open
[ 68-11-20 ][ 16:12:42 ]Q_Order->1 #|L|2|4|1|P38|test|01-01-1486|988|0|255|0|$
[ 68-11-20 ][ 16:12:42 ]Q_Order->2 #|L|2|1|1|P35|test|01-01-1486|995|0|255|0|$
[ 68-11-20 ][ 16:12:42 ]Q_Order->3 #|L|1|1|1|P41|test|01-01-1486|994|0|255|0|$
[ 68-11-20 ][ 16:12:42 ]Send->2#|L|2|4|1| |test|01-01-1486|988|0|255|0|$
[ 68-11-20 ][ 16:12:43 ]Send->1#|L|2|1|1| |test|01-01-1486|995|0|255|0|$
[ 68-11-20 ][ 16:12:44 ]Send->0#|L|1|1|1| |test|01-01-1486|994|0|255|0|$
[ 68-11-20 ][ 16:13:14 ]R->#|U|2|4|1|$
[ 68-11-20 ][ 16:14:36 ]Q_Order->1 #|L|2|4|1|P38|test|01-01-1486|988|0|255|0|$
[ 68-11-20 ][ 16:14:36 ]Q_Order->2 #|L|2|1|1|P35|test|01-01-1486|995|0|255|0|$
[ 68-11-20 ][ 16:14:36 ]Q_Order->3 #|L|1|1|1|P41|test|01-01-1486|994|0|255|0|$
[ 68-11-20 ][ 16:14:36 ]Send->2#|L|2|4|1| |test|01-01-1486|988|0|255|0|$
[ 68-11-20 ][ 16:14:37 ]Send->1#|L|2|1|1| |test|01-01-1486|995|0|255|0|$
[ 68-11-20 ][ 16:14:38 ]Send->0#|L|1|1|1| |test|01-01-1486|994|0|255|0|$
[ 68-11-20 ][ 16:14:44 ]R->#|U|2|4|1|$
[ 68-11-20 ][ 16:16:03 ]Serial Port : COM3
[ 68-11-20 ][ 16:16:03 ]BaudRate : 57600
[ 68-11-20 ][ 16:16:03 ]Port Open
[ 68-11-20 ][ 16:21:00 ]Serial Port : COM3
[ 68-11-20 ][ 16:21:00 ]BaudRate : 57600
[ 68-11-20 ][ 16:21:00 ]Port Open
[ 68-11-20 ][ 16:21:31 ]R->#|U|2|1|1|$
[ 68-11-20 ][ 16:21:56 ]R->#|U|1|1|1|$
[ 68-11-20 ][ 16:23:16 ]Serial Port : COM3
[ 68-11-20 ][ 16:23:16 ]BaudRate : 57600
[ 68-11-20 ][ 16:23:16 ]Port Open
[ 68-11-20 ][ 16:25:06 ]Serial Port : COM3
[ 68-11-20 ][ 16:25:06 ]BaudRate : 57600
[ 68-11-20 ][ 16:25:06 ]Port Open
[ 68-11-20 ][ 16:25:11 ]Q_Order->1 #|L|2|4|1|P38|test|01-01-1486|988|0|255|0|$
[ 68-11-20 ][ 16:25:11 ]Q_Order->2 #|L|2|1|1|P35|test|01-01-1486|995|0|255|0|$
[ 68-11-20 ][ 16:25:11 ]Q_Order->3 #|L|1|1|1|P41|test|01-01-1486|994|0|255|0|$
[ 68-11-20 ][ 16:25:12 ]Send->2#|L|2|4|1| |test|01-01-1486|988|0|255|0|$
[ 68-11-20 ][ 16:25:13 ]Send->1#|L|2|1|1| |test|01-01-1486|995|0|255|0|$
[ 68-11-20 ][ 16:25:13 ]Send->0#|L|1|1|1| |test|01-01-1486|994|0|255|0|$
[ 68-11-20 ][ 16:25:16 ]R->#|U|2|4|1|$
[ 68-11-20 ][ 16:27:57 ]Serial Port : COM3
[ 68-11-20 ][ 16:27:57 ]BaudRate : 57600
[ 68-11-20 ][ 16:27:57 ]Port Open
[ 68-11-20 ][ 16:28:06 ]Q_Order->1 #|L|2|4|1|P38|test|01-01-1486|988|0|255|0|$
[ 68-11-20 ][ 16:28:06 ]Q_Order->2 #|L|2|1|1|P35|test|01-01-1486|995|0|255|0|$
[ 68-11-20 ][ 16:28:06 ]Q_Order->3 #|L|1|1|1|P41|test|01-01-1486|994|0|255|0|$
[ 68-11-20 ][ 16:28:06 ]Send->2#|L|2|4|1| |test|01-01-1486|988|0|255|0|$
[ 68-11-20 ][ 16:28:07 ]Send->1#|L|2|1|1| |test|01-01-1486|995|0|255|0|$
[ 68-11-20 ][ 16:28:07 ]Send->0#|L|1|1|1| |test|01-01-1486|994|0|255|0|$
[ 68-11-20 ][ 16:28:14 ]R->#|U|2|4|1|$
[ 68-11-20 ][ 16:31:09 ]Serial Port : COM3
[ 68-11-20 ][ 16:31:09 ]BaudRate : 57600
[ 68-11-20 ][ 16:31:09 ]Port Open
[ 68-11-20 ][ 16:31:14 ]Q_Order->1 #|L|2|4|1|P38|test|01-01-1486|988|0|255|0|$
[ 68-11-20 ][ 16:31:14 ]Q_Order->2 #|L|2|1|1|P35|test|01-01-1486|995|0|255|0|$
[ 68-11-20 ][ 16:31:14 ]Q_Order->3 #|L|1|1|1|P41|test|01-01-1486|994|0|255|0|$
[ 68-11-20 ][ 16:31:15 ]Send->2#|L|2|4|1| |test|01-01-1486|988|0|255|0|$
[ 68-11-20 ][ 16:31:16 ]Send->1#|L|2|1|1| |test|01-01-1486|995|0|255|0|$
[ 68-11-20 ][ 16:31:16 ]Send->0#|L|1|1|1| |test|01-01-1486|994|0|255|0|$
[ 68-11-20 ][ 16:31:17 ]R->#|U|2|4|1|$
[ 68-11-20 ][ 16:31:21 ]R->#|U|2|1|1|$
[ 68-11-20 ][ 16:31:22 ]R->#|U|1|1|1|$
[ 68-11-20 ][ 16:31:32 ]Q_SetEEprom->1 #|E|2|2|4|AMLODIPINE EXTEMP 1MG/ML 60ML|||P38|$
[ 68-11-20 ][ 16:31:32 ]Q_SetEEprom->2 #|E|2|2|4|AMLODIPINE EXTEMP 1MG/ML 60ML|||P38|$
[ 68-11-20 ][ 16:31:32 ]Send->1#|E|2|2|4|AMLODIPINE EXTEMP 1MG/ML 60ML|||P38|$
[ 68-11-20 ][ 16:31:38 ]Send->0#|E|2|2|4|AMLODIPINE EXTEMP 1MG/ML 60ML|||P38|$
[ 68-11-20 ][ 16:33:09 ]Serial Port : COM3
[ 68-11-20 ][ 16:33:09 ]BaudRate : 57600
[ 68-11-20 ][ 16:33:09 ]Port Open
[ 68-11-20 ][ 16:33:14 ]Q_Order->1 #|L|2|1|1|P35|test|01-01-1486|995|0|255|0|$
[ 68-11-20 ][ 16:33:14 ]Q_Order->2 #|L|1|1|1|P41|test|01-01-1486|994|0|255|0|$
[ 68-11-20 ][ 16:33:15 ]Send->1#|L|2|1|1| |test|01-01-1486|995|0|255|0|$
[ 68-11-20 ][ 16:33:16 ]Send->0#|L|1|1|1| |test|01-01-1486|994|0|255|0|$
[ 68-11-20 ][ 16:33:25 ]R->#|U|2|1|1|$
[ 68-11-20 ][ 16:33:30 ]R->#|U|1|1|1|$
[ 68-11-20 ][ 16:34:24 ]Serial Port : COM3
[ 68-11-20 ][ 16:34:24 ]BaudRate : 57600
[ 68-11-20 ][ 16:34:24 ]Port Open
[ 68-11-20 ][ 16:34:28 ]Q_Order->1 #|L|2|4|1|P38|test|01-01-1486|987|0|255|0|$
[ 68-11-20 ][ 16:34:28 ]Q_Order->2 #|L|2|1|1|P35|test|01-01-1486|995|0|255|0|$
[ 68-11-20 ][ 16:34:28 ]Q_Order->3 #|L|1|1|1|P41|test|01-01-1486|994|0|255|0|$
[ 68-11-20 ][ 16:34:28 ]Send->2#|L|2|4|1| |test|01-01-1486|987|0|255|0|$
[ 68-11-20 ][ 16:34:28 ]Send->1#|L|2|1|1| |test|01-01-1486|995|0|255|0|$
[ 68-11-20 ][ 16:34:29 ]Send->0#|L|1|1|1| |test|01-01-1486|994|0|255|0|$
[ 68-11-20 ][ 16:34:30 ]R->#|U|2|4|1|$
[ 68-11-20 ][ 16:35:03 ]Serial Port : COM3
[ 68-11-20 ][ 16:35:03 ]BaudRate : 57600
[ 68-11-20 ][ 16:35:03 ]Port Open
[ 68-11-20 ][ 16:35:04 ]R->#|U|2|1|1|$
[ 68-11-20 ][ 16:35:04 ]R->#|U|1|1|1|$
[ 68-11-20 ][ 16:35:17 ]Q_SetEEprom->1 #|E|1|1|1|SILDENAFIL EXTEMP 2MG/ML 60ML|||P41|$
[ 68-11-20 ][ 16:35:17 ]Q_SetEEprom->2 #|E|1|1|1|SILDENAFIL EXTEMP 2MG/ML 60ML|||P41|$
[ 68-11-20 ][ 16:35:26 ]Serial Port : COM3
[ 68-11-20 ][ 16:35:26 ]BaudRate : 57600
[ 68-11-20 ][ 16:35:26 ]Port Open
[ 68-11-20 ][ 16:36:25 ]Serial Port : COM3
[ 68-11-20 ][ 16:36:25 ]BaudRate : 57600
[ 68-11-20 ][ 16:36:25 ]Port Open
[ 68-11-20 ][ 16:37:52 ]Serial Port : COM3
[ 68-11-20 ][ 16:37:52 ]BaudRate : 57600
[ 68-11-20 ][ 16:37:52 ]Port Open
[ 68-11-20 ][ 16:37:56 ]Q_Order->1 #|L|2|4|1|P38|test|01-01-1486|987|0|255|0|$
[ 68-11-20 ][ 16:37:56 ]Q_Order->2 #|L|2|1|1|P35|test|01-01-1486|995|0|255|0|$
[ 68-11-20 ][ 16:37:57 ]Send->1#|L|2|4|1| |test|01-01-1486|987|0|255|0|$
[ 68-11-20 ][ 16:37:57 ]Send->0#|L|2|1|1| |test|01-01-1486|995|0|255|0|$
[ 68-11-20 ][ 16:38:15 ]R->#|U|2|4|1|$
[ 68-11-20 ][ 16:38:26 ]Q_SetEEprom->1 #|E|2|2|4|AMLODIPINE EXTEMP 1MG/ML 60ML|||P38|$
[ 68-11-20 ][ 16:38:26 ]Q_SetEEprom->2 #|E|2|2|4|AMLODIPINE EXTEMP 1MG/ML 60ML|||P38|$
[ 68-11-20 ][ 16:38:30 ]Send->1#|E|2|2|4|AMLODIPINE EXTEMP 1MG/ML 60ML|||P38|$
[ 68-11-20 ][ 16:38:38 ]Send->0#|E|2|2|4|AMLODIPINE EXTEMP 1MG/ML 60ML|||P38|$
[ 68-11-20 ][ 16:38:41 ]R->#|U|2|1|1|$
[ 68-11-20 ][ 16:38:44 ]Q_SetEEprom->1 #|E|2|2|1|FUROSEMIDE EXTEMP 2MG/ML 60ML|||P35|$
[ 68-11-20 ][ 16:38:44 ]Q_SetEEprom->2 #|E|2|2|1|FUROSEMIDE EXTEMP 2MG/ML 60ML|||P35|$
[ 68-11-20 ][ 16:38:46 ]Send->1#|E|2|2|1|FUROSEMIDE EXTEMP 2MG/ML 60ML|||P35|$
[ 68-11-20 ][ 16:38:56 ]Send->0#|E|2|2|1|FUROSEMIDE EXTEMP 2MG/ML 60ML|||P35|$
