[ 68-10-06 ][ 13:59:30 ]Serial Port : COM3
[ 68-10-06 ][ 13:59:30 ]BaudRate : 57600
[ 68-10-06 ][ 13:59:31 ]Port Open
[ 68-10-06 ][ 13:59:32 ]R->#|R|0|$
[ 68-10-06 ][ 14:01:22 ]Serial Port : COM3
[ 68-10-06 ][ 14:01:22 ]BaudRate : 57600
[ 68-10-06 ][ 14:01:22 ]Port Open
[ 68-10-06 ][ 14:29:21 ]Serial Port : COM3
[ 68-10-06 ][ 14:29:21 ]BaudRate : 57600
[ 68-10-06 ][ 14:29:21 ]Port Open
[ 68-10-06 ][ 14:54:43 ]Serial Port : COM3
[ 68-10-06 ][ 14:54:43 ]BaudRate : 57600
[ 68-10-06 ][ 14:54:43 ]Port Open
[ 68-10-06 ][ 14:56:22 ]Serial Port : COM3
[ 68-10-06 ][ 14:56:22 ]BaudRate : 57600
[ 68-10-06 ][ 14:56:22 ]Port Open
[ 68-10-06 ][ 14:56:32 ]Q_SetLED->1 #|B|1|2|255|0|0|$
[ 68-10-06 ][ 14:56:33 ]Send->0#|B|1|2|255|0|0|$
[ 68-10-06 ][ 14:58:06 ]Serial Port : COM3
[ 68-10-06 ][ 14:58:06 ]BaudRate : 57600
[ 68-10-06 ][ 14:58:06 ]Port Open
[ 68-10-06 ][ 15:02:44 ]R->#|U|1|2|0|$
[ 68-10-06 ][ 15:02:46 ]Q_SetLED->1 #|B|1|2|0|255|0|$
[ 68-10-06 ][ 15:03:03 ]Send->0#|B|1|2|0|255|0|$
[ 68-10-06 ][ 15:03:03 ]Q_SetLED->1 #|B|1|2|0|255|0|$
[ 68-10-06 ][ 15:08:22 ]Q_SetLED->2 #|B|1|2|0|255|0|$
[ 68-10-06 ][ 15:08:22 ]Q_Order->3 #|L|1|2|1|||||0|255|0|$
[ 68-10-06 ][ 15:08:31 ]Send->2#|B|1|2|0|255|0|$
[ 68-10-06 ][ 15:08:31 ]R->#|U|1|2|0|$
[ 68-10-06 ][ 15:08:31 ]Send->0#|L|1|2|1| ||||0|255|0|$
[ 68-10-06 ][ 15:08:31 ]Send->0#|B|1|2|0|255|0|$
[ 68-10-06 ][ 15:08:31 ]Q_Order->1 #|L|1|2|1|||||0|255|0|$
[ 68-10-06 ][ 15:09:40 ]Send->0#|L|1|2|1| ||||0|255|0|$
[ 68-10-06 ][ 15:41:53 ]Serial Port : COM3
[ 68-10-06 ][ 15:41:53 ]BaudRate : 57600
[ 68-10-06 ][ 15:41:53 ]Port Open
[ 68-10-06 ][ 15:42:03 ]R->#|U|1|2|0|$
[ 68-10-06 ][ 15:42:24 ]R->#|U|1|2|0|$
[ 68-10-06 ][ 15:44:12 ]Serial Port : COM3
[ 68-10-06 ][ 15:44:12 ]BaudRate : 57600
[ 68-10-06 ][ 15:44:12 ]Port Open
[ 68-10-06 ][ 15:44:17 ]R->#|U|1|2|0|$
[ 68-10-06 ][ 15:44:18 ]R->#|U|1|2|0|$
[ 68-10-06 ][ 15:44:23 ]R->#|U|1|2|0|$
[ 68-10-06 ][ 15:44:27 ]R->#|U|1|2|0|$
[ 68-10-06 ][ 15:44:46 ]Q_Order->1 #|L|1|2|1|||||0|255|0|$
[ 68-10-06 ][ 15:45:10 ]Send->0#|L|1|2|1| ||||0|255|0|$
[ 68-10-06 ][ 15:45:16 ]R->#|U|1|2|1|$
[ 68-10-06 ][ 15:45:37 ]Q_Order->1 #|L|1|2|1|||||0|255|0|$
[ 68-10-06 ][ 15:45:38 ]Send->0#|L|1|2|1| ||||0|255|0|$
[ 68-10-06 ][ 15:46:26 ]R->#|U|1|2|1|$
[ 68-10-06 ][ 15:47:19 ]R->#|U|1|3|0|$
[ 68-10-06 ][ 15:47:19 ]R->#|U|1|3|0|$
[ 68-10-06 ][ 15:47:20 ]R->#|U|1|3|0|$
[ 68-10-06 ][ 15:47:20 ]R->#|U|1|3|0|$
[ 68-10-06 ][ 15:47:27 ]R->#|U|1|3|0|$
[ 68-10-06 ][ 15:47:33 ]R->#|U|1|2|0|$
[ 68-10-06 ][ 15:47:39 ]R->#|U|1|3|0|$
[ 68-10-06 ][ 15:51:47 ]Serial Port : COM3
[ 68-10-06 ][ 15:51:47 ]BaudRate : 57600
[ 68-10-06 ][ 15:51:47 ]Port Open
[ 68-10-06 ][ 15:53:49 ]R->#|U|1|2|0|$
[ 68-10-06 ][ 15:54:46 ]Serial Port : COM3
[ 68-10-06 ][ 15:54:46 ]BaudRate : 57600
[ 68-10-06 ][ 15:54:46 ]Port Open
[ 68-10-06 ][ 15:54:50 ]R->#|U|1|2|0|$
[ 68-10-06 ][ 15:54:54 ]Q_Order->1 #|L|1|2|1|||||0|255|0|$
[ 68-10-06 ][ 15:54:54 ]Send->0#|L|1|2|1| ||||0|255|0|$
[ 68-10-06 ][ 15:54:55 ]R->#|U|1|2|1|$
[ 68-10-06 ][ 15:58:18 ]Serial Port : COM3
[ 68-10-06 ][ 15:58:18 ]BaudRate : 57600
[ 68-10-06 ][ 15:58:18 ]Port Open
[ 68-10-06 ][ 15:58:22 ]R->#|U|1|2|0|$
[ 68-10-06 ][ 16:30:59 ]Serial Port : COM3
[ 68-10-06 ][ 16:30:59 ]BaudRate : 57600
[ 68-10-06 ][ 16:30:59 ]Port Open
[ 68-10-06 ][ 16:31:54 ]Q_Order->1 #|L|1|2|1|||||0|255|0|$
[ 68-10-06 ][ 16:31:55 ]Send->0#|L|1|2|1| ||||0|255|0|$
