[ 68-10-09 ][ 14:03:19 ]Serial Port : COM3
[ 68-10-09 ][ 14:03:19 ]BaudRate : 57600
[ 68-10-09 ][ 14:05:33 ]Serial Port : COM3
[ 68-10-09 ][ 14:05:33 ]BaudRate : 57600
[ 68-10-09 ][ 14:05:33 ]Port Open
[ 68-10-09 ][ 14:05:35 ]R->#|R|0|$
[ 68-10-09 ][ 14:14:38 ]Serial Port : COM3
[ 68-10-09 ][ 14:14:38 ]BaudRate : 57600
[ 68-10-09 ][ 14:14:38 ]Port Open
[ 68-10-09 ][ 14:15:12 ]Q_Order->1 #|L|1|2|1|||||0|255|0|$
[ 68-10-09 ][ 14:20:36 ]Serial Port : COM3
[ 68-10-09 ][ 14:20:36 ]BaudRate : 57600
[ 68-10-09 ][ 14:20:36 ]Port Open
[ 68-10-09 ][ 14:21:28 ]Serial Port : COM3
[ 68-10-09 ][ 14:21:28 ]BaudRate : 57600
[ 68-10-09 ][ 14:21:28 ]Port Open
[ 68-10-09 ][ 14:22:57 ]Serial Port : COM3
[ 68-10-09 ][ 14:22:57 ]BaudRate : 57600
[ 68-10-09 ][ 14:22:57 ]Port Open
[ 68-10-09 ][ 14:25:01 ]Q_Order->1 #|L|1|2|1|||||0|255|0|$
[ 68-10-09 ][ 14:25:02 ]Send->0#|L|1|2|1| ||||0|255|0|$
[ 68-10-09 ][ 14:34:02 ]Serial Port : COM3
[ 68-10-09 ][ 14:34:02 ]BaudRate : 57600
[ 68-10-09 ][ 14:34:02 ]Port Open
[ 68-10-09 ][ 14:35:01 ]Serial Port : COM3
[ 68-10-09 ][ 14:35:01 ]BaudRate : 57600
[ 68-10-09 ][ 14:35:01 ]Port Open
[ 68-10-09 ][ 14:36:52 ]Serial Port : COM3
[ 68-10-09 ][ 14:36:52 ]BaudRate : 57600
[ 68-10-09 ][ 14:36:52 ]Port Open
[ 68-10-09 ][ 14:36:56 ]Q_Order->1 #|L|1|2|1|||||0|255|0|$
[ 68-10-09 ][ 14:36:56 ]Send->0#|L|1|2|1| ||||0|255|0|$
[ 68-10-09 ][ 14:37:05 ]R->#|U|1|2|1|$
[ 68-10-09 ][ 14:37:26 ]Serial Port : COM3
[ 68-10-09 ][ 14:37:26 ]BaudRate : 57600
[ 68-10-09 ][ 14:37:26 ]Port Open
[ 68-10-09 ][ 14:37:38 ]Q_Order->1 #|L|1|2|1|||||0|255|0|$
[ 68-10-09 ][ 14:37:38 ]Send->0#|L|1|2|1| ||||0|255|0|$
[ 68-10-09 ][ 14:37:50 ]R->#|U|1|2|1|$
[ 68-10-09 ][ 14:38:22 ]Serial Port : COM3
[ 68-10-09 ][ 14:38:22 ]BaudRate : 57600
[ 68-10-09 ][ 14:38:22 ]Port Open
[ 68-10-09 ][ 14:38:26 ]Q_Order->1 #|L|1|2|1|||||0|255|0|$
[ 68-10-09 ][ 14:38:27 ]Send->0#|L|1|2|1| ||||0|255|0|$
[ 68-10-09 ][ 14:38:28 ]R->#|U|1|2|1|$
[ 68-10-09 ][ 14:48:29 ]Serial Port : COM3
[ 68-10-09 ][ 14:48:29 ]BaudRate : 57600
[ 68-10-09 ][ 14:48:29 ]Port Open
[ 68-10-09 ][ 14:48:49 ]Q_Order->1 #|L|1|2|1|||||0|255|0|$
[ 68-10-09 ][ 14:48:50 ]Send->0#|L|1|2|1| ||||0|255|0|$
[ 68-10-09 ][ 14:48:52 ]R->#|U|1|2|1|$
[ 68-10-09 ][ 14:50:05 ]Serial Port : COM3
[ 68-10-09 ][ 14:50:05 ]BaudRate : 57600
[ 68-10-09 ][ 14:50:05 ]Port Open
[ 68-10-09 ][ 14:50:09 ]Q_Order->1 #|L|1|2|1|||||0|255|0|$
[ 68-10-09 ][ 14:50:09 ]Q_Order->2 #|L|1|4|4|||||0|255|0|$
[ 68-10-09 ][ 14:50:09 ]Send->1#|L|1|2|1| ||||0|255|0|$
[ 68-10-09 ][ 14:50:10 ]Send->0#|L|1|4|4| ||||0|255|0|$
[ 68-10-09 ][ 14:50:14 ]R->#|U|1|2|1|$
[ 68-10-09 ][ 14:51:05 ]R->#|U|1|4|4|$
[ 68-10-09 ][ 15:02:45 ]Q_Order->1 #|L|1|2|1|||||0|255|0|$
[ 68-10-09 ][ 15:02:45 ]Q_Order->2 #|L|1|4|4|||||0|255|0|$
[ 68-10-09 ][ 15:02:45 ]Send->1#|L|1|2|1| ||||0|255|0|$
[ 68-10-09 ][ 15:02:46 ]Send->0#|L|1|4|4| ||||0|255|0|$
[ 68-10-09 ][ 15:03:13 ]R->#|U|1|2|1|$
[ 68-10-09 ][ 15:03:21 ]Serial Port : COM3
[ 68-10-09 ][ 15:03:21 ]BaudRate : 57600
[ 68-10-09 ][ 15:03:21 ]Port Open
[ 68-10-09 ][ 15:03:26 ]Q_Order->1 #|L|1|2|1|||||0|255|0|$
[ 68-10-09 ][ 15:03:26 ]Send->0#|L|1|2|1| ||||0|255|0|$
[ 68-10-09 ][ 15:03:27 ]R->#|U|1|4|4|$
[ 68-10-09 ][ 15:04:31 ]R->#|U|1|2|1|$
[ 68-10-09 ][ 15:05:45 ]Q_Order->1 #|L|1|2|1|||||0|255|0|$
[ 68-10-09 ][ 15:05:45 ]Send->0#|L|1|2|1| ||||0|255|0|$
[ 68-10-09 ][ 15:05:47 ]R->#|U|1|2|1|$
[ 68-10-09 ][ 15:07:04 ]Serial Port : COM3
[ 68-10-09 ][ 15:07:04 ]BaudRate : 57600
[ 68-10-09 ][ 15:07:04 ]Port Open
[ 68-10-09 ][ 15:07:32 ]Q_Order->1 #|L|1|2|1|||||0|255|0|$
[ 68-10-09 ][ 15:07:32 ]Q_Order->2 #|L|1|4|4|||||0|255|0|$
[ 68-10-09 ][ 15:07:32 ]Send->1#|L|1|2|1| ||||0|255|0|$
[ 68-10-09 ][ 15:07:33 ]Send->0#|L|1|4|4| ||||0|255|0|$
[ 68-10-09 ][ 15:07:41 ]Q_Order->1 #|L|1|2|1|||||0|255|0|$
[ 68-10-09 ][ 15:07:41 ]Q_Order->2 #|L|1|4|4|||||0|255|0|$
[ 68-10-09 ][ 15:07:41 ]Send->1#|L|1|2|1| ||||0|255|0|$
[ 68-10-09 ][ 15:07:41 ]R->#|U|1|4|4|$
[ 68-10-09 ][ 15:07:41 ]Send->0#|L|1|4|4| ||||0|255|0|$
[ 68-10-09 ][ 15:09:17 ]Serial Port : COM3
[ 68-10-09 ][ 15:09:17 ]BaudRate : 57600
[ 68-10-09 ][ 15:09:17 ]Port Open
[ 68-10-09 ][ 15:09:26 ]Q_Order->1 #|L|1|2|1|||||0|255|0|$
[ 68-10-09 ][ 15:09:26 ]Q_Order->2 #|L|1|4|4|||||0|255|0|$
[ 68-10-09 ][ 15:09:27 ]Send->1#|L|1|2|1| ||||0|255|0|$
[ 68-10-09 ][ 15:09:28 ]Send->0#|L|1|4|4| ||||0|255|0|$
[ 68-10-09 ][ 15:14:40 ]Serial Port : COM3
[ 68-10-09 ][ 15:14:40 ]BaudRate : 57600
[ 68-10-09 ][ 15:14:40 ]Port Open
[ 68-10-09 ][ 15:16:56 ]Serial Port : COM3
[ 68-10-09 ][ 15:16:56 ]BaudRate : 57600
[ 68-10-09 ][ 15:16:56 ]Port Open
[ 68-10-09 ][ 15:16:59 ]Q_Order->1 #|L|1|2|1|||||0|255|0|$
[ 68-10-09 ][ 15:16:59 ]Q_Order->2 #|L|1|4|4|||||0|255|0|$
[ 68-10-09 ][ 15:17:00 ]Send->1#|L|1|2|1| ||||0|255|0|$
[ 68-10-09 ][ 15:17:00 ]Send->0#|L|1|4|4| ||||0|255|0|$
[ 68-10-09 ][ 15:17:03 ]R->#|U|1|2|1|$
[ 68-10-09 ][ 15:17:18 ]R->#|U|1|4|4|$
[ 68-10-09 ][ 15:17:57 ]Q_Order->1 #|L|1|2|1|||||0|255|0|$
[ 68-10-09 ][ 15:17:57 ]Q_Order->2 #|L|1|4|4|||||0|255|0|$
[ 68-10-09 ][ 15:17:58 ]Send->1#|L|1|2|1| ||||0|255|0|$
[ 68-10-09 ][ 15:17:58 ]Send->0#|L|1|4|4| ||||0|255|0|$
[ 68-10-09 ][ 15:18:01 ]R->#|U|1|2|1|$
[ 68-10-09 ][ 15:18:03 ]R->#|U|1|4|4|$
[ 68-10-09 ][ 15:18:50 ]Serial Port : COM3
[ 68-10-09 ][ 15:18:50 ]BaudRate : 57600
[ 68-10-09 ][ 15:18:50 ]Port Open
[ 68-10-09 ][ 15:18:55 ]Q_Order->1 #|L|1|2|1|||||0|255|0|$
[ 68-10-09 ][ 15:18:55 ]Q_Order->2 #|L|1|4|4|||||0|255|0|$
[ 68-10-09 ][ 15:18:55 ]Send->1#|L|1|2|1| ||||0|255|0|$
[ 68-10-09 ][ 15:18:56 ]Send->0#|L|1|4|4| ||||0|255|0|$
[ 68-10-09 ][ 15:18:58 ]R->#|U|1|4|4|$
[ 68-10-09 ][ 15:19:46 ]Serial Port : COM3
[ 68-10-09 ][ 15:19:46 ]BaudRate : 57600
[ 68-10-09 ][ 15:19:46 ]Port Open
[ 68-10-09 ][ 15:19:51 ]Q_Order->1 #|L|1|2|1|||||0|255|0|$
[ 68-10-09 ][ 15:19:51 ]Q_Order->2 #|L|1|4|4|||||0|255|0|$
[ 68-10-09 ][ 15:19:52 ]Send->1#|L|1|2|1| ||||0|255|0|$
[ 68-10-09 ][ 15:19:53 ]Send->0#|L|1|4|4| ||||0|255|0|$
[ 68-10-09 ][ 15:19:54 ]R->#|U|1|2|1|$
[ 68-10-09 ][ 15:20:42 ]R->#|U|1|4|4|$
[ 68-10-09 ][ 15:21:38 ]Q_Order->1 #|L|1|2|1|||||0|255|0|$
[ 68-10-09 ][ 15:21:38 ]Q_Order->2 #|L|1|4|4|||||0|255|0|$
[ 68-10-09 ][ 15:21:38 ]Send->1#|L|1|2|1| ||||0|255|0|$
[ 68-10-09 ][ 15:21:38 ]Send->0#|L|1|4|4| ||||0|255|0|$
[ 68-10-09 ][ 15:21:40 ]R->#|U|1|2|1|$
[ 68-10-09 ][ 15:21:41 ]R->#|U|1|4|4|$
[ 68-10-09 ][ 15:22:22 ]Serial Port : COM3
[ 68-10-09 ][ 15:22:22 ]BaudRate : 57600
[ 68-10-09 ][ 15:22:22 ]Port Open
[ 68-10-09 ][ 15:22:26 ]Q_Order->1 #|L|1|2|1|||||0|255|0|$
[ 68-10-09 ][ 15:22:26 ]Q_Order->2 #|L|1|4|4|||||0|255|0|$
[ 68-10-09 ][ 15:22:26 ]Send->1#|L|1|2|1| ||||0|255|0|$
[ 68-10-09 ][ 15:22:27 ]Send->0#|L|1|4|4| ||||0|255|0|$
[ 68-10-09 ][ 15:22:30 ]R->#|U|1|2|1|$
[ 68-10-09 ][ 15:23:06 ]R->#|U|1|4|4|$
[ 68-10-09 ][ 15:23:35 ]Q_Order->1 #|L|1|2|1|||||0|255|0|$
[ 68-10-09 ][ 15:23:35 ]Q_Order->2 #|L|1|4|4|||||0|255|0|$
[ 68-10-09 ][ 15:23:35 ]Send->1#|L|1|2|1| ||||0|255|0|$
[ 68-10-09 ][ 15:23:36 ]Send->0#|L|1|4|4| ||||0|255|0|$
[ 68-10-09 ][ 15:25:17 ]Serial Port : COM3
[ 68-10-09 ][ 15:25:17 ]BaudRate : 57600
[ 68-10-09 ][ 15:25:17 ]Port Open
[ 68-10-09 ][ 15:26:07 ]Serial Port : COM3
[ 68-10-09 ][ 15:26:07 ]BaudRate : 57600
[ 68-10-09 ][ 15:26:07 ]Port Open
[ 68-10-09 ][ 15:26:14 ]Q_Order->1 #|L|1|2|1|||||0|255|0|$
[ 68-10-09 ][ 15:26:14 ]Q_Order->2 #|L|1|4|4|||||0|255|0|$
[ 68-10-09 ][ 15:26:14 ]Send->1#|L|1|2|1| ||||0|255|0|$
[ 68-10-09 ][ 15:26:15 ]Send->0#|L|1|4|4| ||||0|255|0|$
[ 68-10-09 ][ 15:26:18 ]R->#|U|1|2|1|$
[ 68-10-09 ][ 15:27:27 ]Serial Port : COM3
[ 68-10-09 ][ 15:27:27 ]BaudRate : 57600
[ 68-10-09 ][ 15:27:27 ]Port Open
[ 68-10-09 ][ 15:27:27 ]R->#|U|1|4|4|$
[ 68-10-09 ][ 15:27:31 ]Q_Order->1 #|L|1|2|1|||||0|255|0|$
[ 68-10-09 ][ 15:27:31 ]Q_Order->2 #|L|1|4|4|||||0|255|0|$
[ 68-10-09 ][ 15:27:31 ]Send->1#|L|1|2|1| ||||0|255|0|$
[ 68-10-09 ][ 15:27:32 ]Send->0#|L|1|4|4| ||||0|255|0|$
[ 68-10-09 ][ 15:27:43 ]R->#|U|1|4|4|$
[ 68-10-09 ][ 15:27:54 ]Serial Port : COM3
[ 68-10-09 ][ 15:27:54 ]BaudRate : 57600
[ 68-10-09 ][ 15:27:54 ]Port Open
[ 68-10-09 ][ 15:27:54 ]R->#|U|1|2|1|$
[ 68-10-09 ][ 15:28:02 ]Serial Port : COM3
[ 68-10-09 ][ 15:28:02 ]BaudRate : 57600
[ 68-10-09 ][ 15:28:02 ]Port Open
[ 68-10-09 ][ 15:28:06 ]R->#|U|1|2|0|$
[ 68-10-09 ][ 15:28:07 ]R->#|U|1|2|0|$
[ 68-10-09 ][ 15:28:08 ]R->#|U|1|2|0|$
[ 68-10-09 ][ 15:28:08 ]R->#|U|1|2|0|$
[ 68-10-09 ][ 15:28:08 ]R->#|U|1|2|0|$
[ 68-10-09 ][ 15:28:09 ]R->#|U|1|2|0|$
[ 68-10-09 ][ 15:28:09 ]R->#|U|1|2|0|$
[ 68-10-09 ][ 15:28:09 ]R->#|U|1|2|0|$
[ 68-10-09 ][ 15:28:09 ]R->#|U|1|2|0|$
[ 68-10-09 ][ 15:28:10 ]R->#|U|1|2|0|$
[ 68-10-09 ][ 15:28:12 ]Q_Order->1 #|L|1|2|1|||||0|255|0|$
[ 68-10-09 ][ 15:28:12 ]Q_Order->2 #|L|1|4|4|||||0|255|0|$
[ 68-10-09 ][ 15:28:12 ]Send->1#|L|1|2|1| ||||0|255|0|$
[ 68-10-09 ][ 15:28:13 ]Send->0#|L|1|4|4| ||||0|255|0|$
[ 68-10-09 ][ 15:28:16 ]R->#|U|1|2|1|$
[ 68-10-09 ][ 15:28:23 ]R->#|U|1|4|4|$
[ 68-10-09 ][ 15:30:19 ]Serial Port : COM3
[ 68-10-09 ][ 15:30:19 ]BaudRate : 57600
[ 68-10-09 ][ 15:30:19 ]Port Open
[ 68-10-09 ][ 15:30:24 ]Q_Order->1 #|L|1|2|1|||||0|255|0|$
[ 68-10-09 ][ 15:30:24 ]Q_Order->2 #|L|1|4|4|||||0|255|0|$
[ 68-10-09 ][ 15:30:24 ]Send->1#|L|1|2|1| ||||0|255|0|$
[ 68-10-09 ][ 15:30:25 ]Send->0#|L|1|4|4| ||||0|255|0|$
[ 68-10-09 ][ 15:30:28 ]R->#|U|1|2|1|$
[ 68-10-09 ][ 15:30:30 ]R->#|U|1|4|4|$
[ 68-10-09 ][ 15:33:23 ]Serial Port : COM3
[ 68-10-09 ][ 15:33:23 ]BaudRate : 57600
[ 68-10-09 ][ 15:33:23 ]Port Open
[ 68-10-09 ][ 15:33:59 ]Q_SetLED->1 #|B|1|0|0|128|255|$
[ 68-10-09 ][ 15:33:59 ]Q_SetLED->2 #|B|1|1|0|128|255|$
[ 68-10-09 ][ 15:33:59 ]Q_SetLED->3 #|B|1|2|0|128|255|$
[ 68-10-09 ][ 15:33:59 ]Q_SetLED->4 #|B|1|3|0|128|255|$
[ 68-10-09 ][ 15:33:59 ]Q_SetLED->5 #|B|1|4|0|128|255|$
[ 68-10-09 ][ 15:33:59 ]Q_SetLED->6 #|B|1|5|0|128|255|$
[ 68-10-09 ][ 15:33:59 ]Send->5#|B|1|0|0|128|255|$
[ 68-10-09 ][ 15:34:00 ]Send->4#|B|1|1|0|128|255|$
[ 68-10-09 ][ 15:34:01 ]Send->3#|B|1|2|0|128|255|$
[ 68-10-09 ][ 15:34:02 ]Send->2#|B|1|3|0|128|255|$
[ 68-10-09 ][ 15:34:02 ]Send->1#|B|1|4|0|128|255|$
[ 68-10-09 ][ 15:34:03 ]Send->0#|B|1|5|0|128|255|$
[ 68-10-09 ][ 15:34:21 ]R->#|U|1|5|0|$
[ 68-10-09 ][ 15:34:22 ]R->#|U|1|4|0|$
[ 68-10-09 ][ 15:34:23 ]R->#|U|1|3|0|$
[ 68-10-09 ][ 15:34:24 ]R->#|U|1|2|0|$
[ 68-10-09 ][ 15:34:25 ]R->#|U|1|1|0|$
[ 68-10-09 ][ 15:34:28 ]Q_Order->1 #|L|1|2|1|||||0|255|0|$
[ 68-10-09 ][ 15:34:28 ]Q_Order->2 #|L|1|4|4|||||0|255|0|$
[ 68-10-09 ][ 15:34:28 ]Send->1#|L|1|2|1| ||||0|255|0|$
[ 68-10-09 ][ 15:34:29 ]Send->0#|L|1|4|4| ||||0|255|0|$
[ 68-10-09 ][ 15:34:39 ]R->#|U|1|4|4|$
[ 68-10-09 ][ 15:34:47 ]R->#|U|1|2|1|$
[ 68-10-09 ][ 15:38:13 ]Serial Port : COM3
[ 68-10-09 ][ 15:38:13 ]BaudRate : 57600
[ 68-10-09 ][ 15:38:13 ]Port Open
[ 68-10-09 ][ 15:53:01 ]Q_Order->1 #|L|1|2|1|||||0|255|0|$
[ 68-10-09 ][ 15:53:01 ]Send->0#|L|1|2|1| ||||0|255|0|$
[ 68-10-09 ][ 15:53:11 ]Serial Port : COM3
[ 68-10-09 ][ 15:53:11 ]BaudRate : 57600
[ 68-10-09 ][ 15:53:11 ]Port Open
[ 68-10-09 ][ 15:54:01 ]Serial Port : COM3
[ 68-10-09 ][ 15:54:01 ]BaudRate : 57600
[ 68-10-09 ][ 15:54:01 ]Port Open
[ 68-10-09 ][ 15:57:51 ]Serial Port : COM3
[ 68-10-09 ][ 15:57:51 ]BaudRate : 57600
[ 68-10-09 ][ 15:57:51 ]Port Open
[ 68-10-09 ][ 15:58:47 ]Serial Port : COM3
[ 68-10-09 ][ 15:58:47 ]BaudRate : 57600
[ 68-10-09 ][ 15:58:47 ]Port Open
[ 68-10-09 ][ 16:01:39 ]Serial Port : COM3
[ 68-10-09 ][ 16:01:39 ]BaudRate : 57600
[ 68-10-09 ][ 16:01:39 ]Port Open
[ 68-10-09 ][ 16:01:52 ]Q_Order->1 #|L|1|2|1|||||0|255|0|$
[ 68-10-09 ][ 16:01:52 ]Send->0#|L|1|2|1| ||||0|255|0|$
[ 68-10-09 ][ 16:02:06 ]R->#|U|1|2|1|$
[ 68-10-09 ][ 16:05:40 ]Serial Port : COM3
[ 68-10-09 ][ 16:05:40 ]BaudRate : 57600
[ 68-10-09 ][ 16:05:40 ]Port Open
[ 68-10-09 ][ 16:05:46 ]Q_Order->1 #|L|1|2|1|||||0|255|0|$
[ 68-10-09 ][ 16:05:46 ]Send->0#|L|1|2|1| ||||0|255|0|$
[ 68-10-09 ][ 16:05:50 ]R->#|U|1|2|1|$
